<?xml version="1.0" encoding="UTF-8"?>
<testsuites>
  <testsuite name="/app/phpunit-ci.xml" tests="811" assertions="16240" errors="0" failures="0" skipped="0" time="272.390622">
    <testsuite name="Unit" tests="249" assertions="414" errors="0" failures="0" skipped="0" time="14.895338">
      <testsuite name="Tests\Unit\Playground\Matrix\Api\Http\Requests\Backlog\CreateRequestTest" file="/app/tests/Unit/Http/Requests/Backlog/CreateRequestTest.php" tests="1" assertions="1" errors="0" failures="0" skipped="0" time="0.380246">
        <testcase name="test_request_instance" file="/app/vendor/gammamatrix/playground-test/src/Unit/Http/Requests/RequestCase.php" line="41" class="Tests\Unit\Playground\Matrix\Api\Http\Requests\Backlog\CreateRequestTest" classname="Tests.Unit.Playground.Matrix.Api.Http.Requests.Backlog.CreateRequestTest" assertions="1" time="0.380246"/>
      </testsuite>
      <testsuite name="Tests\Unit\Playground\Matrix\Api\Http\Requests\Backlog\DestroyRequestTest" file="/app/tests/Unit/Http/Requests/Backlog/DestroyRequestTest.php" tests="1" assertions="1" errors="0" failures="0" skipped="0" time="0.051154">
        <testcase name="test_request_instance" file="/app/vendor/gammamatrix/playground-test/src/Unit/Http/Requests/RequestCase.php" line="41" class="Tests\Unit\Playground\Matrix\Api\Http\Requests\Backlog\DestroyRequestTest" classname="Tests.Unit.Playground.Matrix.Api.Http.Requests.Backlog.DestroyRequestTest" assertions="1" time="0.051154"/>
      </testsuite>
      <testsuite name="Tests\Unit\Playground\Matrix\Api\Http\Requests\Backlog\EditRequestTest" file="/app/tests/Unit/Http/Requests/Backlog/EditRequestTest.php" tests="1" assertions="1" errors="0" failures="0" skipped="0" time="0.068176">
        <testcase name="test_request_instance" file="/app/vendor/gammamatrix/playground-test/src/Unit/Http/Requests/RequestCase.php" line="41" class="Tests\Unit\Playground\Matrix\Api\Http\Requests\Backlog\EditRequestTest" classname="Tests.Unit.Playground.Matrix.Api.Http.Requests.Backlog.EditRequestTest" assertions="1" time="0.068176"/>
      </testsuite>
      <testsuite name="Tests\Unit\Playground\Matrix\Api\Http\Requests\Backlog\IndexRequestTest" file="/app/tests/Unit/Http/Requests/Backlog/IndexRequestTest.php" tests="1" assertions="1" errors="0" failures="0" skipped="0" time="0.120736">
        <testcase name="test_request_instance" file="/app/vendor/gammamatrix/playground-test/src/Unit/Http/Requests/RequestCase.php" line="41" class="Tests\Unit\Playground\Matrix\Api\Http\Requests\Backlog\IndexRequestTest" classname="Tests.Unit.Playground.Matrix.Api.Http.Requests.Backlog.IndexRequestTest" assertions="1" time="0.120736"/>
      </testsuite>
      <testsuite name="Tests\Unit\Playground\Matrix\Api\Http\Requests\Backlog\LockRequestTest" file="/app/tests/Unit/Http/Requests/Backlog/LockRequestTest.php" tests="1" assertions="1" errors="0" failures="0" skipped="0" time="0.050550">
        <testcase name="test_request_instance" file="/app/vendor/gammamatrix/playground-test/src/Unit/Http/Requests/RequestCase.php" line="41" class="Tests\Unit\Playground\Matrix\Api\Http\Requests\Backlog\LockRequestTest" classname="Tests.Unit.Playground.Matrix.Api.Http.Requests.Backlog.LockRequestTest" assertions="1" time="0.050550"/>
      </testsuite>
      <testsuite name="Tests\Unit\Playground\Matrix\Api\Http\Requests\Backlog\RestoreRequestTest" file="/app/tests/Unit/Http/Requests/Backlog/RestoreRequestTest.php" tests="1" assertions="1" errors="0" failures="0" skipped="0" time="0.048200">
        <testcase name="test_request_instance" file="/app/vendor/gammamatrix/playground-test/src/Unit/Http/Requests/RequestCase.php" line="41" class="Tests\Unit\Playground\Matrix\Api\Http\Requests\Backlog\RestoreRequestTest" classname="Tests.Unit.Playground.Matrix.Api.Http.Requests.Backlog.RestoreRequestTest" assertions="1" time="0.048200"/>
      </testsuite>
      <testsuite name="Tests\Unit\Playground\Matrix\Api\Http\Requests\Backlog\ShowRequestTest" file="/app/tests/Unit/Http/Requests/Backlog/ShowRequestTest.php" tests="1" assertions="1" errors="0" failures="0" skipped="0" time="0.048029">
        <testcase name="test_request_instance" file="/app/vendor/gammamatrix/playground-test/src/Unit/Http/Requests/RequestCase.php" line="41" class="Tests\Unit\Playground\Matrix\Api\Http\Requests\Backlog\ShowRequestTest" classname="Tests.Unit.Playground.Matrix.Api.Http.Requests.Backlog.ShowRequestTest" assertions="1" time="0.048029"/>
      </testsuite>
      <testsuite name="Tests\Unit\Playground\Matrix\Api\Http\Requests\Backlog\StoreRequestTest" file="/app/tests/Unit/Http/Requests/Backlog/StoreRequestTest.php" tests="3" assertions="8" errors="0" failures="0" skipped="0" time="0.170528">
        <testcase name="test_request_instance" file="/app/vendor/gammamatrix/playground-test/src/Unit/Http/Requests/RequestCase.php" line="41" class="Tests\Unit\Playground\Matrix\Api\Http\Requests\Backlog\StoreRequestTest" classname="Tests.Unit.Playground.Matrix.Api.Http.Requests.Backlog.StoreRequestTest" assertions="1" time="0.074495"/>
        <testcase name="test_StoreRequest_rules_with_optional_revisions_disabled" file="/app/tests/Unit/Http/Requests/Backlog/StoreRequestTest.php" line="19" class="Tests\Unit\Playground\Matrix\Api\Http\Requests\Backlog\StoreRequestTest" classname="Tests.Unit.Playground.Matrix.Api.Http.Requests.Backlog.StoreRequestTest" assertions="3" time="0.049018"/>
        <testcase name="test_StoreRequest_rules_with_optional_revisions_enabled" file="/app/tests/Unit/Http/Requests/Backlog/StoreRequestTest.php" line="29" class="Tests\Unit\Playground\Matrix\Api\Http\Requests\Backlog\StoreRequestTest" classname="Tests.Unit.Playground.Matrix.Api.Http.Requests.Backlog.StoreRequestTest" assertions="4" time="0.047015"/>
      </testsuite>
      <testsuite name="Tests\Unit\Playground\Matrix\Api\Http\Requests\Backlog\UnlockRequestTest" file="/app/tests/Unit/Http/Requests/Backlog/UnlockRequestTest.php" tests="1" assertions="1" errors="0" failures="0" skipped="0" time="0.048876">
        <testcase name="test_request_instance" file="/app/vendor/gammamatrix/playground-test/src/Unit/Http/Requests/RequestCase.php" line="41" class="Tests\Unit\Playground\Matrix\Api\Http\Requests\Backlog\UnlockRequestTest" classname="Tests.Unit.Playground.Matrix.Api.Http.Requests.Backlog.UnlockRequestTest" assertions="1" time="0.048876"/>
      </testsuite>
      <testsuite name="Tests\Unit\Playground\Matrix\Api\Http\Requests\Backlog\UpdateRequestTest" file="/app/tests/Unit/Http/Requests/Backlog/UpdateRequestTest.php" tests="3" assertions="8" errors="0" failures="0" skipped="0" time="0.164155">
        <testcase name="test_request_instance" file="/app/vendor/gammamatrix/playground-test/src/Unit/Http/Requests/RequestCase.php" line="41" class="Tests\Unit\Playground\Matrix\Api\Http\Requests\Backlog\UpdateRequestTest" classname="Tests.Unit.Playground.Matrix.Api.Http.Requests.Backlog.UpdateRequestTest" assertions="1" time="0.069740"/>
        <testcase name="test_UpdateRequest_rules_with_optional_revisions_disabled" file="/app/tests/Unit/Http/Requests/Backlog/UpdateRequestTest.php" line="19" class="Tests\Unit\Playground\Matrix\Api\Http\Requests\Backlog\UpdateRequestTest" classname="Tests.Unit.Playground.Matrix.Api.Http.Requests.Backlog.UpdateRequestTest" assertions="3" time="0.046762"/>
        <testcase name="test_UpdateRequest_rules_with_optional_revisions_enabled" file="/app/tests/Unit/Http/Requests/Backlog/UpdateRequestTest.php" line="29" class="Tests\Unit\Playground\Matrix\Api\Http\Requests\Backlog\UpdateRequestTest" classname="Tests.Unit.Playground.Matrix.Api.Http.Requests.Backlog.UpdateRequestTest" assertions="4" time="0.047653"/>
      </testsuite>
      <testsuite name="Tests\Unit\Playground\Matrix\Api\Http\Requests\Board\CreateRequestTest" file="/app/tests/Unit/Http/Requests/Board/CreateRequestTest.php" tests="1" assertions="1" errors="0" failures="0" skipped="0" time="0.071451">
        <testcase name="test_request_instance" file="/app/vendor/gammamatrix/playground-test/src/Unit/Http/Requests/RequestCase.php" line="41" class="Tests\Unit\Playground\Matrix\Api\Http\Requests\Board\CreateRequestTest" classname="Tests.Unit.Playground.Matrix.Api.Http.Requests.Board.CreateRequestTest" assertions="1" time="0.071451"/>
      </testsuite>
      <testsuite name="Tests\Unit\Playground\Matrix\Api\Http\Requests\Board\DestroyRequestTest" file="/app/tests/Unit/Http/Requests/Board/DestroyRequestTest.php" tests="1" assertions="1" errors="0" failures="0" skipped="0" time="0.051700">
        <testcase name="test_request_instance" file="/app/vendor/gammamatrix/playground-test/src/Unit/Http/Requests/RequestCase.php" line="41" class="Tests\Unit\Playground\Matrix\Api\Http\Requests\Board\DestroyRequestTest" classname="Tests.Unit.Playground.Matrix.Api.Http.Requests.Board.DestroyRequestTest" assertions="1" time="0.051700"/>
      </testsuite>
      <testsuite name="Tests\Unit\Playground\Matrix\Api\Http\Requests\Board\EditRequestTest" file="/app/tests/Unit/Http/Requests/Board/EditRequestTest.php" tests="1" assertions="1" errors="0" failures="0" skipped="0" time="0.067386">
        <testcase name="test_request_instance" file="/app/vendor/gammamatrix/playground-test/src/Unit/Http/Requests/RequestCase.php" line="41" class="Tests\Unit\Playground\Matrix\Api\Http\Requests\Board\EditRequestTest" classname="Tests.Unit.Playground.Matrix.Api.Http.Requests.Board.EditRequestTest" assertions="1" time="0.067386"/>
      </testsuite>
      <testsuite name="Tests\Unit\Playground\Matrix\Api\Http\Requests\Board\IndexRequestTest" file="/app/tests/Unit/Http/Requests/Board/IndexRequestTest.php" tests="1" assertions="1" errors="0" failures="0" skipped="0" time="0.116043">
        <testcase name="test_request_instance" file="/app/vendor/gammamatrix/playground-test/src/Unit/Http/Requests/RequestCase.php" line="41" class="Tests\Unit\Playground\Matrix\Api\Http\Requests\Board\IndexRequestTest" classname="Tests.Unit.Playground.Matrix.Api.Http.Requests.Board.IndexRequestTest" assertions="1" time="0.116043"/>
      </testsuite>
      <testsuite name="Tests\Unit\Playground\Matrix\Api\Http\Requests\Board\LockRequestTest" file="/app/tests/Unit/Http/Requests/Board/LockRequestTest.php" tests="1" assertions="1" errors="0" failures="0" skipped="0" time="0.050224">
        <testcase name="test_request_instance" file="/app/vendor/gammamatrix/playground-test/src/Unit/Http/Requests/RequestCase.php" line="41" class="Tests\Unit\Playground\Matrix\Api\Http\Requests\Board\LockRequestTest" classname="Tests.Unit.Playground.Matrix.Api.Http.Requests.Board.LockRequestTest" assertions="1" time="0.050224"/>
      </testsuite>
      <testsuite name="Tests\Unit\Playground\Matrix\Api\Http\Requests\Board\RestoreRequestTest" file="/app/tests/Unit/Http/Requests/Board/RestoreRequestTest.php" tests="1" assertions="1" errors="0" failures="0" skipped="0" time="0.049495">
        <testcase name="test_request_instance" file="/app/vendor/gammamatrix/playground-test/src/Unit/Http/Requests/RequestCase.php" line="41" class="Tests\Unit\Playground\Matrix\Api\Http\Requests\Board\RestoreRequestTest" classname="Tests.Unit.Playground.Matrix.Api.Http.Requests.Board.RestoreRequestTest" assertions="1" time="0.049495"/>
      </testsuite>
      <testsuite name="Tests\Unit\Playground\Matrix\Api\Http\Requests\Board\ShowRequestTest" file="/app/tests/Unit/Http/Requests/Board/ShowRequestTest.php" tests="1" assertions="1" errors="0" failures="0" skipped="0" time="0.050100">
        <testcase name="test_request_instance" file="/app/vendor/gammamatrix/playground-test/src/Unit/Http/Requests/RequestCase.php" line="41" class="Tests\Unit\Playground\Matrix\Api\Http\Requests\Board\ShowRequestTest" classname="Tests.Unit.Playground.Matrix.Api.Http.Requests.Board.ShowRequestTest" assertions="1" time="0.050100"/>
      </testsuite>
      <testsuite name="Tests\Unit\Playground\Matrix\Api\Http\Requests\Board\StoreRequestTest" file="/app/tests/Unit/Http/Requests/Board/StoreRequestTest.php" tests="3" assertions="8" errors="0" failures="0" skipped="0" time="0.170758">
        <testcase name="test_request_instance" file="/app/vendor/gammamatrix/playground-test/src/Unit/Http/Requests/RequestCase.php" line="41" class="Tests\Unit\Playground\Matrix\Api\Http\Requests\Board\StoreRequestTest" classname="Tests.Unit.Playground.Matrix.Api.Http.Requests.Board.StoreRequestTest" assertions="1" time="0.073094"/>
        <testcase name="test_StoreRequest_rules_with_optional_revisions_disabled" file="/app/tests/Unit/Http/Requests/Board/StoreRequestTest.php" line="19" class="Tests\Unit\Playground\Matrix\Api\Http\Requests\Board\StoreRequestTest" classname="Tests.Unit.Playground.Matrix.Api.Http.Requests.Board.StoreRequestTest" assertions="3" time="0.047963"/>
        <testcase name="test_StoreRequest_rules_with_optional_revisions_enabled" file="/app/tests/Unit/Http/Requests/Board/StoreRequestTest.php" line="29" class="Tests\Unit\Playground\Matrix\Api\Http\Requests\Board\StoreRequestTest" classname="Tests.Unit.Playground.Matrix.Api.Http.Requests.Board.StoreRequestTest" assertions="4" time="0.049702"/>
      </testsuite>
      <testsuite name="Tests\Unit\Playground\Matrix\Api\Http\Requests\Board\UnlockRequestTest" file="/app/tests/Unit/Http/Requests/Board/UnlockRequestTest.php" tests="1" assertions="1" errors="0" failures="0" skipped="0" time="0.049451">
        <testcase name="test_request_instance" file="/app/vendor/gammamatrix/playground-test/src/Unit/Http/Requests/RequestCase.php" line="41" class="Tests\Unit\Playground\Matrix\Api\Http\Requests\Board\UnlockRequestTest" classname="Tests.Unit.Playground.Matrix.Api.Http.Requests.Board.UnlockRequestTest" assertions="1" time="0.049451"/>
      </testsuite>
      <testsuite name="Tests\Unit\Playground\Matrix\Api\Http\Requests\Board\UpdateRequestTest" file="/app/tests/Unit/Http/Requests/Board/UpdateRequestTest.php" tests="3" assertions="8" errors="0" failures="0" skipped="0" time="0.164780">
        <testcase name="test_request_instance" file="/app/vendor/gammamatrix/playground-test/src/Unit/Http/Requests/RequestCase.php" line="41" class="Tests\Unit\Playground\Matrix\Api\Http\Requests\Board\UpdateRequestTest" classname="Tests.Unit.Playground.Matrix.Api.Http.Requests.Board.UpdateRequestTest" assertions="1" time="0.071114"/>
        <testcase name="test_UpdateRequest_rules_with_optional_revisions_disabled" file="/app/tests/Unit/Http/Requests/Board/UpdateRequestTest.php" line="19" class="Tests\Unit\Playground\Matrix\Api\Http\Requests\Board\UpdateRequestTest" classname="Tests.Unit.Playground.Matrix.Api.Http.Requests.Board.UpdateRequestTest" assertions="3" time="0.046512"/>
        <testcase name="test_UpdateRequest_rules_with_optional_revisions_enabled" file="/app/tests/Unit/Http/Requests/Board/UpdateRequestTest.php" line="29" class="Tests\Unit\Playground\Matrix\Api\Http\Requests\Board\UpdateRequestTest" classname="Tests.Unit.Playground.Matrix.Api.Http.Requests.Board.UpdateRequestTest" assertions="4" time="0.047154"/>
      </testsuite>
      <testsuite name="Tests\Unit\Playground\Matrix\Api\Http\Requests\Epic\CreateRequestTest" file="/app/tests/Unit/Http/Requests/Epic/CreateRequestTest.php" tests="1" assertions="1" errors="0" failures="0" skipped="0" time="0.070708">
        <testcase name="test_request_instance" file="/app/vendor/gammamatrix/playground-test/src/Unit/Http/Requests/RequestCase.php" line="41" class="Tests\Unit\Playground\Matrix\Api\Http\Requests\Epic\CreateRequestTest" classname="Tests.Unit.Playground.Matrix.Api.Http.Requests.Epic.CreateRequestTest" assertions="1" time="0.070708"/>
      </testsuite>
      <testsuite name="Tests\Unit\Playground\Matrix\Api\Http\Requests\Epic\DestroyRequestTest" file="/app/tests/Unit/Http/Requests/Epic/DestroyRequestTest.php" tests="1" assertions="1" errors="0" failures="0" skipped="0" time="0.050362">
        <testcase name="test_request_instance" file="/app/vendor/gammamatrix/playground-test/src/Unit/Http/Requests/RequestCase.php" line="41" class="Tests\Unit\Playground\Matrix\Api\Http\Requests\Epic\DestroyRequestTest" classname="Tests.Unit.Playground.Matrix.Api.Http.Requests.Epic.DestroyRequestTest" assertions="1" time="0.050362"/>
      </testsuite>
      <testsuite name="Tests\Unit\Playground\Matrix\Api\Http\Requests\Epic\EditRequestTest" file="/app/tests/Unit/Http/Requests/Epic/EditRequestTest.php" tests="1" assertions="1" errors="0" failures="0" skipped="0" time="0.067439">
        <testcase name="test_request_instance" file="/app/vendor/gammamatrix/playground-test/src/Unit/Http/Requests/RequestCase.php" line="41" class="Tests\Unit\Playground\Matrix\Api\Http\Requests\Epic\EditRequestTest" classname="Tests.Unit.Playground.Matrix.Api.Http.Requests.Epic.EditRequestTest" assertions="1" time="0.067439"/>
      </testsuite>
      <testsuite name="Tests\Unit\Playground\Matrix\Api\Http\Requests\Epic\IndexRequestTest" file="/app/tests/Unit/Http/Requests/Epic/IndexRequestTest.php" tests="1" assertions="1" errors="0" failures="0" skipped="0" time="0.116225">
        <testcase name="test_request_instance" file="/app/vendor/gammamatrix/playground-test/src/Unit/Http/Requests/RequestCase.php" line="41" class="Tests\Unit\Playground\Matrix\Api\Http\Requests\Epic\IndexRequestTest" classname="Tests.Unit.Playground.Matrix.Api.Http.Requests.Epic.IndexRequestTest" assertions="1" time="0.116225"/>
      </testsuite>
      <testsuite name="Tests\Unit\Playground\Matrix\Api\Http\Requests\Epic\LockRequestTest" file="/app/tests/Unit/Http/Requests/Epic/LockRequestTest.php" tests="1" assertions="1" errors="0" failures="0" skipped="0" time="0.050664">
        <testcase name="test_request_instance" file="/app/vendor/gammamatrix/playground-test/src/Unit/Http/Requests/RequestCase.php" line="41" class="Tests\Unit\Playground\Matrix\Api\Http\Requests\Epic\LockRequestTest" classname="Tests.Unit.Playground.Matrix.Api.Http.Requests.Epic.LockRequestTest" assertions="1" time="0.050664"/>
      </testsuite>
      <testsuite name="Tests\Unit\Playground\Matrix\Api\Http\Requests\Epic\RestoreRequestTest" file="/app/tests/Unit/Http/Requests/Epic/RestoreRequestTest.php" tests="1" assertions="1" errors="0" failures="0" skipped="0" time="0.050529">
        <testcase name="test_request_instance" file="/app/vendor/gammamatrix/playground-test/src/Unit/Http/Requests/RequestCase.php" line="41" class="Tests\Unit\Playground\Matrix\Api\Http\Requests\Epic\RestoreRequestTest" classname="Tests.Unit.Playground.Matrix.Api.Http.Requests.Epic.RestoreRequestTest" assertions="1" time="0.050529"/>
      </testsuite>
      <testsuite name="Tests\Unit\Playground\Matrix\Api\Http\Requests\Epic\ShowRequestTest" file="/app/tests/Unit/Http/Requests/Epic/ShowRequestTest.php" tests="1" assertions="1" errors="0" failures="0" skipped="0" time="0.049799">
        <testcase name="test_request_instance" file="/app/vendor/gammamatrix/playground-test/src/Unit/Http/Requests/RequestCase.php" line="41" class="Tests\Unit\Playground\Matrix\Api\Http\Requests\Epic\ShowRequestTest" classname="Tests.Unit.Playground.Matrix.Api.Http.Requests.Epic.ShowRequestTest" assertions="1" time="0.049799"/>
      </testsuite>
      <testsuite name="Tests\Unit\Playground\Matrix\Api\Http\Requests\Epic\StoreRequestTest" file="/app/tests/Unit/Http/Requests/Epic/StoreRequestTest.php" tests="3" assertions="8" errors="0" failures="0" skipped="0" time="0.170972">
        <testcase name="test_request_instance" file="/app/vendor/gammamatrix/playground-test/src/Unit/Http/Requests/RequestCase.php" line="41" class="Tests\Unit\Playground\Matrix\Api\Http\Requests\Epic\StoreRequestTest" classname="Tests.Unit.Playground.Matrix.Api.Http.Requests.Epic.StoreRequestTest" assertions="1" time="0.075345"/>
        <testcase name="test_StoreRequest_rules_with_optional_revisions_disabled" file="/app/tests/Unit/Http/Requests/Epic/StoreRequestTest.php" line="19" class="Tests\Unit\Playground\Matrix\Api\Http\Requests\Epic\StoreRequestTest" classname="Tests.Unit.Playground.Matrix.Api.Http.Requests.Epic.StoreRequestTest" assertions="3" time="0.048166"/>
        <testcase name="test_StoreRequest_rules_with_optional_revisions_enabled" file="/app/tests/Unit/Http/Requests/Epic/StoreRequestTest.php" line="29" class="Tests\Unit\Playground\Matrix\Api\Http\Requests\Epic\StoreRequestTest" classname="Tests.Unit.Playground.Matrix.Api.Http.Requests.Epic.StoreRequestTest" assertions="4" time="0.047461"/>
      </testsuite>
      <testsuite name="Tests\Unit\Playground\Matrix\Api\Http\Requests\Epic\UnlockRequestTest" file="/app/tests/Unit/Http/Requests/Epic/UnlockRequestTest.php" tests="1" assertions="1" errors="0" failures="0" skipped="0" time="0.048732">
        <testcase name="test_request_instance" file="/app/vendor/gammamatrix/playground-test/src/Unit/Http/Requests/RequestCase.php" line="41" class="Tests\Unit\Playground\Matrix\Api\Http\Requests\Epic\UnlockRequestTest" classname="Tests.Unit.Playground.Matrix.Api.Http.Requests.Epic.UnlockRequestTest" assertions="1" time="0.048732"/>
      </testsuite>
      <testsuite name="Tests\Unit\Playground\Matrix\Api\Http\Requests\Epic\UpdateRequestTest" file="/app/tests/Unit/Http/Requests/Epic/UpdateRequestTest.php" tests="3" assertions="8" errors="0" failures="0" skipped="0" time="0.167640">
        <testcase name="test_request_instance" file="/app/vendor/gammamatrix/playground-test/src/Unit/Http/Requests/RequestCase.php" line="41" class="Tests\Unit\Playground\Matrix\Api\Http\Requests\Epic\UpdateRequestTest" classname="Tests.Unit.Playground.Matrix.Api.Http.Requests.Epic.UpdateRequestTest" assertions="1" time="0.071180"/>
        <testcase name="test_UpdateRequest_rules_with_optional_revisions_disabled" file="/app/tests/Unit/Http/Requests/Epic/UpdateRequestTest.php" line="19" class="Tests\Unit\Playground\Matrix\Api\Http\Requests\Epic\UpdateRequestTest" classname="Tests.Unit.Playground.Matrix.Api.Http.Requests.Epic.UpdateRequestTest" assertions="3" time="0.048399"/>
        <testcase name="test_UpdateRequest_rules_with_optional_revisions_enabled" file="/app/tests/Unit/Http/Requests/Epic/UpdateRequestTest.php" line="29" class="Tests\Unit\Playground\Matrix\Api\Http\Requests\Epic\UpdateRequestTest" classname="Tests.Unit.Playground.Matrix.Api.Http.Requests.Epic.UpdateRequestTest" assertions="4" time="0.048060"/>
      </testsuite>
      <testsuite name="Tests\Unit\Playground\Matrix\Api\Http\Requests\Flow\CreateRequestTest" file="/app/tests/Unit/Http/Requests/Flow/CreateRequestTest.php" tests="1" assertions="1" errors="0" failures="0" skipped="0" time="0.066944">
        <testcase name="test_request_instance" file="/app/vendor/gammamatrix/playground-test/src/Unit/Http/Requests/RequestCase.php" line="41" class="Tests\Unit\Playground\Matrix\Api\Http\Requests\Flow\CreateRequestTest" classname="Tests.Unit.Playground.Matrix.Api.Http.Requests.Flow.CreateRequestTest" assertions="1" time="0.066944"/>
      </testsuite>
      <testsuite name="Tests\Unit\Playground\Matrix\Api\Http\Requests\Flow\DestroyRequestTest" file="/app/tests/Unit/Http/Requests/Flow/DestroyRequestTest.php" tests="1" assertions="1" errors="0" failures="0" skipped="0" time="0.050422">
        <testcase name="test_request_instance" file="/app/vendor/gammamatrix/playground-test/src/Unit/Http/Requests/RequestCase.php" line="41" class="Tests\Unit\Playground\Matrix\Api\Http\Requests\Flow\DestroyRequestTest" classname="Tests.Unit.Playground.Matrix.Api.Http.Requests.Flow.DestroyRequestTest" assertions="1" time="0.050422"/>
      </testsuite>
      <testsuite name="Tests\Unit\Playground\Matrix\Api\Http\Requests\Flow\EditRequestTest" file="/app/tests/Unit/Http/Requests/Flow/EditRequestTest.php" tests="1" assertions="1" errors="0" failures="0" skipped="0" time="0.062980">
        <testcase name="test_request_instance" file="/app/vendor/gammamatrix/playground-test/src/Unit/Http/Requests/RequestCase.php" line="41" class="Tests\Unit\Playground\Matrix\Api\Http\Requests\Flow\EditRequestTest" classname="Tests.Unit.Playground.Matrix.Api.Http.Requests.Flow.EditRequestTest" assertions="1" time="0.062980"/>
      </testsuite>
      <testsuite name="Tests\Unit\Playground\Matrix\Api\Http\Requests\Flow\IndexRequestTest" file="/app/tests/Unit/Http/Requests/Flow/IndexRequestTest.php" tests="1" assertions="1" errors="0" failures="0" skipped="0" time="0.109108">
        <testcase name="test_request_instance" file="/app/vendor/gammamatrix/playground-test/src/Unit/Http/Requests/RequestCase.php" line="41" class="Tests\Unit\Playground\Matrix\Api\Http\Requests\Flow\IndexRequestTest" classname="Tests.Unit.Playground.Matrix.Api.Http.Requests.Flow.IndexRequestTest" assertions="1" time="0.109108"/>
      </testsuite>
      <testsuite name="Tests\Unit\Playground\Matrix\Api\Http\Requests\Flow\LockRequestTest" file="/app/tests/Unit/Http/Requests/Flow/LockRequestTest.php" tests="1" assertions="1" errors="0" failures="0" skipped="0" time="0.049711">
        <testcase name="test_request_instance" file="/app/vendor/gammamatrix/playground-test/src/Unit/Http/Requests/RequestCase.php" line="41" class="Tests\Unit\Playground\Matrix\Api\Http\Requests\Flow\LockRequestTest" classname="Tests.Unit.Playground.Matrix.Api.Http.Requests.Flow.LockRequestTest" assertions="1" time="0.049711"/>
      </testsuite>
      <testsuite name="Tests\Unit\Playground\Matrix\Api\Http\Requests\Flow\RestoreRequestTest" file="/app/tests/Unit/Http/Requests/Flow/RestoreRequestTest.php" tests="1" assertions="1" errors="0" failures="0" skipped="0" time="0.048882">
        <testcase name="test_request_instance" file="/app/vendor/gammamatrix/playground-test/src/Unit/Http/Requests/RequestCase.php" line="41" class="Tests\Unit\Playground\Matrix\Api\Http\Requests\Flow\RestoreRequestTest" classname="Tests.Unit.Playground.Matrix.Api.Http.Requests.Flow.RestoreRequestTest" assertions="1" time="0.048882"/>
      </testsuite>
      <testsuite name="Tests\Unit\Playground\Matrix\Api\Http\Requests\Flow\ShowRequestTest" file="/app/tests/Unit/Http/Requests/Flow/ShowRequestTest.php" tests="1" assertions="1" errors="0" failures="0" skipped="0" time="0.050488">
        <testcase name="test_request_instance" file="/app/vendor/gammamatrix/playground-test/src/Unit/Http/Requests/RequestCase.php" line="41" class="Tests\Unit\Playground\Matrix\Api\Http\Requests\Flow\ShowRequestTest" classname="Tests.Unit.Playground.Matrix.Api.Http.Requests.Flow.ShowRequestTest" assertions="1" time="0.050488"/>
      </testsuite>
      <testsuite name="Tests\Unit\Playground\Matrix\Api\Http\Requests\Flow\StoreRequestTest" file="/app/tests/Unit/Http/Requests/Flow/StoreRequestTest.php" tests="3" assertions="8" errors="0" failures="0" skipped="0" time="0.165506">
        <testcase name="test_request_instance" file="/app/vendor/gammamatrix/playground-test/src/Unit/Http/Requests/RequestCase.php" line="41" class="Tests\Unit\Playground\Matrix\Api\Http\Requests\Flow\StoreRequestTest" classname="Tests.Unit.Playground.Matrix.Api.Http.Requests.Flow.StoreRequestTest" assertions="1" time="0.070626"/>
        <testcase name="test_StoreRequest_rules_with_optional_revisions_disabled" file="/app/tests/Unit/Http/Requests/Flow/StoreRequestTest.php" line="19" class="Tests\Unit\Playground\Matrix\Api\Http\Requests\Flow\StoreRequestTest" classname="Tests.Unit.Playground.Matrix.Api.Http.Requests.Flow.StoreRequestTest" assertions="3" time="0.047377"/>
        <testcase name="test_StoreRequest_rules_with_optional_revisions_enabled" file="/app/tests/Unit/Http/Requests/Flow/StoreRequestTest.php" line="29" class="Tests\Unit\Playground\Matrix\Api\Http\Requests\Flow\StoreRequestTest" classname="Tests.Unit.Playground.Matrix.Api.Http.Requests.Flow.StoreRequestTest" assertions="4" time="0.047504"/>
      </testsuite>
      <testsuite name="Tests\Unit\Playground\Matrix\Api\Http\Requests\Flow\UnlockRequestTest" file="/app/tests/Unit/Http/Requests/Flow/UnlockRequestTest.php" tests="1" assertions="1" errors="0" failures="0" skipped="0" time="0.049326">
        <testcase name="test_request_instance" file="/app/vendor/gammamatrix/playground-test/src/Unit/Http/Requests/RequestCase.php" line="41" class="Tests\Unit\Playground\Matrix\Api\Http\Requests\Flow\UnlockRequestTest" classname="Tests.Unit.Playground.Matrix.Api.Http.Requests.Flow.UnlockRequestTest" assertions="1" time="0.049326"/>
      </testsuite>
      <testsuite name="Tests\Unit\Playground\Matrix\Api\Http\Requests\Flow\UpdateRequestTest" file="/app/tests/Unit/Http/Requests/Flow/UpdateRequestTest.php" tests="3" assertions="8" errors="0" failures="0" skipped="0" time="0.160247">
        <testcase name="test_request_instance" file="/app/vendor/gammamatrix/playground-test/src/Unit/Http/Requests/RequestCase.php" line="41" class="Tests\Unit\Playground\Matrix\Api\Http\Requests\Flow\UpdateRequestTest" classname="Tests.Unit.Playground.Matrix.Api.Http.Requests.Flow.UpdateRequestTest" assertions="1" time="0.065877"/>
        <testcase name="test_UpdateRequest_rules_with_optional_revisions_disabled" file="/app/tests/Unit/Http/Requests/Flow/UpdateRequestTest.php" line="19" class="Tests\Unit\Playground\Matrix\Api\Http\Requests\Flow\UpdateRequestTest" classname="Tests.Unit.Playground.Matrix.Api.Http.Requests.Flow.UpdateRequestTest" assertions="3" time="0.046621"/>
        <testcase name="test_UpdateRequest_rules_with_optional_revisions_enabled" file="/app/tests/Unit/Http/Requests/Flow/UpdateRequestTest.php" line="29" class="Tests\Unit\Playground\Matrix\Api\Http\Requests\Flow\UpdateRequestTest" classname="Tests.Unit.Playground.Matrix.Api.Http.Requests.Flow.UpdateRequestTest" assertions="4" time="0.047749"/>
      </testsuite>
      <testsuite name="Tests\Unit\Playground\Matrix\Api\Http\Requests\FormRequest\InstanceTest" file="/app/tests/Unit/Http/Requests/FormRequest/InstanceTest.php" tests="5" assertions="6" errors="0" failures="0" skipped="0" time="0.288913">
        <testcase name="test_FormRequest_authorize_without_user" file="/app/tests/Unit/Http/Requests/FormRequest/InstanceTest.php" line="21" class="Tests\Unit\Playground\Matrix\Api\Http\Requests\FormRequest\InstanceTest" classname="Tests.Unit.Playground.Matrix.Api.Http.Requests.FormRequest.InstanceTest" assertions="1" time="0.047367"/>
        <testcase name="test_RULES_is_empty_by_default" file="/app/tests/Unit/Http/Requests/FormRequest/InstanceTest.php" line="28" class="Tests\Unit\Playground\Matrix\Api\Http\Requests\FormRequest\InstanceTest" classname="Tests.Unit.Playground.Matrix.Api.Http.Requests.FormRequest.InstanceTest" assertions="2" time="0.051295"/>
        <testcase name="test_userHasAdminPrivileges_without_user" file="/app/tests/Unit/Http/Requests/FormRequest/InstanceTest.php" line="36" class="Tests\Unit\Playground\Matrix\Api\Http\Requests\FormRequest\InstanceTest" classname="Tests.Unit.Playground.Matrix.Api.Http.Requests.FormRequest.InstanceTest" assertions="1" time="0.047414"/>
        <testcase name="test_userHasAdminPrivileges_with_admin" file="/app/tests/Unit/Http/Requests/FormRequest/InstanceTest.php" line="43" class="Tests\Unit\Playground\Matrix\Api\Http\Requests\FormRequest\InstanceTest" classname="Tests.Unit.Playground.Matrix.Api.Http.Requests.FormRequest.InstanceTest" assertions="1" time="0.089863"/>
        <testcase name="test_userHasAdminPrivileges_with_default_laravel_user" file="/app/tests/Unit/Http/Requests/FormRequest/InstanceTest.php" line="55" class="Tests\Unit\Playground\Matrix\Api\Http\Requests\FormRequest\InstanceTest" classname="Tests.Unit.Playground.Matrix.Api.Http.Requests.FormRequest.InstanceTest" assertions="1" time="0.052975"/>
      </testsuite>
      <testsuite name="Tests\Unit\Playground\Matrix\Api\Http\Requests\Matrix\CreateRequestTest" file="/app/tests/Unit/Http/Requests/Matrix/CreateRequestTest.php" tests="1" assertions="1" errors="0" failures="0" skipped="0" time="0.062811">
        <testcase name="test_request_instance" file="/app/vendor/gammamatrix/playground-test/src/Unit/Http/Requests/RequestCase.php" line="41" class="Tests\Unit\Playground\Matrix\Api\Http\Requests\Matrix\CreateRequestTest" classname="Tests.Unit.Playground.Matrix.Api.Http.Requests.Matrix.CreateRequestTest" assertions="1" time="0.062811"/>
      </testsuite>
      <testsuite name="Tests\Unit\Playground\Matrix\Api\Http\Requests\Matrix\DestroyRequestTest" file="/app/tests/Unit/Http/Requests/Matrix/DestroyRequestTest.php" tests="1" assertions="1" errors="0" failures="0" skipped="0" time="0.052824">
        <testcase name="test_request_instance" file="/app/vendor/gammamatrix/playground-test/src/Unit/Http/Requests/RequestCase.php" line="41" class="Tests\Unit\Playground\Matrix\Api\Http\Requests\Matrix\DestroyRequestTest" classname="Tests.Unit.Playground.Matrix.Api.Http.Requests.Matrix.DestroyRequestTest" assertions="1" time="0.052824"/>
      </testsuite>
      <testsuite name="Tests\Unit\Playground\Matrix\Api\Http\Requests\Matrix\EditRequestTest" file="/app/tests/Unit/Http/Requests/Matrix/EditRequestTest.php" tests="1" assertions="1" errors="0" failures="0" skipped="0" time="0.063009">
        <testcase name="test_request_instance" file="/app/vendor/gammamatrix/playground-test/src/Unit/Http/Requests/RequestCase.php" line="41" class="Tests\Unit\Playground\Matrix\Api\Http\Requests\Matrix\EditRequestTest" classname="Tests.Unit.Playground.Matrix.Api.Http.Requests.Matrix.EditRequestTest" assertions="1" time="0.063009"/>
      </testsuite>
      <testsuite name="Tests\Unit\Playground\Matrix\Api\Http\Requests\Matrix\IndexRequestTest" file="/app/tests/Unit/Http/Requests/Matrix/IndexRequestTest.php" tests="1" assertions="1" errors="0" failures="0" skipped="0" time="0.107020">
        <testcase name="test_request_instance" file="/app/vendor/gammamatrix/playground-test/src/Unit/Http/Requests/RequestCase.php" line="41" class="Tests\Unit\Playground\Matrix\Api\Http\Requests\Matrix\IndexRequestTest" classname="Tests.Unit.Playground.Matrix.Api.Http.Requests.Matrix.IndexRequestTest" assertions="1" time="0.107020"/>
      </testsuite>
      <testsuite name="Tests\Unit\Playground\Matrix\Api\Http\Requests\Matrix\LockRequestTest" file="/app/tests/Unit/Http/Requests/Matrix/LockRequestTest.php" tests="1" assertions="1" errors="0" failures="0" skipped="0" time="0.049680">
        <testcase name="test_request_instance" file="/app/vendor/gammamatrix/playground-test/src/Unit/Http/Requests/RequestCase.php" line="41" class="Tests\Unit\Playground\Matrix\Api\Http\Requests\Matrix\LockRequestTest" classname="Tests.Unit.Playground.Matrix.Api.Http.Requests.Matrix.LockRequestTest" assertions="1" time="0.049680"/>
      </testsuite>
      <testsuite name="Tests\Unit\Playground\Matrix\Api\Http\Requests\Matrix\RestoreRequestTest" file="/app/tests/Unit/Http/Requests/Matrix/RestoreRequestTest.php" tests="1" assertions="1" errors="0" failures="0" skipped="0" time="0.048800">
        <testcase name="test_request_instance" file="/app/vendor/gammamatrix/playground-test/src/Unit/Http/Requests/RequestCase.php" line="41" class="Tests\Unit\Playground\Matrix\Api\Http\Requests\Matrix\RestoreRequestTest" classname="Tests.Unit.Playground.Matrix.Api.Http.Requests.Matrix.RestoreRequestTest" assertions="1" time="0.048800"/>
      </testsuite>
      <testsuite name="Tests\Unit\Playground\Matrix\Api\Http\Requests\Matrix\ShowRequestTest" file="/app/tests/Unit/Http/Requests/Matrix/ShowRequestTest.php" tests="1" assertions="1" errors="0" failures="0" skipped="0" time="0.048631">
        <testcase name="test_request_instance" file="/app/vendor/gammamatrix/playground-test/src/Unit/Http/Requests/RequestCase.php" line="41" class="Tests\Unit\Playground\Matrix\Api\Http\Requests\Matrix\ShowRequestTest" classname="Tests.Unit.Playground.Matrix.Api.Http.Requests.Matrix.ShowRequestTest" assertions="1" time="0.048631"/>
      </testsuite>
      <testsuite name="Tests\Unit\Playground\Matrix\Api\Http\Requests\Matrix\StoreRequestTest" file="/app/tests/Unit/Http/Requests/Matrix/StoreRequestTest.php" tests="3" assertions="8" errors="0" failures="0" skipped="0" time="0.163292">
        <testcase name="test_request_instance" file="/app/vendor/gammamatrix/playground-test/src/Unit/Http/Requests/RequestCase.php" line="41" class="Tests\Unit\Playground\Matrix\Api\Http\Requests\Matrix\StoreRequestTest" classname="Tests.Unit.Playground.Matrix.Api.Http.Requests.Matrix.StoreRequestTest" assertions="1" time="0.069178"/>
        <testcase name="test_StoreRequest_rules_with_optional_revisions_disabled" file="/app/tests/Unit/Http/Requests/Matrix/StoreRequestTest.php" line="19" class="Tests\Unit\Playground\Matrix\Api\Http\Requests\Matrix\StoreRequestTest" classname="Tests.Unit.Playground.Matrix.Api.Http.Requests.Matrix.StoreRequestTest" assertions="3" time="0.047478"/>
        <testcase name="test_StoreRequest_rules_with_optional_revisions_enabled" file="/app/tests/Unit/Http/Requests/Matrix/StoreRequestTest.php" line="29" class="Tests\Unit\Playground\Matrix\Api\Http\Requests\Matrix\StoreRequestTest" classname="Tests.Unit.Playground.Matrix.Api.Http.Requests.Matrix.StoreRequestTest" assertions="4" time="0.046636"/>
      </testsuite>
      <testsuite name="Tests\Unit\Playground\Matrix\Api\Http\Requests\Matrix\UnlockRequestTest" file="/app/tests/Unit/Http/Requests/Matrix/UnlockRequestTest.php" tests="1" assertions="1" errors="0" failures="0" skipped="0" time="0.049518">
        <testcase name="test_request_instance" file="/app/vendor/gammamatrix/playground-test/src/Unit/Http/Requests/RequestCase.php" line="41" class="Tests\Unit\Playground\Matrix\Api\Http\Requests\Matrix\UnlockRequestTest" classname="Tests.Unit.Playground.Matrix.Api.Http.Requests.Matrix.UnlockRequestTest" assertions="1" time="0.049518"/>
      </testsuite>
      <testsuite name="Tests\Unit\Playground\Matrix\Api\Http\Requests\Matrix\UpdateRequestTest" file="/app/tests/Unit/Http/Requests/Matrix/UpdateRequestTest.php" tests="3" assertions="8" errors="0" failures="0" skipped="0" time="0.164393">
        <testcase name="test_request_instance" file="/app/vendor/gammamatrix/playground-test/src/Unit/Http/Requests/RequestCase.php" line="41" class="Tests\Unit\Playground\Matrix\Api\Http\Requests\Matrix\UpdateRequestTest" classname="Tests.Unit.Playground.Matrix.Api.Http.Requests.Matrix.UpdateRequestTest" assertions="1" time="0.067981"/>
        <testcase name="test_UpdateRequest_rules_with_optional_revisions_disabled" file="/app/tests/Unit/Http/Requests/Matrix/UpdateRequestTest.php" line="19" class="Tests\Unit\Playground\Matrix\Api\Http\Requests\Matrix\UpdateRequestTest" classname="Tests.Unit.Playground.Matrix.Api.Http.Requests.Matrix.UpdateRequestTest" assertions="3" time="0.047652"/>
        <testcase name="test_UpdateRequest_rules_with_optional_revisions_enabled" file="/app/tests/Unit/Http/Requests/Matrix/UpdateRequestTest.php" line="29" class="Tests\Unit\Playground\Matrix\Api\Http\Requests\Matrix\UpdateRequestTest" classname="Tests.Unit.Playground.Matrix.Api.Http.Requests.Matrix.UpdateRequestTest" assertions="4" time="0.048760"/>
      </testsuite>
      <testsuite name="Tests\Unit\Playground\Matrix\Api\Http\Requests\Milestone\CreateRequestTest" file="/app/tests/Unit/Http/Requests/Milestone/CreateRequestTest.php" tests="1" assertions="1" errors="0" failures="0" skipped="0" time="0.072108">
        <testcase name="test_request_instance" file="/app/vendor/gammamatrix/playground-test/src/Unit/Http/Requests/RequestCase.php" line="41" class="Tests\Unit\Playground\Matrix\Api\Http\Requests\Milestone\CreateRequestTest" classname="Tests.Unit.Playground.Matrix.Api.Http.Requests.Milestone.CreateRequestTest" assertions="1" time="0.072108"/>
      </testsuite>
      <testsuite name="Tests\Unit\Playground\Matrix\Api\Http\Requests\Milestone\DestroyRequestTest" file="/app/tests/Unit/Http/Requests/Milestone/DestroyRequestTest.php" tests="1" assertions="1" errors="0" failures="0" skipped="0" time="0.050860">
        <testcase name="test_request_instance" file="/app/vendor/gammamatrix/playground-test/src/Unit/Http/Requests/RequestCase.php" line="41" class="Tests\Unit\Playground\Matrix\Api\Http\Requests\Milestone\DestroyRequestTest" classname="Tests.Unit.Playground.Matrix.Api.Http.Requests.Milestone.DestroyRequestTest" assertions="1" time="0.050860"/>
      </testsuite>
      <testsuite name="Tests\Unit\Playground\Matrix\Api\Http\Requests\Milestone\EditRequestTest" file="/app/tests/Unit/Http/Requests/Milestone/EditRequestTest.php" tests="1" assertions="1" errors="0" failures="0" skipped="0" time="0.067688">
        <testcase name="test_request_instance" file="/app/vendor/gammamatrix/playground-test/src/Unit/Http/Requests/RequestCase.php" line="41" class="Tests\Unit\Playground\Matrix\Api\Http\Requests\Milestone\EditRequestTest" classname="Tests.Unit.Playground.Matrix.Api.Http.Requests.Milestone.EditRequestTest" assertions="1" time="0.067688"/>
      </testsuite>
      <testsuite name="Tests\Unit\Playground\Matrix\Api\Http\Requests\Milestone\IndexRequestTest" file="/app/tests/Unit/Http/Requests/Milestone/IndexRequestTest.php" tests="1" assertions="1" errors="0" failures="0" skipped="0" time="0.118647">
        <testcase name="test_request_instance" file="/app/vendor/gammamatrix/playground-test/src/Unit/Http/Requests/RequestCase.php" line="41" class="Tests\Unit\Playground\Matrix\Api\Http\Requests\Milestone\IndexRequestTest" classname="Tests.Unit.Playground.Matrix.Api.Http.Requests.Milestone.IndexRequestTest" assertions="1" time="0.118647"/>
      </testsuite>
      <testsuite name="Tests\Unit\Playground\Matrix\Api\Http\Requests\Milestone\LockRequestTest" file="/app/tests/Unit/Http/Requests/Milestone/LockRequestTest.php" tests="1" assertions="1" errors="0" failures="0" skipped="0" time="0.048593">
        <testcase name="test_request_instance" file="/app/vendor/gammamatrix/playground-test/src/Unit/Http/Requests/RequestCase.php" line="41" class="Tests\Unit\Playground\Matrix\Api\Http\Requests\Milestone\LockRequestTest" classname="Tests.Unit.Playground.Matrix.Api.Http.Requests.Milestone.LockRequestTest" assertions="1" time="0.048593"/>
      </testsuite>
      <testsuite name="Tests\Unit\Playground\Matrix\Api\Http\Requests\Milestone\RestoreRequestTest" file="/app/tests/Unit/Http/Requests/Milestone/RestoreRequestTest.php" tests="1" assertions="1" errors="0" failures="0" skipped="0" time="0.049351">
        <testcase name="test_request_instance" file="/app/vendor/gammamatrix/playground-test/src/Unit/Http/Requests/RequestCase.php" line="41" class="Tests\Unit\Playground\Matrix\Api\Http\Requests\Milestone\RestoreRequestTest" classname="Tests.Unit.Playground.Matrix.Api.Http.Requests.Milestone.RestoreRequestTest" assertions="1" time="0.049351"/>
      </testsuite>
      <testsuite name="Tests\Unit\Playground\Matrix\Api\Http\Requests\Milestone\ShowRequestTest" file="/app/tests/Unit/Http/Requests/Milestone/ShowRequestTest.php" tests="1" assertions="1" errors="0" failures="0" skipped="0" time="0.048013">
        <testcase name="test_request_instance" file="/app/vendor/gammamatrix/playground-test/src/Unit/Http/Requests/RequestCase.php" line="41" class="Tests\Unit\Playground\Matrix\Api\Http\Requests\Milestone\ShowRequestTest" classname="Tests.Unit.Playground.Matrix.Api.Http.Requests.Milestone.ShowRequestTest" assertions="1" time="0.048013"/>
      </testsuite>
      <testsuite name="Tests\Unit\Playground\Matrix\Api\Http\Requests\Milestone\StoreRequestTest" file="/app/tests/Unit/Http/Requests/Milestone/StoreRequestTest.php" tests="3" assertions="8" errors="0" failures="0" skipped="0" time="0.169389">
        <testcase name="test_request_instance" file="/app/vendor/gammamatrix/playground-test/src/Unit/Http/Requests/RequestCase.php" line="41" class="Tests\Unit\Playground\Matrix\Api\Http\Requests\Milestone\StoreRequestTest" classname="Tests.Unit.Playground.Matrix.Api.Http.Requests.Milestone.StoreRequestTest" assertions="1" time="0.074821"/>
        <testcase name="test_StoreRequest_rules_with_optional_revisions_disabled" file="/app/tests/Unit/Http/Requests/Milestone/StoreRequestTest.php" line="19" class="Tests\Unit\Playground\Matrix\Api\Http\Requests\Milestone\StoreRequestTest" classname="Tests.Unit.Playground.Matrix.Api.Http.Requests.Milestone.StoreRequestTest" assertions="3" time="0.047516"/>
        <testcase name="test_StoreRequest_rules_with_optional_revisions_enabled" file="/app/tests/Unit/Http/Requests/Milestone/StoreRequestTest.php" line="29" class="Tests\Unit\Playground\Matrix\Api\Http\Requests\Milestone\StoreRequestTest" classname="Tests.Unit.Playground.Matrix.Api.Http.Requests.Milestone.StoreRequestTest" assertions="4" time="0.047052"/>
      </testsuite>
      <testsuite name="Tests\Unit\Playground\Matrix\Api\Http\Requests\Milestone\UnlockRequestTest" file="/app/tests/Unit/Http/Requests/Milestone/UnlockRequestTest.php" tests="1" assertions="1" errors="0" failures="0" skipped="0" time="0.048802">
        <testcase name="test_request_instance" file="/app/vendor/gammamatrix/playground-test/src/Unit/Http/Requests/RequestCase.php" line="41" class="Tests\Unit\Playground\Matrix\Api\Http\Requests\Milestone\UnlockRequestTest" classname="Tests.Unit.Playground.Matrix.Api.Http.Requests.Milestone.UnlockRequestTest" assertions="1" time="0.048802"/>
      </testsuite>
      <testsuite name="Tests\Unit\Playground\Matrix\Api\Http\Requests\Milestone\UpdateRequestTest" file="/app/tests/Unit/Http/Requests/Milestone/UpdateRequestTest.php" tests="3" assertions="8" errors="0" failures="0" skipped="0" time="0.166467">
        <testcase name="test_request_instance" file="/app/vendor/gammamatrix/playground-test/src/Unit/Http/Requests/RequestCase.php" line="41" class="Tests\Unit\Playground\Matrix\Api\Http\Requests\Milestone\UpdateRequestTest" classname="Tests.Unit.Playground.Matrix.Api.Http.Requests.Milestone.UpdateRequestTest" assertions="1" time="0.070652"/>
        <testcase name="test_UpdateRequest_rules_with_optional_revisions_disabled" file="/app/tests/Unit/Http/Requests/Milestone/UpdateRequestTest.php" line="19" class="Tests\Unit\Playground\Matrix\Api\Http\Requests\Milestone\UpdateRequestTest" classname="Tests.Unit.Playground.Matrix.Api.Http.Requests.Milestone.UpdateRequestTest" assertions="3" time="0.047777"/>
        <testcase name="test_UpdateRequest_rules_with_optional_revisions_enabled" file="/app/tests/Unit/Http/Requests/Milestone/UpdateRequestTest.php" line="29" class="Tests\Unit\Playground\Matrix\Api\Http\Requests\Milestone\UpdateRequestTest" classname="Tests.Unit.Playground.Matrix.Api.Http.Requests.Milestone.UpdateRequestTest" assertions="4" time="0.048038"/>
      </testsuite>
      <testsuite name="Tests\Unit\Playground\Matrix\Api\Http\Requests\Note\CreateRequestTest" file="/app/tests/Unit/Http/Requests/Note/CreateRequestTest.php" tests="1" assertions="1" errors="0" failures="0" skipped="0" time="0.065738">
        <testcase name="test_request_instance" file="/app/vendor/gammamatrix/playground-test/src/Unit/Http/Requests/RequestCase.php" line="41" class="Tests\Unit\Playground\Matrix\Api\Http\Requests\Note\CreateRequestTest" classname="Tests.Unit.Playground.Matrix.Api.Http.Requests.Note.CreateRequestTest" assertions="1" time="0.065738"/>
      </testsuite>
      <testsuite name="Tests\Unit\Playground\Matrix\Api\Http\Requests\Note\DestroyRequestTest" file="/app/tests/Unit/Http/Requests/Note/DestroyRequestTest.php" tests="1" assertions="1" errors="0" failures="0" skipped="0" time="0.054086">
        <testcase name="test_request_instance" file="/app/vendor/gammamatrix/playground-test/src/Unit/Http/Requests/RequestCase.php" line="41" class="Tests\Unit\Playground\Matrix\Api\Http\Requests\Note\DestroyRequestTest" classname="Tests.Unit.Playground.Matrix.Api.Http.Requests.Note.DestroyRequestTest" assertions="1" time="0.054086"/>
      </testsuite>
      <testsuite name="Tests\Unit\Playground\Matrix\Api\Http\Requests\Note\EditRequestTest" file="/app/tests/Unit/Http/Requests/Note/EditRequestTest.php" tests="1" assertions="1" errors="0" failures="0" skipped="0" time="0.059815">
        <testcase name="test_request_instance" file="/app/vendor/gammamatrix/playground-test/src/Unit/Http/Requests/RequestCase.php" line="41" class="Tests\Unit\Playground\Matrix\Api\Http\Requests\Note\EditRequestTest" classname="Tests.Unit.Playground.Matrix.Api.Http.Requests.Note.EditRequestTest" assertions="1" time="0.059815"/>
      </testsuite>
      <testsuite name="Tests\Unit\Playground\Matrix\Api\Http\Requests\Note\IndexRequestTest" file="/app/tests/Unit/Http/Requests/Note/IndexRequestTest.php" tests="1" assertions="1" errors="0" failures="0" skipped="0" time="0.095810">
        <testcase name="test_request_instance" file="/app/vendor/gammamatrix/playground-test/src/Unit/Http/Requests/RequestCase.php" line="41" class="Tests\Unit\Playground\Matrix\Api\Http\Requests\Note\IndexRequestTest" classname="Tests.Unit.Playground.Matrix.Api.Http.Requests.Note.IndexRequestTest" assertions="1" time="0.095810"/>
      </testsuite>
      <testsuite name="Tests\Unit\Playground\Matrix\Api\Http\Requests\Note\LockRequestTest" file="/app/tests/Unit/Http/Requests/Note/LockRequestTest.php" tests="1" assertions="1" errors="0" failures="0" skipped="0" time="0.050094">
        <testcase name="test_request_instance" file="/app/vendor/gammamatrix/playground-test/src/Unit/Http/Requests/RequestCase.php" line="41" class="Tests\Unit\Playground\Matrix\Api\Http\Requests\Note\LockRequestTest" classname="Tests.Unit.Playground.Matrix.Api.Http.Requests.Note.LockRequestTest" assertions="1" time="0.050094"/>
      </testsuite>
      <testsuite name="Tests\Unit\Playground\Matrix\Api\Http\Requests\Note\RestoreRequestTest" file="/app/tests/Unit/Http/Requests/Note/RestoreRequestTest.php" tests="1" assertions="1" errors="0" failures="0" skipped="0" time="0.049022">
        <testcase name="test_request_instance" file="/app/vendor/gammamatrix/playground-test/src/Unit/Http/Requests/RequestCase.php" line="41" class="Tests\Unit\Playground\Matrix\Api\Http\Requests\Note\RestoreRequestTest" classname="Tests.Unit.Playground.Matrix.Api.Http.Requests.Note.RestoreRequestTest" assertions="1" time="0.049022"/>
      </testsuite>
      <testsuite name="Tests\Unit\Playground\Matrix\Api\Http\Requests\Note\ShowRequestTest" file="/app/tests/Unit/Http/Requests/Note/ShowRequestTest.php" tests="1" assertions="1" errors="0" failures="0" skipped="0" time="0.048061">
        <testcase name="test_request_instance" file="/app/vendor/gammamatrix/playground-test/src/Unit/Http/Requests/RequestCase.php" line="41" class="Tests\Unit\Playground\Matrix\Api\Http\Requests\Note\ShowRequestTest" classname="Tests.Unit.Playground.Matrix.Api.Http.Requests.Note.ShowRequestTest" assertions="1" time="0.048061"/>
      </testsuite>
      <testsuite name="Tests\Unit\Playground\Matrix\Api\Http\Requests\Note\StoreRequestTest" file="/app/tests/Unit/Http/Requests/Note/StoreRequestTest.php" tests="3" assertions="8" errors="0" failures="0" skipped="0" time="0.163199">
        <testcase name="test_request_instance" file="/app/vendor/gammamatrix/playground-test/src/Unit/Http/Requests/RequestCase.php" line="41" class="Tests\Unit\Playground\Matrix\Api\Http\Requests\Note\StoreRequestTest" classname="Tests.Unit.Playground.Matrix.Api.Http.Requests.Note.StoreRequestTest" assertions="1" time="0.068500"/>
        <testcase name="test_StoreRequest_rules_with_optional_revisions_disabled" file="/app/tests/Unit/Http/Requests/Note/StoreRequestTest.php" line="19" class="Tests\Unit\Playground\Matrix\Api\Http\Requests\Note\StoreRequestTest" classname="Tests.Unit.Playground.Matrix.Api.Http.Requests.Note.StoreRequestTest" assertions="3" time="0.047322"/>
        <testcase name="test_StoreRequest_rules_with_optional_revisions_enabled" file="/app/tests/Unit/Http/Requests/Note/StoreRequestTest.php" line="29" class="Tests\Unit\Playground\Matrix\Api\Http\Requests\Note\StoreRequestTest" classname="Tests.Unit.Playground.Matrix.Api.Http.Requests.Note.StoreRequestTest" assertions="4" time="0.047378"/>
      </testsuite>
      <testsuite name="Tests\Unit\Playground\Matrix\Api\Http\Requests\Note\UnlockRequestTest" file="/app/tests/Unit/Http/Requests/Note/UnlockRequestTest.php" tests="1" assertions="1" errors="0" failures="0" skipped="0" time="0.048957">
        <testcase name="test_request_instance" file="/app/vendor/gammamatrix/playground-test/src/Unit/Http/Requests/RequestCase.php" line="41" class="Tests\Unit\Playground\Matrix\Api\Http\Requests\Note\UnlockRequestTest" classname="Tests.Unit.Playground.Matrix.Api.Http.Requests.Note.UnlockRequestTest" assertions="1" time="0.048957"/>
      </testsuite>
      <testsuite name="Tests\Unit\Playground\Matrix\Api\Http\Requests\Note\UpdateRequestTest" file="/app/tests/Unit/Http/Requests/Note/UpdateRequestTest.php" tests="3" assertions="8" errors="0" failures="0" skipped="0" time="0.159162">
        <testcase name="test_request_instance" file="/app/vendor/gammamatrix/playground-test/src/Unit/Http/Requests/RequestCase.php" line="41" class="Tests\Unit\Playground\Matrix\Api\Http\Requests\Note\UpdateRequestTest" classname="Tests.Unit.Playground.Matrix.Api.Http.Requests.Note.UpdateRequestTest" assertions="1" time="0.064314"/>
        <testcase name="test_UpdateRequest_rules_with_optional_revisions_disabled" file="/app/tests/Unit/Http/Requests/Note/UpdateRequestTest.php" line="19" class="Tests\Unit\Playground\Matrix\Api\Http\Requests\Note\UpdateRequestTest" classname="Tests.Unit.Playground.Matrix.Api.Http.Requests.Note.UpdateRequestTest" assertions="3" time="0.047056"/>
        <testcase name="test_UpdateRequest_rules_with_optional_revisions_enabled" file="/app/tests/Unit/Http/Requests/Note/UpdateRequestTest.php" line="29" class="Tests\Unit\Playground\Matrix\Api\Http\Requests\Note\UpdateRequestTest" classname="Tests.Unit.Playground.Matrix.Api.Http.Requests.Note.UpdateRequestTest" assertions="4" time="0.047792"/>
      </testsuite>
      <testsuite name="Tests\Unit\Playground\Matrix\Api\Http\Requests\Project\CreateRequestTest" file="/app/tests/Unit/Http/Requests/Project/CreateRequestTest.php" tests="1" assertions="1" errors="0" failures="0" skipped="0" time="0.075253">
        <testcase name="test_request_instance" file="/app/vendor/gammamatrix/playground-test/src/Unit/Http/Requests/RequestCase.php" line="41" class="Tests\Unit\Playground\Matrix\Api\Http\Requests\Project\CreateRequestTest" classname="Tests.Unit.Playground.Matrix.Api.Http.Requests.Project.CreateRequestTest" assertions="1" time="0.075253"/>
      </testsuite>
      <testsuite name="Tests\Unit\Playground\Matrix\Api\Http\Requests\Project\DestroyRequestTest" file="/app/tests/Unit/Http/Requests/Project/DestroyRequestTest.php" tests="1" assertions="1" errors="0" failures="0" skipped="0" time="0.050004">
        <testcase name="test_request_instance" file="/app/vendor/gammamatrix/playground-test/src/Unit/Http/Requests/RequestCase.php" line="41" class="Tests\Unit\Playground\Matrix\Api\Http\Requests\Project\DestroyRequestTest" classname="Tests.Unit.Playground.Matrix.Api.Http.Requests.Project.DestroyRequestTest" assertions="1" time="0.050004"/>
      </testsuite>
      <testsuite name="Tests\Unit\Playground\Matrix\Api\Http\Requests\Project\EditRequestTest" file="/app/tests/Unit/Http/Requests/Project/EditRequestTest.php" tests="1" assertions="1" errors="0" failures="0" skipped="0" time="0.068080">
        <testcase name="test_request_instance" file="/app/vendor/gammamatrix/playground-test/src/Unit/Http/Requests/RequestCase.php" line="41" class="Tests\Unit\Playground\Matrix\Api\Http\Requests\Project\EditRequestTest" classname="Tests.Unit.Playground.Matrix.Api.Http.Requests.Project.EditRequestTest" assertions="1" time="0.068080"/>
      </testsuite>
      <testsuite name="Tests\Unit\Playground\Matrix\Api\Http\Requests\Project\IndexRequestTest" file="/app/tests/Unit/Http/Requests/Project/IndexRequestTest.php" tests="1" assertions="1" errors="0" failures="0" skipped="0" time="0.124292">
        <testcase name="test_request_instance" file="/app/vendor/gammamatrix/playground-test/src/Unit/Http/Requests/RequestCase.php" line="41" class="Tests\Unit\Playground\Matrix\Api\Http\Requests\Project\IndexRequestTest" classname="Tests.Unit.Playground.Matrix.Api.Http.Requests.Project.IndexRequestTest" assertions="1" time="0.124292"/>
      </testsuite>
      <testsuite name="Tests\Unit\Playground\Matrix\Api\Http\Requests\Project\LockRequestTest" file="/app/tests/Unit/Http/Requests/Project/LockRequestTest.php" tests="1" assertions="1" errors="0" failures="0" skipped="0" time="0.048969">
        <testcase name="test_request_instance" file="/app/vendor/gammamatrix/playground-test/src/Unit/Http/Requests/RequestCase.php" line="41" class="Tests\Unit\Playground\Matrix\Api\Http\Requests\Project\LockRequestTest" classname="Tests.Unit.Playground.Matrix.Api.Http.Requests.Project.LockRequestTest" assertions="1" time="0.048969"/>
      </testsuite>
      <testsuite name="Tests\Unit\Playground\Matrix\Api\Http\Requests\Project\RestoreRequestTest" file="/app/tests/Unit/Http/Requests/Project/RestoreRequestTest.php" tests="1" assertions="1" errors="0" failures="0" skipped="0" time="0.048960">
        <testcase name="test_request_instance" file="/app/vendor/gammamatrix/playground-test/src/Unit/Http/Requests/RequestCase.php" line="41" class="Tests\Unit\Playground\Matrix\Api\Http\Requests\Project\RestoreRequestTest" classname="Tests.Unit.Playground.Matrix.Api.Http.Requests.Project.RestoreRequestTest" assertions="1" time="0.048960"/>
      </testsuite>
      <testsuite name="Tests\Unit\Playground\Matrix\Api\Http\Requests\Project\ShowRequestTest" file="/app/tests/Unit/Http/Requests/Project/ShowRequestTest.php" tests="1" assertions="1" errors="0" failures="0" skipped="0" time="0.048604">
        <testcase name="test_request_instance" file="/app/vendor/gammamatrix/playground-test/src/Unit/Http/Requests/RequestCase.php" line="41" class="Tests\Unit\Playground\Matrix\Api\Http\Requests\Project\ShowRequestTest" classname="Tests.Unit.Playground.Matrix.Api.Http.Requests.Project.ShowRequestTest" assertions="1" time="0.048604"/>
      </testsuite>
      <testsuite name="Tests\Unit\Playground\Matrix\Api\Http\Requests\Project\StoreRequestTest" file="/app/tests/Unit/Http/Requests/Project/StoreRequestTest.php" tests="3" assertions="8" errors="0" failures="0" skipped="0" time="0.167326">
        <testcase name="test_request_instance" file="/app/vendor/gammamatrix/playground-test/src/Unit/Http/Requests/RequestCase.php" line="41" class="Tests\Unit\Playground\Matrix\Api\Http\Requests\Project\StoreRequestTest" classname="Tests.Unit.Playground.Matrix.Api.Http.Requests.Project.StoreRequestTest" assertions="1" time="0.071591"/>
        <testcase name="test_StoreRequest_rules_with_optional_revisions_disabled" file="/app/tests/Unit/Http/Requests/Project/StoreRequestTest.php" line="19" class="Tests\Unit\Playground\Matrix\Api\Http\Requests\Project\StoreRequestTest" classname="Tests.Unit.Playground.Matrix.Api.Http.Requests.Project.StoreRequestTest" assertions="3" time="0.047778"/>
        <testcase name="test_StoreRequest_rules_with_optional_revisions_enabled" file="/app/tests/Unit/Http/Requests/Project/StoreRequestTest.php" line="29" class="Tests\Unit\Playground\Matrix\Api\Http\Requests\Project\StoreRequestTest" classname="Tests.Unit.Playground.Matrix.Api.Http.Requests.Project.StoreRequestTest" assertions="4" time="0.047957"/>
      </testsuite>
      <testsuite name="Tests\Unit\Playground\Matrix\Api\Http\Requests\Project\UnlockRequestTest" file="/app/tests/Unit/Http/Requests/Project/UnlockRequestTest.php" tests="1" assertions="1" errors="0" failures="0" skipped="0" time="0.051165">
        <testcase name="test_request_instance" file="/app/vendor/gammamatrix/playground-test/src/Unit/Http/Requests/RequestCase.php" line="41" class="Tests\Unit\Playground\Matrix\Api\Http\Requests\Project\UnlockRequestTest" classname="Tests.Unit.Playground.Matrix.Api.Http.Requests.Project.UnlockRequestTest" assertions="1" time="0.051165"/>
      </testsuite>
      <testsuite name="Tests\Unit\Playground\Matrix\Api\Http\Requests\Project\UpdateRequestTest" file="/app/tests/Unit/Http/Requests/Project/UpdateRequestTest.php" tests="3" assertions="8" errors="0" failures="0" skipped="0" time="0.168087">
        <testcase name="test_request_instance" file="/app/vendor/gammamatrix/playground-test/src/Unit/Http/Requests/RequestCase.php" line="41" class="Tests\Unit\Playground\Matrix\Api\Http\Requests\Project\UpdateRequestTest" classname="Tests.Unit.Playground.Matrix.Api.Http.Requests.Project.UpdateRequestTest" assertions="1" time="0.071709"/>
        <testcase name="test_UpdateRequest_rules_with_optional_revisions_disabled" file="/app/tests/Unit/Http/Requests/Project/UpdateRequestTest.php" line="19" class="Tests\Unit\Playground\Matrix\Api\Http\Requests\Project\UpdateRequestTest" classname="Tests.Unit.Playground.Matrix.Api.Http.Requests.Project.UpdateRequestTest" assertions="3" time="0.047379"/>
        <testcase name="test_UpdateRequest_rules_with_optional_revisions_enabled" file="/app/tests/Unit/Http/Requests/Project/UpdateRequestTest.php" line="29" class="Tests\Unit\Playground\Matrix\Api\Http\Requests\Project\UpdateRequestTest" classname="Tests.Unit.Playground.Matrix.Api.Http.Requests.Project.UpdateRequestTest" assertions="4" time="0.048998"/>
      </testsuite>
      <testsuite name="Tests\Unit\Playground\Matrix\Api\Http\Requests\Release\CreateRequestTest" file="/app/tests/Unit/Http/Requests/Release/CreateRequestTest.php" tests="1" assertions="1" errors="0" failures="0" skipped="0" time="0.067287">
        <testcase name="test_request_instance" file="/app/vendor/gammamatrix/playground-test/src/Unit/Http/Requests/RequestCase.php" line="41" class="Tests\Unit\Playground\Matrix\Api\Http\Requests\Release\CreateRequestTest" classname="Tests.Unit.Playground.Matrix.Api.Http.Requests.Release.CreateRequestTest" assertions="1" time="0.067287"/>
      </testsuite>
      <testsuite name="Tests\Unit\Playground\Matrix\Api\Http\Requests\Release\DestroyRequestTest" file="/app/tests/Unit/Http/Requests/Release/DestroyRequestTest.php" tests="1" assertions="1" errors="0" failures="0" skipped="0" time="0.050157">
        <testcase name="test_request_instance" file="/app/vendor/gammamatrix/playground-test/src/Unit/Http/Requests/RequestCase.php" line="41" class="Tests\Unit\Playground\Matrix\Api\Http\Requests\Release\DestroyRequestTest" classname="Tests.Unit.Playground.Matrix.Api.Http.Requests.Release.DestroyRequestTest" assertions="1" time="0.050157"/>
      </testsuite>
      <testsuite name="Tests\Unit\Playground\Matrix\Api\Http\Requests\Release\EditRequestTest" file="/app/tests/Unit/Http/Requests/Release/EditRequestTest.php" tests="1" assertions="1" errors="0" failures="0" skipped="0" time="0.076833">
        <testcase name="test_request_instance" file="/app/vendor/gammamatrix/playground-test/src/Unit/Http/Requests/RequestCase.php" line="41" class="Tests\Unit\Playground\Matrix\Api\Http\Requests\Release\EditRequestTest" classname="Tests.Unit.Playground.Matrix.Api.Http.Requests.Release.EditRequestTest" assertions="1" time="0.076833"/>
      </testsuite>
      <testsuite name="Tests\Unit\Playground\Matrix\Api\Http\Requests\Release\IndexRequestTest" file="/app/tests/Unit/Http/Requests/Release/IndexRequestTest.php" tests="1" assertions="1" errors="0" failures="0" skipped="0" time="0.118752">
        <testcase name="test_request_instance" file="/app/vendor/gammamatrix/playground-test/src/Unit/Http/Requests/RequestCase.php" line="41" class="Tests\Unit\Playground\Matrix\Api\Http\Requests\Release\IndexRequestTest" classname="Tests.Unit.Playground.Matrix.Api.Http.Requests.Release.IndexRequestTest" assertions="1" time="0.118752"/>
      </testsuite>
      <testsuite name="Tests\Unit\Playground\Matrix\Api\Http\Requests\Release\LockRequestTest" file="/app/tests/Unit/Http/Requests/Release/LockRequestTest.php" tests="1" assertions="1" errors="0" failures="0" skipped="0" time="0.049400">
        <testcase name="test_request_instance" file="/app/vendor/gammamatrix/playground-test/src/Unit/Http/Requests/RequestCase.php" line="41" class="Tests\Unit\Playground\Matrix\Api\Http\Requests\Release\LockRequestTest" classname="Tests.Unit.Playground.Matrix.Api.Http.Requests.Release.LockRequestTest" assertions="1" time="0.049400"/>
      </testsuite>
      <testsuite name="Tests\Unit\Playground\Matrix\Api\Http\Requests\Release\RestoreRequestTest" file="/app/tests/Unit/Http/Requests/Release/RestoreRequestTest.php" tests="1" assertions="1" errors="0" failures="0" skipped="0" time="0.048764">
        <testcase name="test_request_instance" file="/app/vendor/gammamatrix/playground-test/src/Unit/Http/Requests/RequestCase.php" line="41" class="Tests\Unit\Playground\Matrix\Api\Http\Requests\Release\RestoreRequestTest" classname="Tests.Unit.Playground.Matrix.Api.Http.Requests.Release.RestoreRequestTest" assertions="1" time="0.048764"/>
      </testsuite>
      <testsuite name="Tests\Unit\Playground\Matrix\Api\Http\Requests\Release\ShowRequestTest" file="/app/tests/Unit/Http/Requests/Release/ShowRequestTest.php" tests="1" assertions="1" errors="0" failures="0" skipped="0" time="0.048595">
        <testcase name="test_request_instance" file="/app/vendor/gammamatrix/playground-test/src/Unit/Http/Requests/RequestCase.php" line="41" class="Tests\Unit\Playground\Matrix\Api\Http\Requests\Release\ShowRequestTest" classname="Tests.Unit.Playground.Matrix.Api.Http.Requests.Release.ShowRequestTest" assertions="1" time="0.048595"/>
      </testsuite>
      <testsuite name="Tests\Unit\Playground\Matrix\Api\Http\Requests\Release\StoreRequestTest" file="/app/tests/Unit/Http/Requests/Release/StoreRequestTest.php" tests="3" assertions="8" errors="0" failures="0" skipped="0" time="0.169226">
        <testcase name="test_request_instance" file="/app/vendor/gammamatrix/playground-test/src/Unit/Http/Requests/RequestCase.php" line="41" class="Tests\Unit\Playground\Matrix\Api\Http\Requests\Release\StoreRequestTest" classname="Tests.Unit.Playground.Matrix.Api.Http.Requests.Release.StoreRequestTest" assertions="1" time="0.074557"/>
        <testcase name="test_StoreRequest_rules_with_optional_revisions_disabled" file="/app/tests/Unit/Http/Requests/Release/StoreRequestTest.php" line="19" class="Tests\Unit\Playground\Matrix\Api\Http\Requests\Release\StoreRequestTest" classname="Tests.Unit.Playground.Matrix.Api.Http.Requests.Release.StoreRequestTest" assertions="3" time="0.047051"/>
        <testcase name="test_StoreRequest_rules_with_optional_revisions_enabled" file="/app/tests/Unit/Http/Requests/Release/StoreRequestTest.php" line="29" class="Tests\Unit\Playground\Matrix\Api\Http\Requests\Release\StoreRequestTest" classname="Tests.Unit.Playground.Matrix.Api.Http.Requests.Release.StoreRequestTest" assertions="4" time="0.047618"/>
      </testsuite>
      <testsuite name="Tests\Unit\Playground\Matrix\Api\Http\Requests\Release\UnlockRequestTest" file="/app/tests/Unit/Http/Requests/Release/UnlockRequestTest.php" tests="1" assertions="1" errors="0" failures="0" skipped="0" time="0.050368">
        <testcase name="test_request_instance" file="/app/vendor/gammamatrix/playground-test/src/Unit/Http/Requests/RequestCase.php" line="41" class="Tests\Unit\Playground\Matrix\Api\Http\Requests\Release\UnlockRequestTest" classname="Tests.Unit.Playground.Matrix.Api.Http.Requests.Release.UnlockRequestTest" assertions="1" time="0.050368"/>
      </testsuite>
      <testsuite name="Tests\Unit\Playground\Matrix\Api\Http\Requests\Release\UpdateRequestTest" file="/app/tests/Unit/Http/Requests/Release/UpdateRequestTest.php" tests="3" assertions="8" errors="0" failures="0" skipped="0" time="0.169189">
        <testcase name="test_request_instance" file="/app/vendor/gammamatrix/playground-test/src/Unit/Http/Requests/RequestCase.php" line="41" class="Tests\Unit\Playground\Matrix\Api\Http\Requests\Release\UpdateRequestTest" classname="Tests.Unit.Playground.Matrix.Api.Http.Requests.Release.UpdateRequestTest" assertions="1" time="0.072976"/>
        <testcase name="test_UpdateRequest_rules_with_optional_revisions_disabled" file="/app/tests/Unit/Http/Requests/Release/UpdateRequestTest.php" line="19" class="Tests\Unit\Playground\Matrix\Api\Http\Requests\Release\UpdateRequestTest" classname="Tests.Unit.Playground.Matrix.Api.Http.Requests.Release.UpdateRequestTest" assertions="3" time="0.048645"/>
        <testcase name="test_UpdateRequest_rules_with_optional_revisions_enabled" file="/app/tests/Unit/Http/Requests/Release/UpdateRequestTest.php" line="29" class="Tests\Unit\Playground\Matrix\Api\Http\Requests\Release\UpdateRequestTest" classname="Tests.Unit.Playground.Matrix.Api.Http.Requests.Release.UpdateRequestTest" assertions="4" time="0.047568"/>
      </testsuite>
      <testsuite name="Tests\Unit\Playground\Matrix\Api\Http\Requests\Roadmap\CreateRequestTest" file="/app/tests/Unit/Http/Requests/Roadmap/CreateRequestTest.php" tests="1" assertions="1" errors="0" failures="0" skipped="0" time="0.074117">
        <testcase name="test_request_instance" file="/app/vendor/gammamatrix/playground-test/src/Unit/Http/Requests/RequestCase.php" line="41" class="Tests\Unit\Playground\Matrix\Api\Http\Requests\Roadmap\CreateRequestTest" classname="Tests.Unit.Playground.Matrix.Api.Http.Requests.Roadmap.CreateRequestTest" assertions="1" time="0.074117"/>
      </testsuite>
      <testsuite name="Tests\Unit\Playground\Matrix\Api\Http\Requests\Roadmap\DestroyRequestTest" file="/app/tests/Unit/Http/Requests/Roadmap/DestroyRequestTest.php" tests="1" assertions="1" errors="0" failures="0" skipped="0" time="0.050474">
        <testcase name="test_request_instance" file="/app/vendor/gammamatrix/playground-test/src/Unit/Http/Requests/RequestCase.php" line="41" class="Tests\Unit\Playground\Matrix\Api\Http\Requests\Roadmap\DestroyRequestTest" classname="Tests.Unit.Playground.Matrix.Api.Http.Requests.Roadmap.DestroyRequestTest" assertions="1" time="0.050474"/>
      </testsuite>
      <testsuite name="Tests\Unit\Playground\Matrix\Api\Http\Requests\Roadmap\EditRequestTest" file="/app/tests/Unit/Http/Requests/Roadmap/EditRequestTest.php" tests="1" assertions="1" errors="0" failures="0" skipped="0" time="0.067448">
        <testcase name="test_request_instance" file="/app/vendor/gammamatrix/playground-test/src/Unit/Http/Requests/RequestCase.php" line="41" class="Tests\Unit\Playground\Matrix\Api\Http\Requests\Roadmap\EditRequestTest" classname="Tests.Unit.Playground.Matrix.Api.Http.Requests.Roadmap.EditRequestTest" assertions="1" time="0.067448"/>
      </testsuite>
      <testsuite name="Tests\Unit\Playground\Matrix\Api\Http\Requests\Roadmap\IndexRequestTest" file="/app/tests/Unit/Http/Requests/Roadmap/IndexRequestTest.php" tests="1" assertions="1" errors="0" failures="0" skipped="0" time="0.122021">
        <testcase name="test_request_instance" file="/app/vendor/gammamatrix/playground-test/src/Unit/Http/Requests/RequestCase.php" line="41" class="Tests\Unit\Playground\Matrix\Api\Http\Requests\Roadmap\IndexRequestTest" classname="Tests.Unit.Playground.Matrix.Api.Http.Requests.Roadmap.IndexRequestTest" assertions="1" time="0.122021"/>
      </testsuite>
      <testsuite name="Tests\Unit\Playground\Matrix\Api\Http\Requests\Roadmap\LockRequestTest" file="/app/tests/Unit/Http/Requests/Roadmap/LockRequestTest.php" tests="1" assertions="1" errors="0" failures="0" skipped="0" time="0.050788">
        <testcase name="test_request_instance" file="/app/vendor/gammamatrix/playground-test/src/Unit/Http/Requests/RequestCase.php" line="41" class="Tests\Unit\Playground\Matrix\Api\Http\Requests\Roadmap\LockRequestTest" classname="Tests.Unit.Playground.Matrix.Api.Http.Requests.Roadmap.LockRequestTest" assertions="1" time="0.050788"/>
      </testsuite>
      <testsuite name="Tests\Unit\Playground\Matrix\Api\Http\Requests\Roadmap\RestoreRequestTest" file="/app/tests/Unit/Http/Requests/Roadmap/RestoreRequestTest.php" tests="1" assertions="1" errors="0" failures="0" skipped="0" time="0.049264">
        <testcase name="test_request_instance" file="/app/vendor/gammamatrix/playground-test/src/Unit/Http/Requests/RequestCase.php" line="41" class="Tests\Unit\Playground\Matrix\Api\Http\Requests\Roadmap\RestoreRequestTest" classname="Tests.Unit.Playground.Matrix.Api.Http.Requests.Roadmap.RestoreRequestTest" assertions="1" time="0.049264"/>
      </testsuite>
      <testsuite name="Tests\Unit\Playground\Matrix\Api\Http\Requests\Roadmap\ShowRequestTest" file="/app/tests/Unit/Http/Requests/Roadmap/ShowRequestTest.php" tests="1" assertions="1" errors="0" failures="0" skipped="0" time="0.052919">
        <testcase name="test_request_instance" file="/app/vendor/gammamatrix/playground-test/src/Unit/Http/Requests/RequestCase.php" line="41" class="Tests\Unit\Playground\Matrix\Api\Http\Requests\Roadmap\ShowRequestTest" classname="Tests.Unit.Playground.Matrix.Api.Http.Requests.Roadmap.ShowRequestTest" assertions="1" time="0.052919"/>
      </testsuite>
      <testsuite name="Tests\Unit\Playground\Matrix\Api\Http\Requests\Roadmap\StoreRequestTest" file="/app/tests/Unit/Http/Requests/Roadmap/StoreRequestTest.php" tests="3" assertions="8" errors="0" failures="0" skipped="0" time="0.169681">
        <testcase name="test_request_instance" file="/app/vendor/gammamatrix/playground-test/src/Unit/Http/Requests/RequestCase.php" line="41" class="Tests\Unit\Playground\Matrix\Api\Http\Requests\Roadmap\StoreRequestTest" classname="Tests.Unit.Playground.Matrix.Api.Http.Requests.Roadmap.StoreRequestTest" assertions="1" time="0.075519"/>
        <testcase name="test_StoreRequest_rules_with_optional_revisions_disabled" file="/app/tests/Unit/Http/Requests/Roadmap/StoreRequestTest.php" line="19" class="Tests\Unit\Playground\Matrix\Api\Http\Requests\Roadmap\StoreRequestTest" classname="Tests.Unit.Playground.Matrix.Api.Http.Requests.Roadmap.StoreRequestTest" assertions="3" time="0.047284"/>
        <testcase name="test_StoreRequest_rules_with_optional_revisions_enabled" file="/app/tests/Unit/Http/Requests/Roadmap/StoreRequestTest.php" line="29" class="Tests\Unit\Playground\Matrix\Api\Http\Requests\Roadmap\StoreRequestTest" classname="Tests.Unit.Playground.Matrix.Api.Http.Requests.Roadmap.StoreRequestTest" assertions="4" time="0.046879"/>
      </testsuite>
      <testsuite name="Tests\Unit\Playground\Matrix\Api\Http\Requests\Roadmap\UnlockRequestTest" file="/app/tests/Unit/Http/Requests/Roadmap/UnlockRequestTest.php" tests="1" assertions="1" errors="0" failures="0" skipped="0" time="0.050600">
        <testcase name="test_request_instance" file="/app/vendor/gammamatrix/playground-test/src/Unit/Http/Requests/RequestCase.php" line="41" class="Tests\Unit\Playground\Matrix\Api\Http\Requests\Roadmap\UnlockRequestTest" classname="Tests.Unit.Playground.Matrix.Api.Http.Requests.Roadmap.UnlockRequestTest" assertions="1" time="0.050600"/>
      </testsuite>
      <testsuite name="Tests\Unit\Playground\Matrix\Api\Http\Requests\Roadmap\UpdateRequestTest" file="/app/tests/Unit/Http/Requests/Roadmap/UpdateRequestTest.php" tests="3" assertions="8" errors="0" failures="0" skipped="0" time="0.170433">
        <testcase name="test_request_instance" file="/app/vendor/gammamatrix/playground-test/src/Unit/Http/Requests/RequestCase.php" line="41" class="Tests\Unit\Playground\Matrix\Api\Http\Requests\Roadmap\UpdateRequestTest" classname="Tests.Unit.Playground.Matrix.Api.Http.Requests.Roadmap.UpdateRequestTest" assertions="1" time="0.071443"/>
        <testcase name="test_UpdateRequest_rules_with_optional_revisions_disabled" file="/app/tests/Unit/Http/Requests/Roadmap/UpdateRequestTest.php" line="19" class="Tests\Unit\Playground\Matrix\Api\Http\Requests\Roadmap\UpdateRequestTest" classname="Tests.Unit.Playground.Matrix.Api.Http.Requests.Roadmap.UpdateRequestTest" assertions="3" time="0.048536"/>
        <testcase name="test_UpdateRequest_rules_with_optional_revisions_enabled" file="/app/tests/Unit/Http/Requests/Roadmap/UpdateRequestTest.php" line="29" class="Tests\Unit\Playground\Matrix\Api\Http\Requests\Roadmap\UpdateRequestTest" classname="Tests.Unit.Playground.Matrix.Api.Http.Requests.Roadmap.UpdateRequestTest" assertions="4" time="0.050453"/>
      </testsuite>
      <testsuite name="Tests\Unit\Playground\Matrix\Api\Http\Requests\Source\CreateRequestTest" file="/app/tests/Unit/Http/Requests/Source/CreateRequestTest.php" tests="1" assertions="1" errors="0" failures="0" skipped="0" time="0.068983">
        <testcase name="test_request_instance" file="/app/vendor/gammamatrix/playground-test/src/Unit/Http/Requests/RequestCase.php" line="41" class="Tests\Unit\Playground\Matrix\Api\Http\Requests\Source\CreateRequestTest" classname="Tests.Unit.Playground.Matrix.Api.Http.Requests.Source.CreateRequestTest" assertions="1" time="0.068983"/>
      </testsuite>
      <testsuite name="Tests\Unit\Playground\Matrix\Api\Http\Requests\Source\DestroyRequestTest" file="/app/tests/Unit/Http/Requests/Source/DestroyRequestTest.php" tests="1" assertions="1" errors="0" failures="0" skipped="0" time="0.050058">
        <testcase name="test_request_instance" file="/app/vendor/gammamatrix/playground-test/src/Unit/Http/Requests/RequestCase.php" line="41" class="Tests\Unit\Playground\Matrix\Api\Http\Requests\Source\DestroyRequestTest" classname="Tests.Unit.Playground.Matrix.Api.Http.Requests.Source.DestroyRequestTest" assertions="1" time="0.050058"/>
      </testsuite>
      <testsuite name="Tests\Unit\Playground\Matrix\Api\Http\Requests\Source\EditRequestTest" file="/app/tests/Unit/Http/Requests/Source/EditRequestTest.php" tests="1" assertions="1" errors="0" failures="0" skipped="0" time="0.063737">
        <testcase name="test_request_instance" file="/app/vendor/gammamatrix/playground-test/src/Unit/Http/Requests/RequestCase.php" line="41" class="Tests\Unit\Playground\Matrix\Api\Http\Requests\Source\EditRequestTest" classname="Tests.Unit.Playground.Matrix.Api.Http.Requests.Source.EditRequestTest" assertions="1" time="0.063737"/>
      </testsuite>
      <testsuite name="Tests\Unit\Playground\Matrix\Api\Http\Requests\Source\IndexRequestTest" file="/app/tests/Unit/Http/Requests/Source/IndexRequestTest.php" tests="1" assertions="1" errors="0" failures="0" skipped="0" time="0.109941">
        <testcase name="test_request_instance" file="/app/vendor/gammamatrix/playground-test/src/Unit/Http/Requests/RequestCase.php" line="41" class="Tests\Unit\Playground\Matrix\Api\Http\Requests\Source\IndexRequestTest" classname="Tests.Unit.Playground.Matrix.Api.Http.Requests.Source.IndexRequestTest" assertions="1" time="0.109941"/>
      </testsuite>
      <testsuite name="Tests\Unit\Playground\Matrix\Api\Http\Requests\Source\LockRequestTest" file="/app/tests/Unit/Http/Requests/Source/LockRequestTest.php" tests="1" assertions="1" errors="0" failures="0" skipped="0" time="0.048606">
        <testcase name="test_request_instance" file="/app/vendor/gammamatrix/playground-test/src/Unit/Http/Requests/RequestCase.php" line="41" class="Tests\Unit\Playground\Matrix\Api\Http\Requests\Source\LockRequestTest" classname="Tests.Unit.Playground.Matrix.Api.Http.Requests.Source.LockRequestTest" assertions="1" time="0.048606"/>
      </testsuite>
      <testsuite name="Tests\Unit\Playground\Matrix\Api\Http\Requests\Source\RestoreRequestTest" file="/app/tests/Unit/Http/Requests/Source/RestoreRequestTest.php" tests="1" assertions="1" errors="0" failures="0" skipped="0" time="0.049511">
        <testcase name="test_request_instance" file="/app/vendor/gammamatrix/playground-test/src/Unit/Http/Requests/RequestCase.php" line="41" class="Tests\Unit\Playground\Matrix\Api\Http\Requests\Source\RestoreRequestTest" classname="Tests.Unit.Playground.Matrix.Api.Http.Requests.Source.RestoreRequestTest" assertions="1" time="0.049511"/>
      </testsuite>
      <testsuite name="Tests\Unit\Playground\Matrix\Api\Http\Requests\Source\ShowRequestTest" file="/app/tests/Unit/Http/Requests/Source/ShowRequestTest.php" tests="1" assertions="1" errors="0" failures="0" skipped="0" time="0.049333">
        <testcase name="test_request_instance" file="/app/vendor/gammamatrix/playground-test/src/Unit/Http/Requests/RequestCase.php" line="41" class="Tests\Unit\Playground\Matrix\Api\Http\Requests\Source\ShowRequestTest" classname="Tests.Unit.Playground.Matrix.Api.Http.Requests.Source.ShowRequestTest" assertions="1" time="0.049333"/>
      </testsuite>
      <testsuite name="Tests\Unit\Playground\Matrix\Api\Http\Requests\Source\StoreRequestTest" file="/app/tests/Unit/Http/Requests/Source/StoreRequestTest.php" tests="3" assertions="8" errors="0" failures="0" skipped="0" time="0.168560">
        <testcase name="test_request_instance" file="/app/vendor/gammamatrix/playground-test/src/Unit/Http/Requests/RequestCase.php" line="41" class="Tests\Unit\Playground\Matrix\Api\Http\Requests\Source\StoreRequestTest" classname="Tests.Unit.Playground.Matrix.Api.Http.Requests.Source.StoreRequestTest" assertions="1" time="0.073335"/>
        <testcase name="test_StoreRequest_rules_with_optional_revisions_disabled" file="/app/tests/Unit/Http/Requests/Source/StoreRequestTest.php" line="19" class="Tests\Unit\Playground\Matrix\Api\Http\Requests\Source\StoreRequestTest" classname="Tests.Unit.Playground.Matrix.Api.Http.Requests.Source.StoreRequestTest" assertions="3" time="0.047399"/>
        <testcase name="test_StoreRequest_rules_with_optional_revisions_enabled" file="/app/tests/Unit/Http/Requests/Source/StoreRequestTest.php" line="29" class="Tests\Unit\Playground\Matrix\Api\Http\Requests\Source\StoreRequestTest" classname="Tests.Unit.Playground.Matrix.Api.Http.Requests.Source.StoreRequestTest" assertions="4" time="0.047825"/>
      </testsuite>
      <testsuite name="Tests\Unit\Playground\Matrix\Api\Http\Requests\Source\UnlockRequestTest" file="/app/tests/Unit/Http/Requests/Source/UnlockRequestTest.php" tests="1" assertions="1" errors="0" failures="0" skipped="0" time="0.048285">
        <testcase name="test_request_instance" file="/app/vendor/gammamatrix/playground-test/src/Unit/Http/Requests/RequestCase.php" line="41" class="Tests\Unit\Playground\Matrix\Api\Http\Requests\Source\UnlockRequestTest" classname="Tests.Unit.Playground.Matrix.Api.Http.Requests.Source.UnlockRequestTest" assertions="1" time="0.048285"/>
      </testsuite>
      <testsuite name="Tests\Unit\Playground\Matrix\Api\Http\Requests\Source\UpdateRequestTest" file="/app/tests/Unit/Http/Requests/Source/UpdateRequestTest.php" tests="3" assertions="8" errors="0" failures="0" skipped="0" time="0.164449">
        <testcase name="test_request_instance" file="/app/vendor/gammamatrix/playground-test/src/Unit/Http/Requests/RequestCase.php" line="41" class="Tests\Unit\Playground\Matrix\Api\Http\Requests\Source\UpdateRequestTest" classname="Tests.Unit.Playground.Matrix.Api.Http.Requests.Source.UpdateRequestTest" assertions="1" time="0.069014"/>
        <testcase name="test_UpdateRequest_rules_with_optional_revisions_disabled" file="/app/tests/Unit/Http/Requests/Source/UpdateRequestTest.php" line="19" class="Tests\Unit\Playground\Matrix\Api\Http\Requests\Source\UpdateRequestTest" classname="Tests.Unit.Playground.Matrix.Api.Http.Requests.Source.UpdateRequestTest" assertions="3" time="0.047782"/>
        <testcase name="test_UpdateRequest_rules_with_optional_revisions_enabled" file="/app/tests/Unit/Http/Requests/Source/UpdateRequestTest.php" line="29" class="Tests\Unit\Playground\Matrix\Api\Http\Requests\Source\UpdateRequestTest" classname="Tests.Unit.Playground.Matrix.Api.Http.Requests.Source.UpdateRequestTest" assertions="4" time="0.047654"/>
      </testsuite>
      <testsuite name="Tests\Unit\Playground\Matrix\Api\Http\Requests\Sprint\CreateRequestTest" file="/app/tests/Unit/Http/Requests/Sprint/CreateRequestTest.php" tests="1" assertions="1" errors="0" failures="0" skipped="0" time="0.070656">
        <testcase name="test_request_instance" file="/app/vendor/gammamatrix/playground-test/src/Unit/Http/Requests/RequestCase.php" line="41" class="Tests\Unit\Playground\Matrix\Api\Http\Requests\Sprint\CreateRequestTest" classname="Tests.Unit.Playground.Matrix.Api.Http.Requests.Sprint.CreateRequestTest" assertions="1" time="0.070656"/>
      </testsuite>
      <testsuite name="Tests\Unit\Playground\Matrix\Api\Http\Requests\Sprint\DestroyRequestTest" file="/app/tests/Unit/Http/Requests/Sprint/DestroyRequestTest.php" tests="1" assertions="1" errors="0" failures="0" skipped="0" time="0.051420">
        <testcase name="test_request_instance" file="/app/vendor/gammamatrix/playground-test/src/Unit/Http/Requests/RequestCase.php" line="41" class="Tests\Unit\Playground\Matrix\Api\Http\Requests\Sprint\DestroyRequestTest" classname="Tests.Unit.Playground.Matrix.Api.Http.Requests.Sprint.DestroyRequestTest" assertions="1" time="0.051420"/>
      </testsuite>
      <testsuite name="Tests\Unit\Playground\Matrix\Api\Http\Requests\Sprint\EditRequestTest" file="/app/tests/Unit/Http/Requests/Sprint/EditRequestTest.php" tests="1" assertions="1" errors="0" failures="0" skipped="0" time="0.066850">
        <testcase name="test_request_instance" file="/app/vendor/gammamatrix/playground-test/src/Unit/Http/Requests/RequestCase.php" line="41" class="Tests\Unit\Playground\Matrix\Api\Http\Requests\Sprint\EditRequestTest" classname="Tests.Unit.Playground.Matrix.Api.Http.Requests.Sprint.EditRequestTest" assertions="1" time="0.066850"/>
      </testsuite>
      <testsuite name="Tests\Unit\Playground\Matrix\Api\Http\Requests\Sprint\IndexRequestTest" file="/app/tests/Unit/Http/Requests/Sprint/IndexRequestTest.php" tests="1" assertions="1" errors="0" failures="0" skipped="0" time="0.122949">
        <testcase name="test_request_instance" file="/app/vendor/gammamatrix/playground-test/src/Unit/Http/Requests/RequestCase.php" line="41" class="Tests\Unit\Playground\Matrix\Api\Http\Requests\Sprint\IndexRequestTest" classname="Tests.Unit.Playground.Matrix.Api.Http.Requests.Sprint.IndexRequestTest" assertions="1" time="0.122949"/>
      </testsuite>
      <testsuite name="Tests\Unit\Playground\Matrix\Api\Http\Requests\Sprint\LockRequestTest" file="/app/tests/Unit/Http/Requests/Sprint/LockRequestTest.php" tests="1" assertions="1" errors="0" failures="0" skipped="0" time="0.049138">
        <testcase name="test_request_instance" file="/app/vendor/gammamatrix/playground-test/src/Unit/Http/Requests/RequestCase.php" line="41" class="Tests\Unit\Playground\Matrix\Api\Http\Requests\Sprint\LockRequestTest" classname="Tests.Unit.Playground.Matrix.Api.Http.Requests.Sprint.LockRequestTest" assertions="1" time="0.049138"/>
      </testsuite>
      <testsuite name="Tests\Unit\Playground\Matrix\Api\Http\Requests\Sprint\RestoreRequestTest" file="/app/tests/Unit/Http/Requests/Sprint/RestoreRequestTest.php" tests="1" assertions="1" errors="0" failures="0" skipped="0" time="0.049463">
        <testcase name="test_request_instance" file="/app/vendor/gammamatrix/playground-test/src/Unit/Http/Requests/RequestCase.php" line="41" class="Tests\Unit\Playground\Matrix\Api\Http\Requests\Sprint\RestoreRequestTest" classname="Tests.Unit.Playground.Matrix.Api.Http.Requests.Sprint.RestoreRequestTest" assertions="1" time="0.049463"/>
      </testsuite>
      <testsuite name="Tests\Unit\Playground\Matrix\Api\Http\Requests\Sprint\ShowRequestTest" file="/app/tests/Unit/Http/Requests/Sprint/ShowRequestTest.php" tests="1" assertions="1" errors="0" failures="0" skipped="0" time="0.049858">
        <testcase name="test_request_instance" file="/app/vendor/gammamatrix/playground-test/src/Unit/Http/Requests/RequestCase.php" line="41" class="Tests\Unit\Playground\Matrix\Api\Http\Requests\Sprint\ShowRequestTest" classname="Tests.Unit.Playground.Matrix.Api.Http.Requests.Sprint.ShowRequestTest" assertions="1" time="0.049858"/>
      </testsuite>
      <testsuite name="Tests\Unit\Playground\Matrix\Api\Http\Requests\Sprint\StoreRequestTest" file="/app/tests/Unit/Http/Requests/Sprint/StoreRequestTest.php" tests="3" assertions="8" errors="0" failures="0" skipped="0" time="0.179642">
        <testcase name="test_request_instance" file="/app/vendor/gammamatrix/playground-test/src/Unit/Http/Requests/RequestCase.php" line="41" class="Tests\Unit\Playground\Matrix\Api\Http\Requests\Sprint\StoreRequestTest" classname="Tests.Unit.Playground.Matrix.Api.Http.Requests.Sprint.StoreRequestTest" assertions="1" time="0.080300"/>
        <testcase name="test_StoreRequest_rules_with_optional_revisions_disabled" file="/app/tests/Unit/Http/Requests/Sprint/StoreRequestTest.php" line="19" class="Tests\Unit\Playground\Matrix\Api\Http\Requests\Sprint\StoreRequestTest" classname="Tests.Unit.Playground.Matrix.Api.Http.Requests.Sprint.StoreRequestTest" assertions="3" time="0.052161"/>
        <testcase name="test_StoreRequest_rules_with_optional_revisions_enabled" file="/app/tests/Unit/Http/Requests/Sprint/StoreRequestTest.php" line="29" class="Tests\Unit\Playground\Matrix\Api\Http\Requests\Sprint\StoreRequestTest" classname="Tests.Unit.Playground.Matrix.Api.Http.Requests.Sprint.StoreRequestTest" assertions="4" time="0.047180"/>
      </testsuite>
      <testsuite name="Tests\Unit\Playground\Matrix\Api\Http\Requests\Sprint\UnlockRequestTest" file="/app/tests/Unit/Http/Requests/Sprint/UnlockRequestTest.php" tests="1" assertions="1" errors="0" failures="0" skipped="0" time="0.050379">
        <testcase name="test_request_instance" file="/app/vendor/gammamatrix/playground-test/src/Unit/Http/Requests/RequestCase.php" line="41" class="Tests\Unit\Playground\Matrix\Api\Http\Requests\Sprint\UnlockRequestTest" classname="Tests.Unit.Playground.Matrix.Api.Http.Requests.Sprint.UnlockRequestTest" assertions="1" time="0.050379"/>
      </testsuite>
      <testsuite name="Tests\Unit\Playground\Matrix\Api\Http\Requests\Sprint\UpdateRequestTest" file="/app/tests/Unit/Http/Requests/Sprint/UpdateRequestTest.php" tests="3" assertions="8" errors="0" failures="0" skipped="0" time="0.169651">
        <testcase name="test_request_instance" file="/app/vendor/gammamatrix/playground-test/src/Unit/Http/Requests/RequestCase.php" line="41" class="Tests\Unit\Playground\Matrix\Api\Http\Requests\Sprint\UpdateRequestTest" classname="Tests.Unit.Playground.Matrix.Api.Http.Requests.Sprint.UpdateRequestTest" assertions="1" time="0.070846"/>
        <testcase name="test_UpdateRequest_rules_with_optional_revisions_disabled" file="/app/tests/Unit/Http/Requests/Sprint/UpdateRequestTest.php" line="19" class="Tests\Unit\Playground\Matrix\Api\Http\Requests\Sprint\UpdateRequestTest" classname="Tests.Unit.Playground.Matrix.Api.Http.Requests.Sprint.UpdateRequestTest" assertions="3" time="0.048228"/>
        <testcase name="test_UpdateRequest_rules_with_optional_revisions_enabled" file="/app/tests/Unit/Http/Requests/Sprint/UpdateRequestTest.php" line="29" class="Tests\Unit\Playground\Matrix\Api\Http\Requests\Sprint\UpdateRequestTest" classname="Tests.Unit.Playground.Matrix.Api.Http.Requests.Sprint.UpdateRequestTest" assertions="4" time="0.050577"/>
      </testsuite>
      <testsuite name="Tests\Unit\Playground\Matrix\Api\Http\Requests\Tag\CreateRequestTest" file="/app/tests/Unit/Http/Requests/Tag/CreateRequestTest.php" tests="1" assertions="1" errors="0" failures="0" skipped="0" time="0.064423">
        <testcase name="test_request_instance" file="/app/vendor/gammamatrix/playground-test/src/Unit/Http/Requests/RequestCase.php" line="41" class="Tests\Unit\Playground\Matrix\Api\Http\Requests\Tag\CreateRequestTest" classname="Tests.Unit.Playground.Matrix.Api.Http.Requests.Tag.CreateRequestTest" assertions="1" time="0.064423"/>
      </testsuite>
      <testsuite name="Tests\Unit\Playground\Matrix\Api\Http\Requests\Tag\DestroyRequestTest" file="/app/tests/Unit/Http/Requests/Tag/DestroyRequestTest.php" tests="1" assertions="1" errors="0" failures="0" skipped="0" time="0.050186">
        <testcase name="test_request_instance" file="/app/vendor/gammamatrix/playground-test/src/Unit/Http/Requests/RequestCase.php" line="41" class="Tests\Unit\Playground\Matrix\Api\Http\Requests\Tag\DestroyRequestTest" classname="Tests.Unit.Playground.Matrix.Api.Http.Requests.Tag.DestroyRequestTest" assertions="1" time="0.050186"/>
      </testsuite>
      <testsuite name="Tests\Unit\Playground\Matrix\Api\Http\Requests\Tag\EditRequestTest" file="/app/tests/Unit/Http/Requests/Tag/EditRequestTest.php" tests="1" assertions="1" errors="0" failures="0" skipped="0" time="0.058881">
        <testcase name="test_request_instance" file="/app/vendor/gammamatrix/playground-test/src/Unit/Http/Requests/RequestCase.php" line="41" class="Tests\Unit\Playground\Matrix\Api\Http\Requests\Tag\EditRequestTest" classname="Tests.Unit.Playground.Matrix.Api.Http.Requests.Tag.EditRequestTest" assertions="1" time="0.058881"/>
      </testsuite>
      <testsuite name="Tests\Unit\Playground\Matrix\Api\Http\Requests\Tag\IndexRequestTest" file="/app/tests/Unit/Http/Requests/Tag/IndexRequestTest.php" tests="1" assertions="1" errors="0" failures="0" skipped="0" time="0.089468">
        <testcase name="test_request_instance" file="/app/vendor/gammamatrix/playground-test/src/Unit/Http/Requests/RequestCase.php" line="41" class="Tests\Unit\Playground\Matrix\Api\Http\Requests\Tag\IndexRequestTest" classname="Tests.Unit.Playground.Matrix.Api.Http.Requests.Tag.IndexRequestTest" assertions="1" time="0.089468"/>
      </testsuite>
      <testsuite name="Tests\Unit\Playground\Matrix\Api\Http\Requests\Tag\LockRequestTest" file="/app/tests/Unit/Http/Requests/Tag/LockRequestTest.php" tests="1" assertions="1" errors="0" failures="0" skipped="0" time="0.049952">
        <testcase name="test_request_instance" file="/app/vendor/gammamatrix/playground-test/src/Unit/Http/Requests/RequestCase.php" line="41" class="Tests\Unit\Playground\Matrix\Api\Http\Requests\Tag\LockRequestTest" classname="Tests.Unit.Playground.Matrix.Api.Http.Requests.Tag.LockRequestTest" assertions="1" time="0.049952"/>
      </testsuite>
      <testsuite name="Tests\Unit\Playground\Matrix\Api\Http\Requests\Tag\RestoreRequestTest" file="/app/tests/Unit/Http/Requests/Tag/RestoreRequestTest.php" tests="1" assertions="1" errors="0" failures="0" skipped="0" time="0.050249">
        <testcase name="test_request_instance" file="/app/vendor/gammamatrix/playground-test/src/Unit/Http/Requests/RequestCase.php" line="41" class="Tests\Unit\Playground\Matrix\Api\Http\Requests\Tag\RestoreRequestTest" classname="Tests.Unit.Playground.Matrix.Api.Http.Requests.Tag.RestoreRequestTest" assertions="1" time="0.050249"/>
      </testsuite>
      <testsuite name="Tests\Unit\Playground\Matrix\Api\Http\Requests\Tag\ShowRequestTest" file="/app/tests/Unit/Http/Requests/Tag/ShowRequestTest.php" tests="1" assertions="1" errors="0" failures="0" skipped="0" time="0.049749">
        <testcase name="test_request_instance" file="/app/vendor/gammamatrix/playground-test/src/Unit/Http/Requests/RequestCase.php" line="41" class="Tests\Unit\Playground\Matrix\Api\Http\Requests\Tag\ShowRequestTest" classname="Tests.Unit.Playground.Matrix.Api.Http.Requests.Tag.ShowRequestTest" assertions="1" time="0.049749"/>
      </testsuite>
      <testsuite name="Tests\Unit\Playground\Matrix\Api\Http\Requests\Tag\StoreRequestTest" file="/app/tests/Unit/Http/Requests/Tag/StoreRequestTest.php" tests="3" assertions="8" errors="0" failures="0" skipped="0" time="0.157186">
        <testcase name="test_request_instance" file="/app/vendor/gammamatrix/playground-test/src/Unit/Http/Requests/RequestCase.php" line="41" class="Tests\Unit\Playground\Matrix\Api\Http\Requests\Tag\StoreRequestTest" classname="Tests.Unit.Playground.Matrix.Api.Http.Requests.Tag.StoreRequestTest" assertions="1" time="0.061789"/>
        <testcase name="test_StoreRequest_rules_with_optional_revisions_disabled" file="/app/tests/Unit/Http/Requests/Tag/StoreRequestTest.php" line="19" class="Tests\Unit\Playground\Matrix\Api\Http\Requests\Tag\StoreRequestTest" classname="Tests.Unit.Playground.Matrix.Api.Http.Requests.Tag.StoreRequestTest" assertions="3" time="0.046648"/>
        <testcase name="test_StoreRequest_rules_with_optional_revisions_enabled" file="/app/tests/Unit/Http/Requests/Tag/StoreRequestTest.php" line="29" class="Tests\Unit\Playground\Matrix\Api\Http\Requests\Tag\StoreRequestTest" classname="Tests.Unit.Playground.Matrix.Api.Http.Requests.Tag.StoreRequestTest" assertions="4" time="0.048750"/>
      </testsuite>
      <testsuite name="Tests\Unit\Playground\Matrix\Api\Http\Requests\Tag\UnlockRequestTest" file="/app/tests/Unit/Http/Requests/Tag/UnlockRequestTest.php" tests="1" assertions="1" errors="0" failures="0" skipped="0" time="0.056043">
        <testcase name="test_request_instance" file="/app/vendor/gammamatrix/playground-test/src/Unit/Http/Requests/RequestCase.php" line="41" class="Tests\Unit\Playground\Matrix\Api\Http\Requests\Tag\UnlockRequestTest" classname="Tests.Unit.Playground.Matrix.Api.Http.Requests.Tag.UnlockRequestTest" assertions="1" time="0.056043"/>
      </testsuite>
      <testsuite name="Tests\Unit\Playground\Matrix\Api\Http\Requests\Tag\UpdateRequestTest" file="/app/tests/Unit/Http/Requests/Tag/UpdateRequestTest.php" tests="3" assertions="8" errors="0" failures="0" skipped="0" time="0.156311">
        <testcase name="test_request_instance" file="/app/vendor/gammamatrix/playground-test/src/Unit/Http/Requests/RequestCase.php" line="41" class="Tests\Unit\Playground\Matrix\Api\Http\Requests\Tag\UpdateRequestTest" classname="Tests.Unit.Playground.Matrix.Api.Http.Requests.Tag.UpdateRequestTest" assertions="1" time="0.061870"/>
        <testcase name="test_UpdateRequest_rules_with_optional_revisions_disabled" file="/app/tests/Unit/Http/Requests/Tag/UpdateRequestTest.php" line="19" class="Tests\Unit\Playground\Matrix\Api\Http\Requests\Tag\UpdateRequestTest" classname="Tests.Unit.Playground.Matrix.Api.Http.Requests.Tag.UpdateRequestTest" assertions="3" time="0.047163"/>
        <testcase name="test_UpdateRequest_rules_with_optional_revisions_enabled" file="/app/tests/Unit/Http/Requests/Tag/UpdateRequestTest.php" line="29" class="Tests\Unit\Playground\Matrix\Api\Http\Requests\Tag\UpdateRequestTest" classname="Tests.Unit.Playground.Matrix.Api.Http.Requests.Tag.UpdateRequestTest" assertions="4" time="0.047278"/>
      </testsuite>
      <testsuite name="Tests\Unit\Playground\Matrix\Api\Http\Requests\Team\CreateRequestTest" file="/app/tests/Unit/Http/Requests/Team/CreateRequestTest.php" tests="1" assertions="1" errors="0" failures="0" skipped="0" time="0.066604">
        <testcase name="test_request_instance" file="/app/vendor/gammamatrix/playground-test/src/Unit/Http/Requests/RequestCase.php" line="41" class="Tests\Unit\Playground\Matrix\Api\Http\Requests\Team\CreateRequestTest" classname="Tests.Unit.Playground.Matrix.Api.Http.Requests.Team.CreateRequestTest" assertions="1" time="0.066604"/>
      </testsuite>
      <testsuite name="Tests\Unit\Playground\Matrix\Api\Http\Requests\Team\DestroyRequestTest" file="/app/tests/Unit/Http/Requests/Team/DestroyRequestTest.php" tests="1" assertions="1" errors="0" failures="0" skipped="0" time="0.050367">
        <testcase name="test_request_instance" file="/app/vendor/gammamatrix/playground-test/src/Unit/Http/Requests/RequestCase.php" line="41" class="Tests\Unit\Playground\Matrix\Api\Http\Requests\Team\DestroyRequestTest" classname="Tests.Unit.Playground.Matrix.Api.Http.Requests.Team.DestroyRequestTest" assertions="1" time="0.050367"/>
      </testsuite>
      <testsuite name="Tests\Unit\Playground\Matrix\Api\Http\Requests\Team\EditRequestTest" file="/app/tests/Unit/Http/Requests/Team/EditRequestTest.php" tests="1" assertions="1" errors="0" failures="0" skipped="0" time="0.072085">
        <testcase name="test_request_instance" file="/app/vendor/gammamatrix/playground-test/src/Unit/Http/Requests/RequestCase.php" line="41" class="Tests\Unit\Playground\Matrix\Api\Http\Requests\Team\EditRequestTest" classname="Tests.Unit.Playground.Matrix.Api.Http.Requests.Team.EditRequestTest" assertions="1" time="0.072085"/>
      </testsuite>
      <testsuite name="Tests\Unit\Playground\Matrix\Api\Http\Requests\Team\IndexRequestTest" file="/app/tests/Unit/Http/Requests/Team/IndexRequestTest.php" tests="1" assertions="1" errors="0" failures="0" skipped="0" time="0.113272">
        <testcase name="test_request_instance" file="/app/vendor/gammamatrix/playground-test/src/Unit/Http/Requests/RequestCase.php" line="41" class="Tests\Unit\Playground\Matrix\Api\Http\Requests\Team\IndexRequestTest" classname="Tests.Unit.Playground.Matrix.Api.Http.Requests.Team.IndexRequestTest" assertions="1" time="0.113272"/>
      </testsuite>
      <testsuite name="Tests\Unit\Playground\Matrix\Api\Http\Requests\Team\LockRequestTest" file="/app/tests/Unit/Http/Requests/Team/LockRequestTest.php" tests="1" assertions="1" errors="0" failures="0" skipped="0" time="0.048647">
        <testcase name="test_request_instance" file="/app/vendor/gammamatrix/playground-test/src/Unit/Http/Requests/RequestCase.php" line="41" class="Tests\Unit\Playground\Matrix\Api\Http\Requests\Team\LockRequestTest" classname="Tests.Unit.Playground.Matrix.Api.Http.Requests.Team.LockRequestTest" assertions="1" time="0.048647"/>
      </testsuite>
      <testsuite name="Tests\Unit\Playground\Matrix\Api\Http\Requests\Team\RestoreRequestTest" file="/app/tests/Unit/Http/Requests/Team/RestoreRequestTest.php" tests="1" assertions="1" errors="0" failures="0" skipped="0" time="0.047970">
        <testcase name="test_request_instance" file="/app/vendor/gammamatrix/playground-test/src/Unit/Http/Requests/RequestCase.php" line="41" class="Tests\Unit\Playground\Matrix\Api\Http\Requests\Team\RestoreRequestTest" classname="Tests.Unit.Playground.Matrix.Api.Http.Requests.Team.RestoreRequestTest" assertions="1" time="0.047970"/>
      </testsuite>
      <testsuite name="Tests\Unit\Playground\Matrix\Api\Http\Requests\Team\ShowRequestTest" file="/app/tests/Unit/Http/Requests/Team/ShowRequestTest.php" tests="1" assertions="1" errors="0" failures="0" skipped="0" time="0.047734">
        <testcase name="test_request_instance" file="/app/vendor/gammamatrix/playground-test/src/Unit/Http/Requests/RequestCase.php" line="41" class="Tests\Unit\Playground\Matrix\Api\Http\Requests\Team\ShowRequestTest" classname="Tests.Unit.Playground.Matrix.Api.Http.Requests.Team.ShowRequestTest" assertions="1" time="0.047734"/>
      </testsuite>
      <testsuite name="Tests\Unit\Playground\Matrix\Api\Http\Requests\Team\StoreRequestTest" file="/app/tests/Unit/Http/Requests/Team/StoreRequestTest.php" tests="3" assertions="8" errors="0" failures="0" skipped="0" time="0.168926">
        <testcase name="test_request_instance" file="/app/vendor/gammamatrix/playground-test/src/Unit/Http/Requests/RequestCase.php" line="41" class="Tests\Unit\Playground\Matrix\Api\Http\Requests\Team\StoreRequestTest" classname="Tests.Unit.Playground.Matrix.Api.Http.Requests.Team.StoreRequestTest" assertions="1" time="0.076395"/>
        <testcase name="test_StoreRequest_rules_with_optional_revisions_disabled" file="/app/tests/Unit/Http/Requests/Team/StoreRequestTest.php" line="19" class="Tests\Unit\Playground\Matrix\Api\Http\Requests\Team\StoreRequestTest" classname="Tests.Unit.Playground.Matrix.Api.Http.Requests.Team.StoreRequestTest" assertions="3" time="0.046809"/>
        <testcase name="test_StoreRequest_rules_with_optional_revisions_enabled" file="/app/tests/Unit/Http/Requests/Team/StoreRequestTest.php" line="29" class="Tests\Unit\Playground\Matrix\Api\Http\Requests\Team\StoreRequestTest" classname="Tests.Unit.Playground.Matrix.Api.Http.Requests.Team.StoreRequestTest" assertions="4" time="0.045722"/>
      </testsuite>
      <testsuite name="Tests\Unit\Playground\Matrix\Api\Http\Requests\Team\UnlockRequestTest" file="/app/tests/Unit/Http/Requests/Team/UnlockRequestTest.php" tests="1" assertions="1" errors="0" failures="0" skipped="0" time="0.049330">
        <testcase name="test_request_instance" file="/app/vendor/gammamatrix/playground-test/src/Unit/Http/Requests/RequestCase.php" line="41" class="Tests\Unit\Playground\Matrix\Api\Http\Requests\Team\UnlockRequestTest" classname="Tests.Unit.Playground.Matrix.Api.Http.Requests.Team.UnlockRequestTest" assertions="1" time="0.049330"/>
      </testsuite>
      <testsuite name="Tests\Unit\Playground\Matrix\Api\Http\Requests\Team\UpdateRequestTest" file="/app/tests/Unit/Http/Requests/Team/UpdateRequestTest.php" tests="3" assertions="8" errors="0" failures="0" skipped="0" time="0.164151">
        <testcase name="test_request_instance" file="/app/vendor/gammamatrix/playground-test/src/Unit/Http/Requests/RequestCase.php" line="41" class="Tests\Unit\Playground\Matrix\Api\Http\Requests\Team\UpdateRequestTest" classname="Tests.Unit.Playground.Matrix.Api.Http.Requests.Team.UpdateRequestTest" assertions="1" time="0.070562"/>
        <testcase name="test_UpdateRequest_rules_with_optional_revisions_disabled" file="/app/tests/Unit/Http/Requests/Team/UpdateRequestTest.php" line="19" class="Tests\Unit\Playground\Matrix\Api\Http\Requests\Team\UpdateRequestTest" classname="Tests.Unit.Playground.Matrix.Api.Http.Requests.Team.UpdateRequestTest" assertions="3" time="0.047202"/>
        <testcase name="test_UpdateRequest_rules_with_optional_revisions_enabled" file="/app/tests/Unit/Http/Requests/Team/UpdateRequestTest.php" line="29" class="Tests\Unit\Playground\Matrix\Api\Http\Requests\Team\UpdateRequestTest" classname="Tests.Unit.Playground.Matrix.Api.Http.Requests.Team.UpdateRequestTest" assertions="4" time="0.046386"/>
      </testsuite>
      <testsuite name="Tests\Unit\Playground\Matrix\Api\Http\Requests\Ticket\CreateRequestTest" file="/app/tests/Unit/Http/Requests/Ticket/CreateRequestTest.php" tests="1" assertions="1" errors="0" failures="0" skipped="0" time="0.077395">
        <testcase name="test_request_instance" file="/app/vendor/gammamatrix/playground-test/src/Unit/Http/Requests/RequestCase.php" line="41" class="Tests\Unit\Playground\Matrix\Api\Http\Requests\Ticket\CreateRequestTest" classname="Tests.Unit.Playground.Matrix.Api.Http.Requests.Ticket.CreateRequestTest" assertions="1" time="0.077395"/>
      </testsuite>
      <testsuite name="Tests\Unit\Playground\Matrix\Api\Http\Requests\Ticket\DestroyRequestTest" file="/app/tests/Unit/Http/Requests/Ticket/DestroyRequestTest.php" tests="1" assertions="1" errors="0" failures="0" skipped="0" time="0.050446">
        <testcase name="test_request_instance" file="/app/vendor/gammamatrix/playground-test/src/Unit/Http/Requests/RequestCase.php" line="41" class="Tests\Unit\Playground\Matrix\Api\Http\Requests\Ticket\DestroyRequestTest" classname="Tests.Unit.Playground.Matrix.Api.Http.Requests.Ticket.DestroyRequestTest" assertions="1" time="0.050446"/>
      </testsuite>
      <testsuite name="Tests\Unit\Playground\Matrix\Api\Http\Requests\Ticket\EditRequestTest" file="/app/tests/Unit/Http/Requests/Ticket/EditRequestTest.php" tests="1" assertions="1" errors="0" failures="0" skipped="0" time="0.070416">
        <testcase name="test_request_instance" file="/app/vendor/gammamatrix/playground-test/src/Unit/Http/Requests/RequestCase.php" line="41" class="Tests\Unit\Playground\Matrix\Api\Http\Requests\Ticket\EditRequestTest" classname="Tests.Unit.Playground.Matrix.Api.Http.Requests.Ticket.EditRequestTest" assertions="1" time="0.070416"/>
      </testsuite>
      <testsuite name="Tests\Unit\Playground\Matrix\Api\Http\Requests\Ticket\IndexRequestTest" file="/app/tests/Unit/Http/Requests/Ticket/IndexRequestTest.php" tests="1" assertions="1" errors="0" failures="0" skipped="0" time="0.141554">
        <testcase name="test_request_instance" file="/app/vendor/gammamatrix/playground-test/src/Unit/Http/Requests/RequestCase.php" line="41" class="Tests\Unit\Playground\Matrix\Api\Http\Requests\Ticket\IndexRequestTest" classname="Tests.Unit.Playground.Matrix.Api.Http.Requests.Ticket.IndexRequestTest" assertions="1" time="0.141554"/>
      </testsuite>
      <testsuite name="Tests\Unit\Playground\Matrix\Api\Http\Requests\Ticket\LockRequestTest" file="/app/tests/Unit/Http/Requests/Ticket/LockRequestTest.php" tests="1" assertions="1" errors="0" failures="0" skipped="0" time="0.048416">
        <testcase name="test_request_instance" file="/app/vendor/gammamatrix/playground-test/src/Unit/Http/Requests/RequestCase.php" line="41" class="Tests\Unit\Playground\Matrix\Api\Http\Requests\Ticket\LockRequestTest" classname="Tests.Unit.Playground.Matrix.Api.Http.Requests.Ticket.LockRequestTest" assertions="1" time="0.048416"/>
      </testsuite>
      <testsuite name="Tests\Unit\Playground\Matrix\Api\Http\Requests\Ticket\RestoreRequestTest" file="/app/tests/Unit/Http/Requests/Ticket/RestoreRequestTest.php" tests="1" assertions="1" errors="0" failures="0" skipped="0" time="0.048596">
        <testcase name="test_request_instance" file="/app/vendor/gammamatrix/playground-test/src/Unit/Http/Requests/RequestCase.php" line="41" class="Tests\Unit\Playground\Matrix\Api\Http\Requests\Ticket\RestoreRequestTest" classname="Tests.Unit.Playground.Matrix.Api.Http.Requests.Ticket.RestoreRequestTest" assertions="1" time="0.048596"/>
      </testsuite>
      <testsuite name="Tests\Unit\Playground\Matrix\Api\Http\Requests\Ticket\ShowRequestTest" file="/app/tests/Unit/Http/Requests/Ticket/ShowRequestTest.php" tests="1" assertions="1" errors="0" failures="0" skipped="0" time="0.049245">
        <testcase name="test_request_instance" file="/app/vendor/gammamatrix/playground-test/src/Unit/Http/Requests/RequestCase.php" line="41" class="Tests\Unit\Playground\Matrix\Api\Http\Requests\Ticket\ShowRequestTest" classname="Tests.Unit.Playground.Matrix.Api.Http.Requests.Ticket.ShowRequestTest" assertions="1" time="0.049245"/>
      </testsuite>
      <testsuite name="Tests\Unit\Playground\Matrix\Api\Http\Requests\Ticket\StoreRequestTest" file="/app/tests/Unit/Http/Requests/Ticket/StoreRequestTest.php" tests="3" assertions="8" errors="0" failures="0" skipped="0" time="0.172004">
        <testcase name="test_request_instance" file="/app/vendor/gammamatrix/playground-test/src/Unit/Http/Requests/RequestCase.php" line="41" class="Tests\Unit\Playground\Matrix\Api\Http\Requests\Ticket\StoreRequestTest" classname="Tests.Unit.Playground.Matrix.Api.Http.Requests.Ticket.StoreRequestTest" assertions="1" time="0.075154"/>
        <testcase name="test_StoreRequest_rules_with_optional_revisions_disabled" file="/app/tests/Unit/Http/Requests/Ticket/StoreRequestTest.php" line="19" class="Tests\Unit\Playground\Matrix\Api\Http\Requests\Ticket\StoreRequestTest" classname="Tests.Unit.Playground.Matrix.Api.Http.Requests.Ticket.StoreRequestTest" assertions="3" time="0.047488"/>
        <testcase name="test_StoreRequest_rules_with_optional_revisions_enabled" file="/app/tests/Unit/Http/Requests/Ticket/StoreRequestTest.php" line="29" class="Tests\Unit\Playground\Matrix\Api\Http\Requests\Ticket\StoreRequestTest" classname="Tests.Unit.Playground.Matrix.Api.Http.Requests.Ticket.StoreRequestTest" assertions="4" time="0.049361"/>
      </testsuite>
      <testsuite name="Tests\Unit\Playground\Matrix\Api\Http\Requests\Ticket\UnlockRequestTest" file="/app/tests/Unit/Http/Requests/Ticket/UnlockRequestTest.php" tests="1" assertions="1" errors="0" failures="0" skipped="0" time="0.047777">
        <testcase name="test_request_instance" file="/app/vendor/gammamatrix/playground-test/src/Unit/Http/Requests/RequestCase.php" line="41" class="Tests\Unit\Playground\Matrix\Api\Http\Requests\Ticket\UnlockRequestTest" classname="Tests.Unit.Playground.Matrix.Api.Http.Requests.Ticket.UnlockRequestTest" assertions="1" time="0.047777"/>
      </testsuite>
      <testsuite name="Tests\Unit\Playground\Matrix\Api\Http\Requests\Ticket\UpdateRequestTest" file="/app/tests/Unit/Http/Requests/Ticket/UpdateRequestTest.php" tests="3" assertions="8" errors="0" failures="0" skipped="0" time="0.171424">
        <testcase name="test_request_instance" file="/app/vendor/gammamatrix/playground-test/src/Unit/Http/Requests/RequestCase.php" line="41" class="Tests\Unit\Playground\Matrix\Api\Http\Requests\Ticket\UpdateRequestTest" classname="Tests.Unit.Playground.Matrix.Api.Http.Requests.Ticket.UpdateRequestTest" assertions="1" time="0.078034"/>
        <testcase name="test_UpdateRequest_rules_with_optional_revisions_disabled" file="/app/tests/Unit/Http/Requests/Ticket/UpdateRequestTest.php" line="19" class="Tests\Unit\Playground\Matrix\Api\Http\Requests\Ticket\UpdateRequestTest" classname="Tests.Unit.Playground.Matrix.Api.Http.Requests.Ticket.UpdateRequestTest" assertions="3" time="0.046952"/>
        <testcase name="test_UpdateRequest_rules_with_optional_revisions_enabled" file="/app/tests/Unit/Http/Requests/Ticket/UpdateRequestTest.php" line="29" class="Tests\Unit\Playground\Matrix\Api\Http\Requests\Ticket\UpdateRequestTest" classname="Tests.Unit.Playground.Matrix.Api.Http.Requests.Ticket.UpdateRequestTest" assertions="4" time="0.046439"/>
      </testsuite>
      <testsuite name="Tests\Unit\Playground\Matrix\Api\Http\Requests\Version\CreateRequestTest" file="/app/tests/Unit/Http/Requests/Version/CreateRequestTest.php" tests="1" assertions="1" errors="0" failures="0" skipped="0" time="0.072522">
        <testcase name="test_request_instance" file="/app/vendor/gammamatrix/playground-test/src/Unit/Http/Requests/RequestCase.php" line="41" class="Tests\Unit\Playground\Matrix\Api\Http\Requests\Version\CreateRequestTest" classname="Tests.Unit.Playground.Matrix.Api.Http.Requests.Version.CreateRequestTest" assertions="1" time="0.072522"/>
      </testsuite>
      <testsuite name="Tests\Unit\Playground\Matrix\Api\Http\Requests\Version\DestroyRequestTest" file="/app/tests/Unit/Http/Requests/Version/DestroyRequestTest.php" tests="1" assertions="1" errors="0" failures="0" skipped="0" time="0.050745">
        <testcase name="test_request_instance" file="/app/vendor/gammamatrix/playground-test/src/Unit/Http/Requests/RequestCase.php" line="41" class="Tests\Unit\Playground\Matrix\Api\Http\Requests\Version\DestroyRequestTest" classname="Tests.Unit.Playground.Matrix.Api.Http.Requests.Version.DestroyRequestTest" assertions="1" time="0.050745"/>
      </testsuite>
      <testsuite name="Tests\Unit\Playground\Matrix\Api\Http\Requests\Version\EditRequestTest" file="/app/tests/Unit/Http/Requests/Version/EditRequestTest.php" tests="1" assertions="1" errors="0" failures="0" skipped="0" time="0.063692">
        <testcase name="test_request_instance" file="/app/vendor/gammamatrix/playground-test/src/Unit/Http/Requests/RequestCase.php" line="41" class="Tests\Unit\Playground\Matrix\Api\Http\Requests\Version\EditRequestTest" classname="Tests.Unit.Playground.Matrix.Api.Http.Requests.Version.EditRequestTest" assertions="1" time="0.063692"/>
      </testsuite>
      <testsuite name="Tests\Unit\Playground\Matrix\Api\Http\Requests\Version\IndexRequestTest" file="/app/tests/Unit/Http/Requests/Version/IndexRequestTest.php" tests="1" assertions="1" errors="0" failures="0" skipped="0" time="0.112697">
        <testcase name="test_request_instance" file="/app/vendor/gammamatrix/playground-test/src/Unit/Http/Requests/RequestCase.php" line="41" class="Tests\Unit\Playground\Matrix\Api\Http\Requests\Version\IndexRequestTest" classname="Tests.Unit.Playground.Matrix.Api.Http.Requests.Version.IndexRequestTest" assertions="1" time="0.112697"/>
      </testsuite>
      <testsuite name="Tests\Unit\Playground\Matrix\Api\Http\Requests\Version\LockRequestTest" file="/app/tests/Unit/Http/Requests/Version/LockRequestTest.php" tests="1" assertions="1" errors="0" failures="0" skipped="0" time="0.049400">
        <testcase name="test_request_instance" file="/app/vendor/gammamatrix/playground-test/src/Unit/Http/Requests/RequestCase.php" line="41" class="Tests\Unit\Playground\Matrix\Api\Http\Requests\Version\LockRequestTest" classname="Tests.Unit.Playground.Matrix.Api.Http.Requests.Version.LockRequestTest" assertions="1" time="0.049400"/>
      </testsuite>
      <testsuite name="Tests\Unit\Playground\Matrix\Api\Http\Requests\Version\RestoreRequestTest" file="/app/tests/Unit/Http/Requests/Version/RestoreRequestTest.php" tests="1" assertions="1" errors="0" failures="0" skipped="0" time="0.049496">
        <testcase name="test_request_instance" file="/app/vendor/gammamatrix/playground-test/src/Unit/Http/Requests/RequestCase.php" line="41" class="Tests\Unit\Playground\Matrix\Api\Http\Requests\Version\RestoreRequestTest" classname="Tests.Unit.Playground.Matrix.Api.Http.Requests.Version.RestoreRequestTest" assertions="1" time="0.049496"/>
      </testsuite>
      <testsuite name="Tests\Unit\Playground\Matrix\Api\Http\Requests\Version\ShowRequestTest" file="/app/tests/Unit/Http/Requests/Version/ShowRequestTest.php" tests="1" assertions="1" errors="0" failures="0" skipped="0" time="0.048470">
        <testcase name="test_request_instance" file="/app/vendor/gammamatrix/playground-test/src/Unit/Http/Requests/RequestCase.php" line="41" class="Tests\Unit\Playground\Matrix\Api\Http\Requests\Version\ShowRequestTest" classname="Tests.Unit.Playground.Matrix.Api.Http.Requests.Version.ShowRequestTest" assertions="1" time="0.048470"/>
      </testsuite>
      <testsuite name="Tests\Unit\Playground\Matrix\Api\Http\Requests\Version\StoreRequestTest" file="/app/tests/Unit/Http/Requests/Version/StoreRequestTest.php" tests="3" assertions="8" errors="0" failures="0" skipped="0" time="0.170156">
        <testcase name="test_request_instance" file="/app/vendor/gammamatrix/playground-test/src/Unit/Http/Requests/RequestCase.php" line="41" class="Tests\Unit\Playground\Matrix\Api\Http\Requests\Version\StoreRequestTest" classname="Tests.Unit.Playground.Matrix.Api.Http.Requests.Version.StoreRequestTest" assertions="1" time="0.075302"/>
        <testcase name="test_StoreRequest_rules_with_optional_revisions_disabled" file="/app/tests/Unit/Http/Requests/Version/StoreRequestTest.php" line="19" class="Tests\Unit\Playground\Matrix\Api\Http\Requests\Version\StoreRequestTest" classname="Tests.Unit.Playground.Matrix.Api.Http.Requests.Version.StoreRequestTest" assertions="3" time="0.047729"/>
        <testcase name="test_StoreRequest_rules_with_optional_revisions_enabled" file="/app/tests/Unit/Http/Requests/Version/StoreRequestTest.php" line="29" class="Tests\Unit\Playground\Matrix\Api\Http\Requests\Version\StoreRequestTest" classname="Tests.Unit.Playground.Matrix.Api.Http.Requests.Version.StoreRequestTest" assertions="4" time="0.047124"/>
      </testsuite>
      <testsuite name="Tests\Unit\Playground\Matrix\Api\Http\Requests\Version\UnlockRequestTest" file="/app/tests/Unit/Http/Requests/Version/UnlockRequestTest.php" tests="1" assertions="1" errors="0" failures="0" skipped="0" time="0.048467">
        <testcase name="test_request_instance" file="/app/vendor/gammamatrix/playground-test/src/Unit/Http/Requests/RequestCase.php" line="41" class="Tests\Unit\Playground\Matrix\Api\Http\Requests\Version\UnlockRequestTest" classname="Tests.Unit.Playground.Matrix.Api.Http.Requests.Version.UnlockRequestTest" assertions="1" time="0.048467"/>
      </testsuite>
      <testsuite name="Tests\Unit\Playground\Matrix\Api\Http\Requests\Version\UpdateRequestTest" file="/app/tests/Unit/Http/Requests/Version/UpdateRequestTest.php" tests="3" assertions="8" errors="0" failures="0" skipped="0" time="0.164530">
        <testcase name="test_request_instance" file="/app/vendor/gammamatrix/playground-test/src/Unit/Http/Requests/RequestCase.php" line="41" class="Tests\Unit\Playground\Matrix\Api\Http\Requests\Version\UpdateRequestTest" classname="Tests.Unit.Playground.Matrix.Api.Http.Requests.Version.UpdateRequestTest" assertions="1" time="0.066872"/>
        <testcase name="test_UpdateRequest_rules_with_optional_revisions_disabled" file="/app/tests/Unit/Http/Requests/Version/UpdateRequestTest.php" line="19" class="Tests\Unit\Playground\Matrix\Api\Http\Requests\Version\UpdateRequestTest" classname="Tests.Unit.Playground.Matrix.Api.Http.Requests.Version.UpdateRequestTest" assertions="3" time="0.050397"/>
        <testcase name="test_UpdateRequest_rules_with_optional_revisions_enabled" file="/app/tests/Unit/Http/Requests/Version/UpdateRequestTest.php" line="29" class="Tests\Unit\Playground\Matrix\Api\Http\Requests\Version\UpdateRequestTest" classname="Tests.Unit.Playground.Matrix.Api.Http.Requests.Version.UpdateRequestTest" assertions="4" time="0.047261"/>
      </testsuite>
      <testsuite name="Tests\Unit\Playground\Matrix\Api\Policies\BacklogPolicy\PolicyTest" file="/app/tests/Unit/Policies/BacklogPolicy/PolicyTest.php" tests="1" assertions="1" errors="0" failures="0" skipped="0" time="0.046706">
        <testcase name="test_policy_instance" file="/app/tests/Unit/Policies/BacklogPolicy/PolicyTest.php" line="19" class="Tests\Unit\Playground\Matrix\Api\Policies\BacklogPolicy\PolicyTest" classname="Tests.Unit.Playground.Matrix.Api.Policies.BacklogPolicy.PolicyTest" assertions="1" time="0.046706"/>
      </testsuite>
      <testsuite name="Tests\Unit\Playground\Matrix\Api\Policies\BoardPolicy\PolicyTest" file="/app/tests/Unit/Policies/BoardPolicy/PolicyTest.php" tests="1" assertions="1" errors="0" failures="0" skipped="0" time="0.053824">
        <testcase name="test_policy_instance" file="/app/tests/Unit/Policies/BoardPolicy/PolicyTest.php" line="19" class="Tests\Unit\Playground\Matrix\Api\Policies\BoardPolicy\PolicyTest" classname="Tests.Unit.Playground.Matrix.Api.Policies.BoardPolicy.PolicyTest" assertions="1" time="0.053824"/>
      </testsuite>
      <testsuite name="Tests\Unit\Playground\Matrix\Api\Policies\EpicPolicy\PolicyTest" file="/app/tests/Unit/Policies/EpicPolicy/PolicyTest.php" tests="1" assertions="1" errors="0" failures="0" skipped="0" time="0.046750">
        <testcase name="test_policy_instance" file="/app/tests/Unit/Policies/EpicPolicy/PolicyTest.php" line="19" class="Tests\Unit\Playground\Matrix\Api\Policies\EpicPolicy\PolicyTest" classname="Tests.Unit.Playground.Matrix.Api.Policies.EpicPolicy.PolicyTest" assertions="1" time="0.046750"/>
      </testsuite>
      <testsuite name="Tests\Unit\Playground\Matrix\Api\Policies\FlowPolicy\PolicyTest" file="/app/tests/Unit/Policies/FlowPolicy/PolicyTest.php" tests="1" assertions="1" errors="0" failures="0" skipped="0" time="0.046702">
        <testcase name="test_policy_instance" file="/app/tests/Unit/Policies/FlowPolicy/PolicyTest.php" line="19" class="Tests\Unit\Playground\Matrix\Api\Policies\FlowPolicy\PolicyTest" classname="Tests.Unit.Playground.Matrix.Api.Policies.FlowPolicy.PolicyTest" assertions="1" time="0.046702"/>
      </testsuite>
      <testsuite name="Tests\Unit\Playground\Matrix\Api\Policies\MatrixPolicy\PolicyTest" file="/app/tests/Unit/Policies/MatrixPolicy/PolicyTest.php" tests="1" assertions="1" errors="0" failures="0" skipped="0" time="0.046604">
        <testcase name="test_policy_instance" file="/app/tests/Unit/Policies/MatrixPolicy/PolicyTest.php" line="19" class="Tests\Unit\Playground\Matrix\Api\Policies\MatrixPolicy\PolicyTest" classname="Tests.Unit.Playground.Matrix.Api.Policies.MatrixPolicy.PolicyTest" assertions="1" time="0.046604"/>
      </testsuite>
      <testsuite name="Tests\Unit\Playground\Matrix\Api\Policies\MilestonePolicy\PolicyTest" file="/app/tests/Unit/Policies/MilestonePolicy/PolicyTest.php" tests="1" assertions="1" errors="0" failures="0" skipped="0" time="0.047587">
        <testcase name="test_policy_instance" file="/app/tests/Unit/Policies/MilestonePolicy/PolicyTest.php" line="19" class="Tests\Unit\Playground\Matrix\Api\Policies\MilestonePolicy\PolicyTest" classname="Tests.Unit.Playground.Matrix.Api.Policies.MilestonePolicy.PolicyTest" assertions="1" time="0.047587"/>
      </testsuite>
      <testsuite name="Tests\Unit\Playground\Matrix\Api\Policies\NotePolicy\PolicyTest" file="/app/tests/Unit/Policies/NotePolicy/PolicyTest.php" tests="1" assertions="1" errors="0" failures="0" skipped="0" time="0.049267">
        <testcase name="test_policy_instance" file="/app/tests/Unit/Policies/NotePolicy/PolicyTest.php" line="19" class="Tests\Unit\Playground\Matrix\Api\Policies\NotePolicy\PolicyTest" classname="Tests.Unit.Playground.Matrix.Api.Policies.NotePolicy.PolicyTest" assertions="1" time="0.049267"/>
      </testsuite>
      <testsuite name="Tests\Unit\Playground\Matrix\Api\Policies\ProjectPolicy\PolicyTest" file="/app/tests/Unit/Policies/ProjectPolicy/PolicyTest.php" tests="1" assertions="1" errors="0" failures="0" skipped="0" time="0.047207">
        <testcase name="test_policy_instance" file="/app/tests/Unit/Policies/ProjectPolicy/PolicyTest.php" line="19" class="Tests\Unit\Playground\Matrix\Api\Policies\ProjectPolicy\PolicyTest" classname="Tests.Unit.Playground.Matrix.Api.Policies.ProjectPolicy.PolicyTest" assertions="1" time="0.047207"/>
      </testsuite>
      <testsuite name="Tests\Unit\Playground\Matrix\Api\Policies\ReleasePolicy\PolicyTest" file="/app/tests/Unit/Policies/ReleasePolicy/PolicyTest.php" tests="1" assertions="1" errors="0" failures="0" skipped="0" time="0.046704">
        <testcase name="test_policy_instance" file="/app/tests/Unit/Policies/ReleasePolicy/PolicyTest.php" line="19" class="Tests\Unit\Playground\Matrix\Api\Policies\ReleasePolicy\PolicyTest" classname="Tests.Unit.Playground.Matrix.Api.Policies.ReleasePolicy.PolicyTest" assertions="1" time="0.046704"/>
      </testsuite>
      <testsuite name="Tests\Unit\Playground\Matrix\Api\Policies\RoadmapPolicy\PolicyTest" file="/app/tests/Unit/Policies/RoadmapPolicy/PolicyTest.php" tests="1" assertions="1" errors="0" failures="0" skipped="0" time="0.046355">
        <testcase name="test_policy_instance" file="/app/tests/Unit/Policies/RoadmapPolicy/PolicyTest.php" line="19" class="Tests\Unit\Playground\Matrix\Api\Policies\RoadmapPolicy\PolicyTest" classname="Tests.Unit.Playground.Matrix.Api.Policies.RoadmapPolicy.PolicyTest" assertions="1" time="0.046355"/>
      </testsuite>
      <testsuite name="Tests\Unit\Playground\Matrix\Api\Policies\SourcePolicy\PolicyTest" file="/app/tests/Unit/Policies/SourcePolicy/PolicyTest.php" tests="1" assertions="1" errors="0" failures="0" skipped="0" time="0.046626">
        <testcase name="test_policy_instance" file="/app/tests/Unit/Policies/SourcePolicy/PolicyTest.php" line="19" class="Tests\Unit\Playground\Matrix\Api\Policies\SourcePolicy\PolicyTest" classname="Tests.Unit.Playground.Matrix.Api.Policies.SourcePolicy.PolicyTest" assertions="1" time="0.046626"/>
      </testsuite>
      <testsuite name="Tests\Unit\Playground\Matrix\Api\Policies\SprintPolicy\PolicyTest" file="/app/tests/Unit/Policies/SprintPolicy/PolicyTest.php" tests="1" assertions="1" errors="0" failures="0" skipped="0" time="0.053116">
        <testcase name="test_policy_instance" file="/app/tests/Unit/Policies/SprintPolicy/PolicyTest.php" line="19" class="Tests\Unit\Playground\Matrix\Api\Policies\SprintPolicy\PolicyTest" classname="Tests.Unit.Playground.Matrix.Api.Policies.SprintPolicy.PolicyTest" assertions="1" time="0.053116"/>
      </testsuite>
      <testsuite name="Tests\Unit\Playground\Matrix\Api\Policies\TagPolicy\PolicyTest" file="/app/tests/Unit/Policies/TagPolicy/PolicyTest.php" tests="1" assertions="1" errors="0" failures="0" skipped="0" time="0.046950">
        <testcase name="test_policy_instance" file="/app/tests/Unit/Policies/TagPolicy/PolicyTest.php" line="19" class="Tests\Unit\Playground\Matrix\Api\Policies\TagPolicy\PolicyTest" classname="Tests.Unit.Playground.Matrix.Api.Policies.TagPolicy.PolicyTest" assertions="1" time="0.046950"/>
      </testsuite>
      <testsuite name="Tests\Unit\Playground\Matrix\Api\Policies\TeamPolicy\PolicyTest" file="/app/tests/Unit/Policies/TeamPolicy/PolicyTest.php" tests="1" assertions="1" errors="0" failures="0" skipped="0" time="0.046255">
        <testcase name="test_policy_instance" file="/app/tests/Unit/Policies/TeamPolicy/PolicyTest.php" line="19" class="Tests\Unit\Playground\Matrix\Api\Policies\TeamPolicy\PolicyTest" classname="Tests.Unit.Playground.Matrix.Api.Policies.TeamPolicy.PolicyTest" assertions="1" time="0.046255"/>
      </testsuite>
      <testsuite name="Tests\Unit\Playground\Matrix\Api\Policies\TicketPolicy\PolicyTest" file="/app/tests/Unit/Policies/TicketPolicy/PolicyTest.php" tests="1" assertions="1" errors="0" failures="0" skipped="0" time="0.046793">
        <testcase name="test_policy_instance" file="/app/tests/Unit/Policies/TicketPolicy/PolicyTest.php" line="19" class="Tests\Unit\Playground\Matrix\Api\Policies\TicketPolicy\PolicyTest" classname="Tests.Unit.Playground.Matrix.Api.Policies.TicketPolicy.PolicyTest" assertions="1" time="0.046793"/>
      </testsuite>
      <testsuite name="Tests\Unit\Playground\Matrix\Api\Policies\VersionPolicy\PolicyTest" file="/app/tests/Unit/Policies/VersionPolicy/PolicyTest.php" tests="1" assertions="1" errors="0" failures="0" skipped="0" time="0.047425">
        <testcase name="test_policy_instance" file="/app/tests/Unit/Policies/VersionPolicy/PolicyTest.php" line="19" class="Tests\Unit\Playground\Matrix\Api\Policies\VersionPolicy\PolicyTest" classname="Tests.Unit.Playground.Matrix.Api.Policies.VersionPolicy.PolicyTest" assertions="1" time="0.047425"/>
      </testsuite>
      <testsuite name="Tests\Unit\Playground\Matrix\Api\ServiceProvider\InstanceTest" file="/app/tests/Unit/ServiceProvider/InstanceTest.php" tests="4" assertions="8" errors="0" failures="0" skipped="0" time="0.191484">
        <testcase name="test_version_matches" file="/app/tests/Unit/ServiceProvider/InstanceTest.php" line="20" class="Tests\Unit\Playground\Matrix\Api\ServiceProvider\InstanceTest" classname="Tests.Unit.Playground.Matrix.Api.ServiceProvider.InstanceTest" assertions="3" time="0.046567"/>
        <testcase name="test_setPolicies_with_empty_array" file="/app/tests/Unit/ServiceProvider/InstanceTest.php" line="29" class="Tests\Unit\Playground\Matrix\Api\ServiceProvider\InstanceTest" classname="Tests.Unit.Playground.Matrix.Api.ServiceProvider.InstanceTest" assertions="1" time="0.046397"/>
        <testcase name="test_setPolicies_with_invalid_model" file="/app/tests/Unit/ServiceProvider/InstanceTest.php" line="43" class="Tests\Unit\Playground\Matrix\Api\ServiceProvider\InstanceTest" classname="Tests.Unit.Playground.Matrix.Api.ServiceProvider.InstanceTest" assertions="2" time="0.051019"/>
        <testcase name="test_setPolicies_with_invalid_policy" file="/app/tests/Unit/ServiceProvider/InstanceTest.php" line="72" class="Tests\Unit\Playground\Matrix\Api\ServiceProvider\InstanceTest" classname="Tests.Unit.Playground.Matrix.Api.ServiceProvider.InstanceTest" assertions="2" time="0.047501"/>
      </testsuite>
    </testsuite>
    <testsuite name="Feature" tests="562" assertions="15826" errors="0" failures="0" skipped="0" time="257.495285">
      <testsuite name="Tests\Feature\Playground\Matrix\Api\Console\Commands\About\CommandTest" file="/app/tests/Feature/Console/Commands/About/CommandTest.php" tests="1" assertions="2" errors="0" failures="0" skipped="0" time="0.688753">
        <testcase name="test_command_about_displays_package_information_and_succeed" file="/app/tests/Feature/Console/Commands/About/CommandTest.php" line="20" class="Tests\Feature\Playground\Matrix\Api\Console\Commands\About\CommandTest" classname="Tests.Feature.Playground.Matrix.Api.Console.Commands.About.CommandTest" assertions="2" time="0.688753"/>
      </testsuite>
      <testsuite name="Tests\Feature\Playground\Matrix\Api\Http\Controllers\Playground\BacklogRouteTest" file="/app/tests/Feature/Http/Controllers/Playground/BacklogRouteTest.php" tests="35" assertions="1048" errors="0" failures="0" skipped="0" time="15.529465">
        <testcase name="test_json_guest_cannot_get_create_info" file="/app/vendor/gammamatrix/playground-test/src/Feature/Http/Controllers/Resource/Playground/CreateJsonTrait.php" line="38" class="Tests\Feature\Playground\Matrix\Api\Http\Controllers\Playground\BacklogRouteTest" classname="Tests.Feature.Playground.Matrix.Api.Http.Controllers.Playground.BacklogRouteTest" assertions="1" time="0.474446"/>
        <testcase name="test_json_admin_can_get_create_info" file="/app/vendor/gammamatrix/playground-test/src/Feature/Http/Controllers/Resource/Playground/CreateJsonTrait.php" line="53" class="Tests\Feature\Playground\Matrix\Api\Http\Controllers\Playground\BacklogRouteTest" classname="Tests.Feature.Playground.Matrix.Api.Http.Controllers.Playground.BacklogRouteTest" assertions="105" time="0.463145"/>
        <testcase name="test_json_get_create_info_as_admin_with_invalid_parameter_and_fail_validation" file="/app/vendor/gammamatrix/playground-test/src/Feature/Http/Controllers/Resource/Playground/CreateJsonTrait.php" line="73" class="Tests\Feature\Playground\Matrix\Api\Http\Controllers\Playground\BacklogRouteTest" classname="Tests.Feature.Playground.Matrix.Api.Http.Controllers.Playground.BacklogRouteTest" assertions="4" time="0.432191"/>
        <testcase name="test_json_guest_cannot_destroy" file="/app/vendor/gammamatrix/playground-test/src/Feature/Http/Controllers/Resource/Playground/DestroyJsonTrait.php" line="31" class="Tests\Feature\Playground\Matrix\Api\Http\Controllers\Playground\BacklogRouteTest" classname="Tests.Feature.Playground.Matrix.Api.Http.Controllers.Playground.BacklogRouteTest" assertions="3" time="0.422191"/>
        <testcase name="test_json_destroy_as_admin_and_succeed" file="/app/vendor/gammamatrix/playground-test/src/Feature/Http/Controllers/Resource/Playground/DestroyJsonTrait.php" line="61" class="Tests\Feature\Playground\Matrix\Api\Http\Controllers\Playground\BacklogRouteTest" classname="Tests.Feature.Playground.Matrix.Api.Http.Controllers.Playground.BacklogRouteTest" assertions="5" time="0.443221"/>
        <testcase name="test_json_destroy_as_admin_and_succeed_with_force_delete" file="/app/vendor/gammamatrix/playground-test/src/Feature/Http/Controllers/Resource/Playground/DestroyJsonTrait.php" line="100" class="Tests\Feature\Playground\Matrix\Api\Http\Controllers\Playground\BacklogRouteTest" classname="Tests.Feature.Playground.Matrix.Api.Http.Controllers.Playground.BacklogRouteTest" assertions="4" time="0.436500"/>
        <testcase name="test_json_destroy_as_admin_and_succeed_with_no_content" file="/app/vendor/gammamatrix/playground-test/src/Feature/Http/Controllers/Resource/Playground/DestroyJsonTrait.php" line="132" class="Tests\Feature\Playground\Matrix\Api\Http\Controllers\Playground\BacklogRouteTest" classname="Tests.Feature.Playground.Matrix.Api.Http.Controllers.Playground.BacklogRouteTest" assertions="5" time="0.429545"/>
        <testcase name="test_json_destroy_as_admin_and_succeed_and_ignore_redirect" file="/app/vendor/gammamatrix/playground-test/src/Feature/Http/Controllers/Resource/Playground/DestroyJsonTrait.php" line="167" class="Tests\Feature\Playground\Matrix\Api\Http\Controllers\Playground\BacklogRouteTest" classname="Tests.Feature.Playground.Matrix.Api.Http.Controllers.Playground.BacklogRouteTest" assertions="5" time="0.426832"/>
        <testcase name="test_json_destroy_as_user_and_get_denied_and_no_force_delete_allowed" file="/app/vendor/gammamatrix/playground-test/src/Feature/Http/Controllers/Resource/Playground/DestroyJsonTrait.php" line="209" class="Tests\Feature\Playground\Matrix\Api\Http\Controllers\Playground\BacklogRouteTest" classname="Tests.Feature.Playground.Matrix.Api.Http.Controllers.Playground.BacklogRouteTest" assertions="3" time="0.424743"/>
        <testcase name="test_json_guest_cannot_get_edit_info" file="/app/vendor/gammamatrix/playground-test/src/Feature/Http/Controllers/Resource/Playground/EditJsonTrait.php" line="38" class="Tests\Feature\Playground\Matrix\Api\Http\Controllers\Playground\BacklogRouteTest" classname="Tests.Feature.Playground.Matrix.Api.Http.Controllers.Playground.BacklogRouteTest" assertions="1" time="0.424077"/>
        <testcase name="test_json_admin_can_get_edit_info" file="/app/vendor/gammamatrix/playground-test/src/Feature/Http/Controllers/Resource/Playground/EditJsonTrait.php" line="58" class="Tests\Feature\Playground\Matrix\Api\Http\Controllers\Playground\BacklogRouteTest" classname="Tests.Feature.Playground.Matrix.Api.Http.Controllers.Playground.BacklogRouteTest" assertions="4" time="0.439970"/>
        <testcase name="test_json_edit_as_admin_and_fail_validation_with_invalid_parameter" file="/app/vendor/gammamatrix/playground-test/src/Feature/Http/Controllers/Resource/Playground/EditJsonTrait.php" line="87" class="Tests\Feature\Playground\Matrix\Api\Http\Controllers\Playground\BacklogRouteTest" classname="Tests.Feature.Playground.Matrix.Api.Http.Controllers.Playground.BacklogRouteTest" assertions="4" time="0.443350"/>
        <testcase name="test_json_guest_cannot_get_index" file="/app/vendor/gammamatrix/playground-test/src/Feature/Http/Controllers/Resource/Playground/IndexJsonTrait.php" line="34" class="Tests\Feature\Playground\Matrix\Api\Http\Controllers\Playground\BacklogRouteTest" classname="Tests.Feature.Playground.Matrix.Api.Http.Controllers.Playground.BacklogRouteTest" assertions="1" time="0.414979"/>
        <testcase name="test_json_admin_can_get_index" file="/app/vendor/gammamatrix/playground-test/src/Feature/Http/Controllers/Resource/Playground/IndexJsonTrait.php" line="49" class="Tests\Feature\Playground\Matrix\Api\Http\Controllers\Playground\BacklogRouteTest" classname="Tests.Feature.Playground.Matrix.Api.Http.Controllers.Playground.BacklogRouteTest" assertions="112" time="0.449666"/>
        <testcase name="test_json_admin_can_get_index_with_filters" file="/app/vendor/gammamatrix/playground-test/src/Feature/Http/Controllers/Resource/Playground/IndexJsonTrait.php" line="85" class="Tests\Feature\Playground\Matrix\Api\Http\Controllers\Playground\BacklogRouteTest" classname="Tests.Feature.Playground.Matrix.Api.Http.Controllers.Playground.BacklogRouteTest" assertions="3" time="0.444833"/>
        <testcase name="test_json_guest_cannot_lock" file="/app/vendor/gammamatrix/playground-test/src/Feature/Http/Controllers/Resource/Playground/LockJsonTrait.php" line="36" class="Tests\Feature\Playground\Matrix\Api\Http\Controllers\Playground\BacklogRouteTest" classname="Tests.Feature.Playground.Matrix.Api.Http.Controllers.Playground.BacklogRouteTest" assertions="3" time="0.417808"/>
        <testcase name="test_json_lock_as_admin_and_succeed" file="/app/vendor/gammamatrix/playground-test/src/Feature/Http/Controllers/Resource/Playground/LockJsonTrait.php" line="66" class="Tests\Feature\Playground\Matrix\Api\Http\Controllers\Playground\BacklogRouteTest" classname="Tests.Feature.Playground.Matrix.Api.Http.Controllers.Playground.BacklogRouteTest" assertions="3" time="0.452881"/>
        <testcase name="test_json_lock_as_admin_and_succeed_with_no_redirect" file="/app/vendor/gammamatrix/playground-test/src/Feature/Http/Controllers/Resource/Playground/LockJsonTrait.php" line="98" class="Tests\Feature\Playground\Matrix\Api\Http\Controllers\Playground\BacklogRouteTest" classname="Tests.Feature.Playground.Matrix.Api.Http.Controllers.Playground.BacklogRouteTest" assertions="107" time="0.440868"/>
        <testcase name="test_json_lock_as_user_and_get_denied" file="/app/vendor/gammamatrix/playground-test/src/Feature/Http/Controllers/Resource/Playground/LockJsonTrait.php" line="143" class="Tests\Feature\Playground\Matrix\Api\Http\Controllers\Playground\BacklogRouteTest" classname="Tests.Feature.Playground.Matrix.Api.Http.Controllers.Playground.BacklogRouteTest" assertions="3" time="0.433696"/>
        <testcase name="test_json_guest_cannot_restore" file="/app/vendor/gammamatrix/playground-test/src/Feature/Http/Controllers/Resource/Playground/RestoreJsonTrait.php" line="32" class="Tests\Feature\Playground\Matrix\Api\Http\Controllers\Playground\BacklogRouteTest" classname="Tests.Feature.Playground.Matrix.Api.Http.Controllers.Playground.BacklogRouteTest" assertions="3" time="0.421883"/>
        <testcase name="test_json_restore_as_admin_and_succeed" file="/app/vendor/gammamatrix/playground-test/src/Feature/Http/Controllers/Resource/Playground/RestoreJsonTrait.php" line="64" class="Tests\Feature\Playground\Matrix\Api\Http\Controllers\Playground\BacklogRouteTest" classname="Tests.Feature.Playground.Matrix.Api.Http.Controllers.Playground.BacklogRouteTest" assertions="107" time="0.441308"/>
        <testcase name="test_json_restore_as_admin_and_succeed_with_no_redirect" file="/app/vendor/gammamatrix/playground-test/src/Feature/Http/Controllers/Resource/Playground/RestoreJsonTrait.php" line="100" class="Tests\Feature\Playground\Matrix\Api\Http\Controllers\Playground\BacklogRouteTest" classname="Tests.Feature.Playground.Matrix.Api.Http.Controllers.Playground.BacklogRouteTest" assertions="107" time="0.453030"/>
        <testcase name="test_json_restore_as_user_and_get_denied" file="/app/vendor/gammamatrix/playground-test/src/Feature/Http/Controllers/Resource/Playground/RestoreJsonTrait.php" line="143" class="Tests\Feature\Playground\Matrix\Api\Http\Controllers\Playground\BacklogRouteTest" classname="Tests.Feature.Playground.Matrix.Api.Http.Controllers.Playground.BacklogRouteTest" assertions="3" time="0.440095"/>
        <testcase name="test_json_guest_cannot_see_info" file="/app/vendor/gammamatrix/playground-test/src/Feature/Http/Controllers/Resource/Playground/ShowJsonTrait.php" line="29" class="Tests\Feature\Playground\Matrix\Api\Http\Controllers\Playground\BacklogRouteTest" classname="Tests.Feature.Playground.Matrix.Api.Http.Controllers.Playground.BacklogRouteTest" assertions="1" time="0.459142"/>
        <testcase name="test_json_show_info_for_admin" file="/app/vendor/gammamatrix/playground-test/src/Feature/Http/Controllers/Resource/Playground/ShowJsonTrait.php" line="49" class="Tests\Feature\Playground\Matrix\Api\Http\Controllers\Playground\BacklogRouteTest" classname="Tests.Feature.Playground.Matrix.Api.Http.Controllers.Playground.BacklogRouteTest" assertions="106" time="0.434889"/>
        <testcase name="test_json_guest_cannot_store" file="/app/vendor/gammamatrix/playground-test/src/Feature/Http/Controllers/Resource/Playground/StoreJsonTrait.php" line="43" class="Tests\Feature\Playground\Matrix\Api\Http\Controllers\Playground\BacklogRouteTest" classname="Tests.Feature.Playground.Matrix.Api.Http.Controllers.Playground.BacklogRouteTest" assertions="3" time="0.426760"/>
        <testcase name="test_json_store_as_admin_without_payload_and_fail_validation" file="/app/vendor/gammamatrix/playground-test/src/Feature/Http/Controllers/Resource/Playground/StoreJsonTrait.php" line="66" class="Tests\Feature\Playground\Matrix\Api\Http\Controllers\Playground\BacklogRouteTest" classname="Tests.Feature.Playground.Matrix.Api.Http.Controllers.Playground.BacklogRouteTest" assertions="5" time="0.436534"/>
        <testcase name="test_json_store_as_admin_and_succeed" file="/app/vendor/gammamatrix/playground-test/src/Feature/Http/Controllers/Resource/Playground/StoreJsonTrait.php" line="92" class="Tests\Feature\Playground\Matrix\Api\Http\Controllers\Playground\BacklogRouteTest" classname="Tests.Feature.Playground.Matrix.Api.Http.Controllers.Playground.BacklogRouteTest" assertions="3" time="0.521720"/>
        <testcase name="test_json_guest_cannot_unlock" file="/app/vendor/gammamatrix/playground-test/src/Feature/Http/Controllers/Resource/Playground/UnlockJsonTrait.php" line="36" class="Tests\Feature\Playground\Matrix\Api\Http\Controllers\Playground\BacklogRouteTest" classname="Tests.Feature.Playground.Matrix.Api.Http.Controllers.Playground.BacklogRouteTest" assertions="3" time="0.429814"/>
        <testcase name="test_json_unlock_as_admin_and_succeed" file="/app/vendor/gammamatrix/playground-test/src/Feature/Http/Controllers/Resource/Playground/UnlockJsonTrait.php" line="68" class="Tests\Feature\Playground\Matrix\Api\Http\Controllers\Playground\BacklogRouteTest" classname="Tests.Feature.Playground.Matrix.Api.Http.Controllers.Playground.BacklogRouteTest" assertions="107" time="0.465698"/>
        <testcase name="test_json_unlock_as_admin_and_succeed_with_no_redirect" file="/app/vendor/gammamatrix/playground-test/src/Feature/Http/Controllers/Resource/Playground/UnlockJsonTrait.php" line="104" class="Tests\Feature\Playground\Matrix\Api\Http\Controllers\Playground\BacklogRouteTest" classname="Tests.Feature.Playground.Matrix.Api.Http.Controllers.Playground.BacklogRouteTest" assertions="107" time="0.450814"/>
        <testcase name="test_json_unlock_as_user_and_get_denied" file="/app/vendor/gammamatrix/playground-test/src/Feature/Http/Controllers/Resource/Playground/UnlockJsonTrait.php" line="145" class="Tests\Feature\Playground\Matrix\Api\Http\Controllers\Playground\BacklogRouteTest" classname="Tests.Feature.Playground.Matrix.Api.Http.Controllers.Playground.BacklogRouteTest" assertions="3" time="0.442668"/>
        <testcase name="test_json_guest_cannot_update" file="/app/vendor/gammamatrix/playground-test/src/Feature/Http/Controllers/Resource/Playground/UpdateJsonTrait.php" line="45" class="Tests\Feature\Playground\Matrix\Api\Http\Controllers\Playground\BacklogRouteTest" classname="Tests.Feature.Playground.Matrix.Api.Http.Controllers.Playground.BacklogRouteTest" assertions="1" time="0.434342"/>
        <testcase name="test_json_update_as_admin_without_payload_and_fail_validation" file="/app/vendor/gammamatrix/playground-test/src/Feature/Http/Controllers/Resource/Playground/UpdateJsonTrait.php" line="65" class="Tests\Feature\Playground\Matrix\Api\Http\Controllers\Playground\BacklogRouteTest" classname="Tests.Feature.Playground.Matrix.Api.Http.Controllers.Playground.BacklogRouteTest" assertions="4" time="0.440222"/>
        <testcase name="test_json_admin_can_update" file="/app/vendor/gammamatrix/playground-test/src/Feature/Http/Controllers/Resource/Playground/UpdateJsonTrait.php" line="90" class="Tests\Feature\Playground\Matrix\Api\Http\Controllers\Playground\BacklogRouteTest" classname="Tests.Feature.Playground.Matrix.Api.Http.Controllers.Playground.BacklogRouteTest" assertions="109" time="0.515607"/>
      </testsuite>
      <testsuite name="Tests\Feature\Playground\Matrix\Api\Http\Controllers\Playground\BoardRouteTest" file="/app/tests/Feature/Http/Controllers/Playground/BoardRouteTest.php" tests="35" assertions="1048" errors="0" failures="0" skipped="0" time="15.444416">
        <testcase name="test_json_guest_cannot_get_create_info" file="/app/vendor/gammamatrix/playground-test/src/Feature/Http/Controllers/Resource/Playground/CreateJsonTrait.php" line="38" class="Tests\Feature\Playground\Matrix\Api\Http\Controllers\Playground\BoardRouteTest" classname="Tests.Feature.Playground.Matrix.Api.Http.Controllers.Playground.BoardRouteTest" assertions="1" time="0.432007"/>
        <testcase name="test_json_admin_can_get_create_info" file="/app/vendor/gammamatrix/playground-test/src/Feature/Http/Controllers/Resource/Playground/CreateJsonTrait.php" line="53" class="Tests\Feature\Playground\Matrix\Api\Http\Controllers\Playground\BoardRouteTest" classname="Tests.Feature.Playground.Matrix.Api.Http.Controllers.Playground.BoardRouteTest" assertions="105" time="0.444197"/>
        <testcase name="test_json_get_create_info_as_admin_with_invalid_parameter_and_fail_validation" file="/app/vendor/gammamatrix/playground-test/src/Feature/Http/Controllers/Resource/Playground/CreateJsonTrait.php" line="73" class="Tests\Feature\Playground\Matrix\Api\Http\Controllers\Playground\BoardRouteTest" classname="Tests.Feature.Playground.Matrix.Api.Http.Controllers.Playground.BoardRouteTest" assertions="4" time="0.426448"/>
        <testcase name="test_json_guest_cannot_destroy" file="/app/vendor/gammamatrix/playground-test/src/Feature/Http/Controllers/Resource/Playground/DestroyJsonTrait.php" line="31" class="Tests\Feature\Playground\Matrix\Api\Http\Controllers\Playground\BoardRouteTest" classname="Tests.Feature.Playground.Matrix.Api.Http.Controllers.Playground.BoardRouteTest" assertions="3" time="0.429179"/>
        <testcase name="test_json_destroy_as_admin_and_succeed" file="/app/vendor/gammamatrix/playground-test/src/Feature/Http/Controllers/Resource/Playground/DestroyJsonTrait.php" line="61" class="Tests\Feature\Playground\Matrix\Api\Http\Controllers\Playground\BoardRouteTest" classname="Tests.Feature.Playground.Matrix.Api.Http.Controllers.Playground.BoardRouteTest" assertions="5" time="0.427858"/>
        <testcase name="test_json_destroy_as_admin_and_succeed_with_force_delete" file="/app/vendor/gammamatrix/playground-test/src/Feature/Http/Controllers/Resource/Playground/DestroyJsonTrait.php" line="100" class="Tests\Feature\Playground\Matrix\Api\Http\Controllers\Playground\BoardRouteTest" classname="Tests.Feature.Playground.Matrix.Api.Http.Controllers.Playground.BoardRouteTest" assertions="4" time="0.432594"/>
        <testcase name="test_json_destroy_as_admin_and_succeed_with_no_content" file="/app/vendor/gammamatrix/playground-test/src/Feature/Http/Controllers/Resource/Playground/DestroyJsonTrait.php" line="132" class="Tests\Feature\Playground\Matrix\Api\Http\Controllers\Playground\BoardRouteTest" classname="Tests.Feature.Playground.Matrix.Api.Http.Controllers.Playground.BoardRouteTest" assertions="5" time="0.438170"/>
        <testcase name="test_json_destroy_as_admin_and_succeed_and_ignore_redirect" file="/app/vendor/gammamatrix/playground-test/src/Feature/Http/Controllers/Resource/Playground/DestroyJsonTrait.php" line="167" class="Tests\Feature\Playground\Matrix\Api\Http\Controllers\Playground\BoardRouteTest" classname="Tests.Feature.Playground.Matrix.Api.Http.Controllers.Playground.BoardRouteTest" assertions="5" time="0.427039"/>
        <testcase name="test_json_destroy_as_user_and_get_denied_and_no_force_delete_allowed" file="/app/vendor/gammamatrix/playground-test/src/Feature/Http/Controllers/Resource/Playground/DestroyJsonTrait.php" line="209" class="Tests\Feature\Playground\Matrix\Api\Http\Controllers\Playground\BoardRouteTest" classname="Tests.Feature.Playground.Matrix.Api.Http.Controllers.Playground.BoardRouteTest" assertions="3" time="0.450214"/>
        <testcase name="test_json_guest_cannot_get_edit_info" file="/app/vendor/gammamatrix/playground-test/src/Feature/Http/Controllers/Resource/Playground/EditJsonTrait.php" line="38" class="Tests\Feature\Playground\Matrix\Api\Http\Controllers\Playground\BoardRouteTest" classname="Tests.Feature.Playground.Matrix.Api.Http.Controllers.Playground.BoardRouteTest" assertions="1" time="0.428826"/>
        <testcase name="test_json_admin_can_get_edit_info" file="/app/vendor/gammamatrix/playground-test/src/Feature/Http/Controllers/Resource/Playground/EditJsonTrait.php" line="58" class="Tests\Feature\Playground\Matrix\Api\Http\Controllers\Playground\BoardRouteTest" classname="Tests.Feature.Playground.Matrix.Api.Http.Controllers.Playground.BoardRouteTest" assertions="4" time="0.447121"/>
        <testcase name="test_json_edit_as_admin_and_fail_validation_with_invalid_parameter" file="/app/vendor/gammamatrix/playground-test/src/Feature/Http/Controllers/Resource/Playground/EditJsonTrait.php" line="87" class="Tests\Feature\Playground\Matrix\Api\Http\Controllers\Playground\BoardRouteTest" classname="Tests.Feature.Playground.Matrix.Api.Http.Controllers.Playground.BoardRouteTest" assertions="4" time="0.435096"/>
        <testcase name="test_json_guest_cannot_get_index" file="/app/vendor/gammamatrix/playground-test/src/Feature/Http/Controllers/Resource/Playground/IndexJsonTrait.php" line="34" class="Tests\Feature\Playground\Matrix\Api\Http\Controllers\Playground\BoardRouteTest" classname="Tests.Feature.Playground.Matrix.Api.Http.Controllers.Playground.BoardRouteTest" assertions="1" time="0.418270"/>
        <testcase name="test_json_admin_can_get_index" file="/app/vendor/gammamatrix/playground-test/src/Feature/Http/Controllers/Resource/Playground/IndexJsonTrait.php" line="49" class="Tests\Feature\Playground\Matrix\Api\Http\Controllers\Playground\BoardRouteTest" classname="Tests.Feature.Playground.Matrix.Api.Http.Controllers.Playground.BoardRouteTest" assertions="112" time="0.456825"/>
        <testcase name="test_json_admin_can_get_index_with_filters" file="/app/vendor/gammamatrix/playground-test/src/Feature/Http/Controllers/Resource/Playground/IndexJsonTrait.php" line="85" class="Tests\Feature\Playground\Matrix\Api\Http\Controllers\Playground\BoardRouteTest" classname="Tests.Feature.Playground.Matrix.Api.Http.Controllers.Playground.BoardRouteTest" assertions="3" time="0.446088"/>
        <testcase name="test_json_guest_cannot_lock" file="/app/vendor/gammamatrix/playground-test/src/Feature/Http/Controllers/Resource/Playground/LockJsonTrait.php" line="36" class="Tests\Feature\Playground\Matrix\Api\Http\Controllers\Playground\BoardRouteTest" classname="Tests.Feature.Playground.Matrix.Api.Http.Controllers.Playground.BoardRouteTest" assertions="3" time="0.424950"/>
        <testcase name="test_json_lock_as_admin_and_succeed" file="/app/vendor/gammamatrix/playground-test/src/Feature/Http/Controllers/Resource/Playground/LockJsonTrait.php" line="66" class="Tests\Feature\Playground\Matrix\Api\Http\Controllers\Playground\BoardRouteTest" classname="Tests.Feature.Playground.Matrix.Api.Http.Controllers.Playground.BoardRouteTest" assertions="3" time="0.450535"/>
        <testcase name="test_json_lock_as_admin_and_succeed_with_no_redirect" file="/app/vendor/gammamatrix/playground-test/src/Feature/Http/Controllers/Resource/Playground/LockJsonTrait.php" line="98" class="Tests\Feature\Playground\Matrix\Api\Http\Controllers\Playground\BoardRouteTest" classname="Tests.Feature.Playground.Matrix.Api.Http.Controllers.Playground.BoardRouteTest" assertions="107" time="0.454502"/>
        <testcase name="test_json_lock_as_user_and_get_denied" file="/app/vendor/gammamatrix/playground-test/src/Feature/Http/Controllers/Resource/Playground/LockJsonTrait.php" line="143" class="Tests\Feature\Playground\Matrix\Api\Http\Controllers\Playground\BoardRouteTest" classname="Tests.Feature.Playground.Matrix.Api.Http.Controllers.Playground.BoardRouteTest" assertions="3" time="0.427351"/>
        <testcase name="test_json_guest_cannot_restore" file="/app/vendor/gammamatrix/playground-test/src/Feature/Http/Controllers/Resource/Playground/RestoreJsonTrait.php" line="32" class="Tests\Feature\Playground\Matrix\Api\Http\Controllers\Playground\BoardRouteTest" classname="Tests.Feature.Playground.Matrix.Api.Http.Controllers.Playground.BoardRouteTest" assertions="3" time="0.419935"/>
        <testcase name="test_json_restore_as_admin_and_succeed" file="/app/vendor/gammamatrix/playground-test/src/Feature/Http/Controllers/Resource/Playground/RestoreJsonTrait.php" line="64" class="Tests\Feature\Playground\Matrix\Api\Http\Controllers\Playground\BoardRouteTest" classname="Tests.Feature.Playground.Matrix.Api.Http.Controllers.Playground.BoardRouteTest" assertions="107" time="0.463487"/>
        <testcase name="test_json_restore_as_admin_and_succeed_with_no_redirect" file="/app/vendor/gammamatrix/playground-test/src/Feature/Http/Controllers/Resource/Playground/RestoreJsonTrait.php" line="100" class="Tests\Feature\Playground\Matrix\Api\Http\Controllers\Playground\BoardRouteTest" classname="Tests.Feature.Playground.Matrix.Api.Http.Controllers.Playground.BoardRouteTest" assertions="107" time="0.443754"/>
        <testcase name="test_json_restore_as_user_and_get_denied" file="/app/vendor/gammamatrix/playground-test/src/Feature/Http/Controllers/Resource/Playground/RestoreJsonTrait.php" line="143" class="Tests\Feature\Playground\Matrix\Api\Http\Controllers\Playground\BoardRouteTest" classname="Tests.Feature.Playground.Matrix.Api.Http.Controllers.Playground.BoardRouteTest" assertions="3" time="0.442325"/>
        <testcase name="test_json_guest_cannot_see_info" file="/app/vendor/gammamatrix/playground-test/src/Feature/Http/Controllers/Resource/Playground/ShowJsonTrait.php" line="29" class="Tests\Feature\Playground\Matrix\Api\Http\Controllers\Playground\BoardRouteTest" classname="Tests.Feature.Playground.Matrix.Api.Http.Controllers.Playground.BoardRouteTest" assertions="1" time="0.429075"/>
        <testcase name="test_json_show_info_for_admin" file="/app/vendor/gammamatrix/playground-test/src/Feature/Http/Controllers/Resource/Playground/ShowJsonTrait.php" line="49" class="Tests\Feature\Playground\Matrix\Api\Http\Controllers\Playground\BoardRouteTest" classname="Tests.Feature.Playground.Matrix.Api.Http.Controllers.Playground.BoardRouteTest" assertions="106" time="0.448473"/>
        <testcase name="test_json_guest_cannot_store" file="/app/vendor/gammamatrix/playground-test/src/Feature/Http/Controllers/Resource/Playground/StoreJsonTrait.php" line="43" class="Tests\Feature\Playground\Matrix\Api\Http\Controllers\Playground\BoardRouteTest" classname="Tests.Feature.Playground.Matrix.Api.Http.Controllers.Playground.BoardRouteTest" assertions="3" time="0.417625"/>
        <testcase name="test_json_store_as_admin_without_payload_and_fail_validation" file="/app/vendor/gammamatrix/playground-test/src/Feature/Http/Controllers/Resource/Playground/StoreJsonTrait.php" line="66" class="Tests\Feature\Playground\Matrix\Api\Http\Controllers\Playground\BoardRouteTest" classname="Tests.Feature.Playground.Matrix.Api.Http.Controllers.Playground.BoardRouteTest" assertions="5" time="0.439563"/>
        <testcase name="test_json_store_as_admin_and_succeed" file="/app/vendor/gammamatrix/playground-test/src/Feature/Http/Controllers/Resource/Playground/StoreJsonTrait.php" line="92" class="Tests\Feature\Playground\Matrix\Api\Http\Controllers\Playground\BoardRouteTest" classname="Tests.Feature.Playground.Matrix.Api.Http.Controllers.Playground.BoardRouteTest" assertions="3" time="0.481555"/>
        <testcase name="test_json_guest_cannot_unlock" file="/app/vendor/gammamatrix/playground-test/src/Feature/Http/Controllers/Resource/Playground/UnlockJsonTrait.php" line="36" class="Tests\Feature\Playground\Matrix\Api\Http\Controllers\Playground\BoardRouteTest" classname="Tests.Feature.Playground.Matrix.Api.Http.Controllers.Playground.BoardRouteTest" assertions="3" time="0.425401"/>
        <testcase name="test_json_unlock_as_admin_and_succeed" file="/app/vendor/gammamatrix/playground-test/src/Feature/Http/Controllers/Resource/Playground/UnlockJsonTrait.php" line="68" class="Tests\Feature\Playground\Matrix\Api\Http\Controllers\Playground\BoardRouteTest" classname="Tests.Feature.Playground.Matrix.Api.Http.Controllers.Playground.BoardRouteTest" assertions="107" time="0.451930"/>
        <testcase name="test_json_unlock_as_admin_and_succeed_with_no_redirect" file="/app/vendor/gammamatrix/playground-test/src/Feature/Http/Controllers/Resource/Playground/UnlockJsonTrait.php" line="104" class="Tests\Feature\Playground\Matrix\Api\Http\Controllers\Playground\BoardRouteTest" classname="Tests.Feature.Playground.Matrix.Api.Http.Controllers.Playground.BoardRouteTest" assertions="107" time="0.448788"/>
        <testcase name="test_json_unlock_as_user_and_get_denied" file="/app/vendor/gammamatrix/playground-test/src/Feature/Http/Controllers/Resource/Playground/UnlockJsonTrait.php" line="145" class="Tests\Feature\Playground\Matrix\Api\Http\Controllers\Playground\BoardRouteTest" classname="Tests.Feature.Playground.Matrix.Api.Http.Controllers.Playground.BoardRouteTest" assertions="3" time="0.457177"/>
        <testcase name="test_json_guest_cannot_update" file="/app/vendor/gammamatrix/playground-test/src/Feature/Http/Controllers/Resource/Playground/UpdateJsonTrait.php" line="45" class="Tests\Feature\Playground\Matrix\Api\Http\Controllers\Playground\BoardRouteTest" classname="Tests.Feature.Playground.Matrix.Api.Http.Controllers.Playground.BoardRouteTest" assertions="1" time="0.430255"/>
        <testcase name="test_json_update_as_admin_without_payload_and_fail_validation" file="/app/vendor/gammamatrix/playground-test/src/Feature/Http/Controllers/Resource/Playground/UpdateJsonTrait.php" line="65" class="Tests\Feature\Playground\Matrix\Api\Http\Controllers\Playground\BoardRouteTest" classname="Tests.Feature.Playground.Matrix.Api.Http.Controllers.Playground.BoardRouteTest" assertions="4" time="0.451272"/>
        <testcase name="test_json_admin_can_update" file="/app/vendor/gammamatrix/playground-test/src/Feature/Http/Controllers/Resource/Playground/UpdateJsonTrait.php" line="90" class="Tests\Feature\Playground\Matrix\Api\Http\Controllers\Playground\BoardRouteTest" classname="Tests.Feature.Playground.Matrix.Api.Http.Controllers.Playground.BoardRouteTest" assertions="109" time="0.496531"/>
      </testsuite>
      <testsuite name="Tests\Feature\Playground\Matrix\Api\Http\Controllers\Playground\EpicRouteTest" file="/app/tests/Feature/Http/Controllers/Playground/EpicRouteTest.php" tests="35" assertions="1048" errors="0" failures="0" skipped="0" time="15.552157">
        <testcase name="test_json_guest_cannot_get_create_info" file="/app/vendor/gammamatrix/playground-test/src/Feature/Http/Controllers/Resource/Playground/CreateJsonTrait.php" line="38" class="Tests\Feature\Playground\Matrix\Api\Http\Controllers\Playground\EpicRouteTest" classname="Tests.Feature.Playground.Matrix.Api.Http.Controllers.Playground.EpicRouteTest" assertions="1" time="0.441410"/>
        <testcase name="test_json_admin_can_get_create_info" file="/app/vendor/gammamatrix/playground-test/src/Feature/Http/Controllers/Resource/Playground/CreateJsonTrait.php" line="53" class="Tests\Feature\Playground\Matrix\Api\Http\Controllers\Playground\EpicRouteTest" classname="Tests.Feature.Playground.Matrix.Api.Http.Controllers.Playground.EpicRouteTest" assertions="105" time="0.433677"/>
        <testcase name="test_json_get_create_info_as_admin_with_invalid_parameter_and_fail_validation" file="/app/vendor/gammamatrix/playground-test/src/Feature/Http/Controllers/Resource/Playground/CreateJsonTrait.php" line="73" class="Tests\Feature\Playground\Matrix\Api\Http\Controllers\Playground\EpicRouteTest" classname="Tests.Feature.Playground.Matrix.Api.Http.Controllers.Playground.EpicRouteTest" assertions="4" time="0.431184"/>
        <testcase name="test_json_guest_cannot_destroy" file="/app/vendor/gammamatrix/playground-test/src/Feature/Http/Controllers/Resource/Playground/DestroyJsonTrait.php" line="31" class="Tests\Feature\Playground\Matrix\Api\Http\Controllers\Playground\EpicRouteTest" classname="Tests.Feature.Playground.Matrix.Api.Http.Controllers.Playground.EpicRouteTest" assertions="3" time="0.430713"/>
        <testcase name="test_json_destroy_as_admin_and_succeed" file="/app/vendor/gammamatrix/playground-test/src/Feature/Http/Controllers/Resource/Playground/DestroyJsonTrait.php" line="61" class="Tests\Feature\Playground\Matrix\Api\Http\Controllers\Playground\EpicRouteTest" classname="Tests.Feature.Playground.Matrix.Api.Http.Controllers.Playground.EpicRouteTest" assertions="5" time="0.425606"/>
        <testcase name="test_json_destroy_as_admin_and_succeed_with_force_delete" file="/app/vendor/gammamatrix/playground-test/src/Feature/Http/Controllers/Resource/Playground/DestroyJsonTrait.php" line="100" class="Tests\Feature\Playground\Matrix\Api\Http\Controllers\Playground\EpicRouteTest" classname="Tests.Feature.Playground.Matrix.Api.Http.Controllers.Playground.EpicRouteTest" assertions="4" time="0.452498"/>
        <testcase name="test_json_destroy_as_admin_and_succeed_with_no_content" file="/app/vendor/gammamatrix/playground-test/src/Feature/Http/Controllers/Resource/Playground/DestroyJsonTrait.php" line="132" class="Tests\Feature\Playground\Matrix\Api\Http\Controllers\Playground\EpicRouteTest" classname="Tests.Feature.Playground.Matrix.Api.Http.Controllers.Playground.EpicRouteTest" assertions="5" time="0.430727"/>
        <testcase name="test_json_destroy_as_admin_and_succeed_and_ignore_redirect" file="/app/vendor/gammamatrix/playground-test/src/Feature/Http/Controllers/Resource/Playground/DestroyJsonTrait.php" line="167" class="Tests\Feature\Playground\Matrix\Api\Http\Controllers\Playground\EpicRouteTest" classname="Tests.Feature.Playground.Matrix.Api.Http.Controllers.Playground.EpicRouteTest" assertions="5" time="0.426701"/>
        <testcase name="test_json_destroy_as_user_and_get_denied_and_no_force_delete_allowed" file="/app/vendor/gammamatrix/playground-test/src/Feature/Http/Controllers/Resource/Playground/DestroyJsonTrait.php" line="209" class="Tests\Feature\Playground\Matrix\Api\Http\Controllers\Playground\EpicRouteTest" classname="Tests.Feature.Playground.Matrix.Api.Http.Controllers.Playground.EpicRouteTest" assertions="3" time="0.441846"/>
        <testcase name="test_json_guest_cannot_get_edit_info" file="/app/vendor/gammamatrix/playground-test/src/Feature/Http/Controllers/Resource/Playground/EditJsonTrait.php" line="38" class="Tests\Feature\Playground\Matrix\Api\Http\Controllers\Playground\EpicRouteTest" classname="Tests.Feature.Playground.Matrix.Api.Http.Controllers.Playground.EpicRouteTest" assertions="1" time="0.422694"/>
        <testcase name="test_json_admin_can_get_edit_info" file="/app/vendor/gammamatrix/playground-test/src/Feature/Http/Controllers/Resource/Playground/EditJsonTrait.php" line="58" class="Tests\Feature\Playground\Matrix\Api\Http\Controllers\Playground\EpicRouteTest" classname="Tests.Feature.Playground.Matrix.Api.Http.Controllers.Playground.EpicRouteTest" assertions="4" time="0.453851"/>
        <testcase name="test_json_edit_as_admin_and_fail_validation_with_invalid_parameter" file="/app/vendor/gammamatrix/playground-test/src/Feature/Http/Controllers/Resource/Playground/EditJsonTrait.php" line="87" class="Tests\Feature\Playground\Matrix\Api\Http\Controllers\Playground\EpicRouteTest" classname="Tests.Feature.Playground.Matrix.Api.Http.Controllers.Playground.EpicRouteTest" assertions="4" time="0.444270"/>
        <testcase name="test_json_guest_cannot_get_index" file="/app/vendor/gammamatrix/playground-test/src/Feature/Http/Controllers/Resource/Playground/IndexJsonTrait.php" line="34" class="Tests\Feature\Playground\Matrix\Api\Http\Controllers\Playground\EpicRouteTest" classname="Tests.Feature.Playground.Matrix.Api.Http.Controllers.Playground.EpicRouteTest" assertions="1" time="0.439845"/>
        <testcase name="test_json_admin_can_get_index" file="/app/vendor/gammamatrix/playground-test/src/Feature/Http/Controllers/Resource/Playground/IndexJsonTrait.php" line="49" class="Tests\Feature\Playground\Matrix\Api\Http\Controllers\Playground\EpicRouteTest" classname="Tests.Feature.Playground.Matrix.Api.Http.Controllers.Playground.EpicRouteTest" assertions="112" time="0.450119"/>
        <testcase name="test_json_admin_can_get_index_with_filters" file="/app/vendor/gammamatrix/playground-test/src/Feature/Http/Controllers/Resource/Playground/IndexJsonTrait.php" line="85" class="Tests\Feature\Playground\Matrix\Api\Http\Controllers\Playground\EpicRouteTest" classname="Tests.Feature.Playground.Matrix.Api.Http.Controllers.Playground.EpicRouteTest" assertions="3" time="0.455585"/>
        <testcase name="test_json_guest_cannot_lock" file="/app/vendor/gammamatrix/playground-test/src/Feature/Http/Controllers/Resource/Playground/LockJsonTrait.php" line="36" class="Tests\Feature\Playground\Matrix\Api\Http\Controllers\Playground\EpicRouteTest" classname="Tests.Feature.Playground.Matrix.Api.Http.Controllers.Playground.EpicRouteTest" assertions="3" time="0.421184"/>
        <testcase name="test_json_lock_as_admin_and_succeed" file="/app/vendor/gammamatrix/playground-test/src/Feature/Http/Controllers/Resource/Playground/LockJsonTrait.php" line="66" class="Tests\Feature\Playground\Matrix\Api\Http\Controllers\Playground\EpicRouteTest" classname="Tests.Feature.Playground.Matrix.Api.Http.Controllers.Playground.EpicRouteTest" assertions="3" time="0.454533"/>
        <testcase name="test_json_lock_as_admin_and_succeed_with_no_redirect" file="/app/vendor/gammamatrix/playground-test/src/Feature/Http/Controllers/Resource/Playground/LockJsonTrait.php" line="98" class="Tests\Feature\Playground\Matrix\Api\Http\Controllers\Playground\EpicRouteTest" classname="Tests.Feature.Playground.Matrix.Api.Http.Controllers.Playground.EpicRouteTest" assertions="107" time="0.456694"/>
        <testcase name="test_json_lock_as_user_and_get_denied" file="/app/vendor/gammamatrix/playground-test/src/Feature/Http/Controllers/Resource/Playground/LockJsonTrait.php" line="143" class="Tests\Feature\Playground\Matrix\Api\Http\Controllers\Playground\EpicRouteTest" classname="Tests.Feature.Playground.Matrix.Api.Http.Controllers.Playground.EpicRouteTest" assertions="3" time="0.428401"/>
        <testcase name="test_json_guest_cannot_restore" file="/app/vendor/gammamatrix/playground-test/src/Feature/Http/Controllers/Resource/Playground/RestoreJsonTrait.php" line="32" class="Tests\Feature\Playground\Matrix\Api\Http\Controllers\Playground\EpicRouteTest" classname="Tests.Feature.Playground.Matrix.Api.Http.Controllers.Playground.EpicRouteTest" assertions="3" time="0.434445"/>
        <testcase name="test_json_restore_as_admin_and_succeed" file="/app/vendor/gammamatrix/playground-test/src/Feature/Http/Controllers/Resource/Playground/RestoreJsonTrait.php" line="64" class="Tests\Feature\Playground\Matrix\Api\Http\Controllers\Playground\EpicRouteTest" classname="Tests.Feature.Playground.Matrix.Api.Http.Controllers.Playground.EpicRouteTest" assertions="107" time="0.446421"/>
        <testcase name="test_json_restore_as_admin_and_succeed_with_no_redirect" file="/app/vendor/gammamatrix/playground-test/src/Feature/Http/Controllers/Resource/Playground/RestoreJsonTrait.php" line="100" class="Tests\Feature\Playground\Matrix\Api\Http\Controllers\Playground\EpicRouteTest" classname="Tests.Feature.Playground.Matrix.Api.Http.Controllers.Playground.EpicRouteTest" assertions="107" time="0.458275"/>
        <testcase name="test_json_restore_as_user_and_get_denied" file="/app/vendor/gammamatrix/playground-test/src/Feature/Http/Controllers/Resource/Playground/RestoreJsonTrait.php" line="143" class="Tests\Feature\Playground\Matrix\Api\Http\Controllers\Playground\EpicRouteTest" classname="Tests.Feature.Playground.Matrix.Api.Http.Controllers.Playground.EpicRouteTest" assertions="3" time="0.440556"/>
        <testcase name="test_json_guest_cannot_see_info" file="/app/vendor/gammamatrix/playground-test/src/Feature/Http/Controllers/Resource/Playground/ShowJsonTrait.php" line="29" class="Tests\Feature\Playground\Matrix\Api\Http\Controllers\Playground\EpicRouteTest" classname="Tests.Feature.Playground.Matrix.Api.Http.Controllers.Playground.EpicRouteTest" assertions="1" time="0.423888"/>
        <testcase name="test_json_show_info_for_admin" file="/app/vendor/gammamatrix/playground-test/src/Feature/Http/Controllers/Resource/Playground/ShowJsonTrait.php" line="49" class="Tests\Feature\Playground\Matrix\Api\Http\Controllers\Playground\EpicRouteTest" classname="Tests.Feature.Playground.Matrix.Api.Http.Controllers.Playground.EpicRouteTest" assertions="106" time="0.454824"/>
        <testcase name="test_json_guest_cannot_store" file="/app/vendor/gammamatrix/playground-test/src/Feature/Http/Controllers/Resource/Playground/StoreJsonTrait.php" line="43" class="Tests\Feature\Playground\Matrix\Api\Http\Controllers\Playground\EpicRouteTest" classname="Tests.Feature.Playground.Matrix.Api.Http.Controllers.Playground.EpicRouteTest" assertions="3" time="0.422792"/>
        <testcase name="test_json_store_as_admin_without_payload_and_fail_validation" file="/app/vendor/gammamatrix/playground-test/src/Feature/Http/Controllers/Resource/Playground/StoreJsonTrait.php" line="66" class="Tests\Feature\Playground\Matrix\Api\Http\Controllers\Playground\EpicRouteTest" classname="Tests.Feature.Playground.Matrix.Api.Http.Controllers.Playground.EpicRouteTest" assertions="5" time="0.444747"/>
        <testcase name="test_json_store_as_admin_and_succeed" file="/app/vendor/gammamatrix/playground-test/src/Feature/Http/Controllers/Resource/Playground/StoreJsonTrait.php" line="92" class="Tests\Feature\Playground\Matrix\Api\Http\Controllers\Playground\EpicRouteTest" classname="Tests.Feature.Playground.Matrix.Api.Http.Controllers.Playground.EpicRouteTest" assertions="3" time="0.500137"/>
        <testcase name="test_json_guest_cannot_unlock" file="/app/vendor/gammamatrix/playground-test/src/Feature/Http/Controllers/Resource/Playground/UnlockJsonTrait.php" line="36" class="Tests\Feature\Playground\Matrix\Api\Http\Controllers\Playground\EpicRouteTest" classname="Tests.Feature.Playground.Matrix.Api.Http.Controllers.Playground.EpicRouteTest" assertions="3" time="0.441830"/>
        <testcase name="test_json_unlock_as_admin_and_succeed" file="/app/vendor/gammamatrix/playground-test/src/Feature/Http/Controllers/Resource/Playground/UnlockJsonTrait.php" line="68" class="Tests\Feature\Playground\Matrix\Api\Http\Controllers\Playground\EpicRouteTest" classname="Tests.Feature.Playground.Matrix.Api.Http.Controllers.Playground.EpicRouteTest" assertions="107" time="0.445040"/>
        <testcase name="test_json_unlock_as_admin_and_succeed_with_no_redirect" file="/app/vendor/gammamatrix/playground-test/src/Feature/Http/Controllers/Resource/Playground/UnlockJsonTrait.php" line="104" class="Tests\Feature\Playground\Matrix\Api\Http\Controllers\Playground\EpicRouteTest" classname="Tests.Feature.Playground.Matrix.Api.Http.Controllers.Playground.EpicRouteTest" assertions="107" time="0.461912"/>
        <testcase name="test_json_unlock_as_user_and_get_denied" file="/app/vendor/gammamatrix/playground-test/src/Feature/Http/Controllers/Resource/Playground/UnlockJsonTrait.php" line="145" class="Tests\Feature\Playground\Matrix\Api\Http\Controllers\Playground\EpicRouteTest" classname="Tests.Feature.Playground.Matrix.Api.Http.Controllers.Playground.EpicRouteTest" assertions="3" time="0.442500"/>
        <testcase name="test_json_guest_cannot_update" file="/app/vendor/gammamatrix/playground-test/src/Feature/Http/Controllers/Resource/Playground/UpdateJsonTrait.php" line="45" class="Tests\Feature\Playground\Matrix\Api\Http\Controllers\Playground\EpicRouteTest" classname="Tests.Feature.Playground.Matrix.Api.Http.Controllers.Playground.EpicRouteTest" assertions="1" time="0.427144"/>
        <testcase name="test_json_update_as_admin_without_payload_and_fail_validation" file="/app/vendor/gammamatrix/playground-test/src/Feature/Http/Controllers/Resource/Playground/UpdateJsonTrait.php" line="65" class="Tests\Feature\Playground\Matrix\Api\Http\Controllers\Playground\EpicRouteTest" classname="Tests.Feature.Playground.Matrix.Api.Http.Controllers.Playground.EpicRouteTest" assertions="4" time="0.466096"/>
        <testcase name="test_json_admin_can_update" file="/app/vendor/gammamatrix/playground-test/src/Feature/Http/Controllers/Resource/Playground/UpdateJsonTrait.php" line="90" class="Tests\Feature\Playground\Matrix\Api\Http\Controllers\Playground\EpicRouteTest" classname="Tests.Feature.Playground.Matrix.Api.Http.Controllers.Playground.EpicRouteTest" assertions="109" time="0.500011"/>
      </testsuite>
      <testsuite name="Tests\Feature\Playground\Matrix\Api\Http\Controllers\Playground\FlowRouteTest" file="/app/tests/Feature/Http/Controllers/Playground/FlowRouteTest.php" tests="35" assertions="904" errors="0" failures="0" skipped="0" time="15.827503">
        <testcase name="test_json_guest_cannot_get_create_info" file="/app/vendor/gammamatrix/playground-test/src/Feature/Http/Controllers/Resource/Playground/CreateJsonTrait.php" line="38" class="Tests\Feature\Playground\Matrix\Api\Http\Controllers\Playground\FlowRouteTest" classname="Tests.Feature.Playground.Matrix.Api.Http.Controllers.Playground.FlowRouteTest" assertions="1" time="0.453362"/>
        <testcase name="test_json_admin_can_get_create_info" file="/app/vendor/gammamatrix/playground-test/src/Feature/Http/Controllers/Resource/Playground/CreateJsonTrait.php" line="53" class="Tests\Feature\Playground\Matrix\Api\Http\Controllers\Playground\FlowRouteTest" classname="Tests.Feature.Playground.Matrix.Api.Http.Controllers.Playground.FlowRouteTest" assertions="89" time="0.444440"/>
        <testcase name="test_json_get_create_info_as_admin_with_invalid_parameter_and_fail_validation" file="/app/vendor/gammamatrix/playground-test/src/Feature/Http/Controllers/Resource/Playground/CreateJsonTrait.php" line="73" class="Tests\Feature\Playground\Matrix\Api\Http\Controllers\Playground\FlowRouteTest" classname="Tests.Feature.Playground.Matrix.Api.Http.Controllers.Playground.FlowRouteTest" assertions="4" time="0.448699"/>
        <testcase name="test_json_guest_cannot_destroy" file="/app/vendor/gammamatrix/playground-test/src/Feature/Http/Controllers/Resource/Playground/DestroyJsonTrait.php" line="31" class="Tests\Feature\Playground\Matrix\Api\Http\Controllers\Playground\FlowRouteTest" classname="Tests.Feature.Playground.Matrix.Api.Http.Controllers.Playground.FlowRouteTest" assertions="3" time="0.418758"/>
        <testcase name="test_json_destroy_as_admin_and_succeed" file="/app/vendor/gammamatrix/playground-test/src/Feature/Http/Controllers/Resource/Playground/DestroyJsonTrait.php" line="61" class="Tests\Feature\Playground\Matrix\Api\Http\Controllers\Playground\FlowRouteTest" classname="Tests.Feature.Playground.Matrix.Api.Http.Controllers.Playground.FlowRouteTest" assertions="5" time="0.447364"/>
        <testcase name="test_json_destroy_as_admin_and_succeed_with_force_delete" file="/app/vendor/gammamatrix/playground-test/src/Feature/Http/Controllers/Resource/Playground/DestroyJsonTrait.php" line="100" class="Tests\Feature\Playground\Matrix\Api\Http\Controllers\Playground\FlowRouteTest" classname="Tests.Feature.Playground.Matrix.Api.Http.Controllers.Playground.FlowRouteTest" assertions="4" time="0.435831"/>
        <testcase name="test_json_destroy_as_admin_and_succeed_with_no_content" file="/app/vendor/gammamatrix/playground-test/src/Feature/Http/Controllers/Resource/Playground/DestroyJsonTrait.php" line="132" class="Tests\Feature\Playground\Matrix\Api\Http\Controllers\Playground\FlowRouteTest" classname="Tests.Feature.Playground.Matrix.Api.Http.Controllers.Playground.FlowRouteTest" assertions="5" time="0.435539"/>
        <testcase name="test_json_destroy_as_admin_and_succeed_and_ignore_redirect" file="/app/vendor/gammamatrix/playground-test/src/Feature/Http/Controllers/Resource/Playground/DestroyJsonTrait.php" line="167" class="Tests\Feature\Playground\Matrix\Api\Http\Controllers\Playground\FlowRouteTest" classname="Tests.Feature.Playground.Matrix.Api.Http.Controllers.Playground.FlowRouteTest" assertions="5" time="0.453427"/>
        <testcase name="test_json_destroy_as_user_and_get_denied_and_no_force_delete_allowed" file="/app/vendor/gammamatrix/playground-test/src/Feature/Http/Controllers/Resource/Playground/DestroyJsonTrait.php" line="209" class="Tests\Feature\Playground\Matrix\Api\Http\Controllers\Playground\FlowRouteTest" classname="Tests.Feature.Playground.Matrix.Api.Http.Controllers.Playground.FlowRouteTest" assertions="3" time="0.434658"/>
        <testcase name="test_json_guest_cannot_get_edit_info" file="/app/vendor/gammamatrix/playground-test/src/Feature/Http/Controllers/Resource/Playground/EditJsonTrait.php" line="38" class="Tests\Feature\Playground\Matrix\Api\Http\Controllers\Playground\FlowRouteTest" classname="Tests.Feature.Playground.Matrix.Api.Http.Controllers.Playground.FlowRouteTest" assertions="1" time="0.448041"/>
        <testcase name="test_json_admin_can_get_edit_info" file="/app/vendor/gammamatrix/playground-test/src/Feature/Http/Controllers/Resource/Playground/EditJsonTrait.php" line="58" class="Tests\Feature\Playground\Matrix\Api\Http\Controllers\Playground\FlowRouteTest" classname="Tests.Feature.Playground.Matrix.Api.Http.Controllers.Playground.FlowRouteTest" assertions="4" time="0.448694"/>
        <testcase name="test_json_edit_as_admin_and_fail_validation_with_invalid_parameter" file="/app/vendor/gammamatrix/playground-test/src/Feature/Http/Controllers/Resource/Playground/EditJsonTrait.php" line="87" class="Tests\Feature\Playground\Matrix\Api\Http\Controllers\Playground\FlowRouteTest" classname="Tests.Feature.Playground.Matrix.Api.Http.Controllers.Playground.FlowRouteTest" assertions="4" time="0.464889"/>
        <testcase name="test_json_guest_cannot_get_index" file="/app/vendor/gammamatrix/playground-test/src/Feature/Http/Controllers/Resource/Playground/IndexJsonTrait.php" line="34" class="Tests\Feature\Playground\Matrix\Api\Http\Controllers\Playground\FlowRouteTest" classname="Tests.Feature.Playground.Matrix.Api.Http.Controllers.Playground.FlowRouteTest" assertions="1" time="0.445274"/>
        <testcase name="test_json_admin_can_get_index" file="/app/vendor/gammamatrix/playground-test/src/Feature/Http/Controllers/Resource/Playground/IndexJsonTrait.php" line="49" class="Tests\Feature\Playground\Matrix\Api\Http\Controllers\Playground\FlowRouteTest" classname="Tests.Feature.Playground.Matrix.Api.Http.Controllers.Playground.FlowRouteTest" assertions="96" time="0.458232"/>
        <testcase name="test_json_admin_can_get_index_with_filters" file="/app/vendor/gammamatrix/playground-test/src/Feature/Http/Controllers/Resource/Playground/IndexJsonTrait.php" line="85" class="Tests\Feature\Playground\Matrix\Api\Http\Controllers\Playground\FlowRouteTest" classname="Tests.Feature.Playground.Matrix.Api.Http.Controllers.Playground.FlowRouteTest" assertions="3" time="0.460193"/>
        <testcase name="test_json_guest_cannot_lock" file="/app/vendor/gammamatrix/playground-test/src/Feature/Http/Controllers/Resource/Playground/LockJsonTrait.php" line="36" class="Tests\Feature\Playground\Matrix\Api\Http\Controllers\Playground\FlowRouteTest" classname="Tests.Feature.Playground.Matrix.Api.Http.Controllers.Playground.FlowRouteTest" assertions="3" time="0.424040"/>
        <testcase name="test_json_lock_as_admin_and_succeed" file="/app/vendor/gammamatrix/playground-test/src/Feature/Http/Controllers/Resource/Playground/LockJsonTrait.php" line="66" class="Tests\Feature\Playground\Matrix\Api\Http\Controllers\Playground\FlowRouteTest" classname="Tests.Feature.Playground.Matrix.Api.Http.Controllers.Playground.FlowRouteTest" assertions="3" time="0.479052"/>
        <testcase name="test_json_lock_as_admin_and_succeed_with_no_redirect" file="/app/vendor/gammamatrix/playground-test/src/Feature/Http/Controllers/Resource/Playground/LockJsonTrait.php" line="98" class="Tests\Feature\Playground\Matrix\Api\Http\Controllers\Playground\FlowRouteTest" classname="Tests.Feature.Playground.Matrix.Api.Http.Controllers.Playground.FlowRouteTest" assertions="91" time="0.452544"/>
        <testcase name="test_json_lock_as_user_and_get_denied" file="/app/vendor/gammamatrix/playground-test/src/Feature/Http/Controllers/Resource/Playground/LockJsonTrait.php" line="143" class="Tests\Feature\Playground\Matrix\Api\Http\Controllers\Playground\FlowRouteTest" classname="Tests.Feature.Playground.Matrix.Api.Http.Controllers.Playground.FlowRouteTest" assertions="3" time="0.459482"/>
        <testcase name="test_json_guest_cannot_restore" file="/app/vendor/gammamatrix/playground-test/src/Feature/Http/Controllers/Resource/Playground/RestoreJsonTrait.php" line="32" class="Tests\Feature\Playground\Matrix\Api\Http\Controllers\Playground\FlowRouteTest" classname="Tests.Feature.Playground.Matrix.Api.Http.Controllers.Playground.FlowRouteTest" assertions="3" time="0.425901"/>
        <testcase name="test_json_restore_as_admin_and_succeed" file="/app/vendor/gammamatrix/playground-test/src/Feature/Http/Controllers/Resource/Playground/RestoreJsonTrait.php" line="64" class="Tests\Feature\Playground\Matrix\Api\Http\Controllers\Playground\FlowRouteTest" classname="Tests.Feature.Playground.Matrix.Api.Http.Controllers.Playground.FlowRouteTest" assertions="91" time="0.473493"/>
        <testcase name="test_json_restore_as_admin_and_succeed_with_no_redirect" file="/app/vendor/gammamatrix/playground-test/src/Feature/Http/Controllers/Resource/Playground/RestoreJsonTrait.php" line="100" class="Tests\Feature\Playground\Matrix\Api\Http\Controllers\Playground\FlowRouteTest" classname="Tests.Feature.Playground.Matrix.Api.Http.Controllers.Playground.FlowRouteTest" assertions="91" time="0.449040"/>
        <testcase name="test_json_restore_as_user_and_get_denied" file="/app/vendor/gammamatrix/playground-test/src/Feature/Http/Controllers/Resource/Playground/RestoreJsonTrait.php" line="143" class="Tests\Feature\Playground\Matrix\Api\Http\Controllers\Playground\FlowRouteTest" classname="Tests.Feature.Playground.Matrix.Api.Http.Controllers.Playground.FlowRouteTest" assertions="3" time="0.440092"/>
        <testcase name="test_json_guest_cannot_see_info" file="/app/vendor/gammamatrix/playground-test/src/Feature/Http/Controllers/Resource/Playground/ShowJsonTrait.php" line="29" class="Tests\Feature\Playground\Matrix\Api\Http\Controllers\Playground\FlowRouteTest" classname="Tests.Feature.Playground.Matrix.Api.Http.Controllers.Playground.FlowRouteTest" assertions="1" time="0.444127"/>
        <testcase name="test_json_show_info_for_admin" file="/app/vendor/gammamatrix/playground-test/src/Feature/Http/Controllers/Resource/Playground/ShowJsonTrait.php" line="49" class="Tests\Feature\Playground\Matrix\Api\Http\Controllers\Playground\FlowRouteTest" classname="Tests.Feature.Playground.Matrix.Api.Http.Controllers.Playground.FlowRouteTest" assertions="90" time="0.458415"/>
        <testcase name="test_json_guest_cannot_store" file="/app/vendor/gammamatrix/playground-test/src/Feature/Http/Controllers/Resource/Playground/StoreJsonTrait.php" line="43" class="Tests\Feature\Playground\Matrix\Api\Http\Controllers\Playground\FlowRouteTest" classname="Tests.Feature.Playground.Matrix.Api.Http.Controllers.Playground.FlowRouteTest" assertions="3" time="0.441359"/>
        <testcase name="test_json_store_as_admin_without_payload_and_fail_validation" file="/app/vendor/gammamatrix/playground-test/src/Feature/Http/Controllers/Resource/Playground/StoreJsonTrait.php" line="66" class="Tests\Feature\Playground\Matrix\Api\Http\Controllers\Playground\FlowRouteTest" classname="Tests.Feature.Playground.Matrix.Api.Http.Controllers.Playground.FlowRouteTest" assertions="5" time="0.435139"/>
        <testcase name="test_json_store_as_admin_and_succeed" file="/app/vendor/gammamatrix/playground-test/src/Feature/Http/Controllers/Resource/Playground/StoreJsonTrait.php" line="92" class="Tests\Feature\Playground\Matrix\Api\Http\Controllers\Playground\FlowRouteTest" classname="Tests.Feature.Playground.Matrix.Api.Http.Controllers.Playground.FlowRouteTest" assertions="3" time="0.500520"/>
        <testcase name="test_json_guest_cannot_unlock" file="/app/vendor/gammamatrix/playground-test/src/Feature/Http/Controllers/Resource/Playground/UnlockJsonTrait.php" line="36" class="Tests\Feature\Playground\Matrix\Api\Http\Controllers\Playground\FlowRouteTest" classname="Tests.Feature.Playground.Matrix.Api.Http.Controllers.Playground.FlowRouteTest" assertions="3" time="0.434395"/>
        <testcase name="test_json_unlock_as_admin_and_succeed" file="/app/vendor/gammamatrix/playground-test/src/Feature/Http/Controllers/Resource/Playground/UnlockJsonTrait.php" line="68" class="Tests\Feature\Playground\Matrix\Api\Http\Controllers\Playground\FlowRouteTest" classname="Tests.Feature.Playground.Matrix.Api.Http.Controllers.Playground.FlowRouteTest" assertions="91" time="0.477342"/>
        <testcase name="test_json_unlock_as_admin_and_succeed_with_no_redirect" file="/app/vendor/gammamatrix/playground-test/src/Feature/Http/Controllers/Resource/Playground/UnlockJsonTrait.php" line="104" class="Tests\Feature\Playground\Matrix\Api\Http\Controllers\Playground\FlowRouteTest" classname="Tests.Feature.Playground.Matrix.Api.Http.Controllers.Playground.FlowRouteTest" assertions="91" time="0.449192"/>
        <testcase name="test_json_unlock_as_user_and_get_denied" file="/app/vendor/gammamatrix/playground-test/src/Feature/Http/Controllers/Resource/Playground/UnlockJsonTrait.php" line="145" class="Tests\Feature\Playground\Matrix\Api\Http\Controllers\Playground\FlowRouteTest" classname="Tests.Feature.Playground.Matrix.Api.Http.Controllers.Playground.FlowRouteTest" assertions="3" time="0.445509"/>
        <testcase name="test_json_guest_cannot_update" file="/app/vendor/gammamatrix/playground-test/src/Feature/Http/Controllers/Resource/Playground/UpdateJsonTrait.php" line="45" class="Tests\Feature\Playground\Matrix\Api\Http\Controllers\Playground\FlowRouteTest" classname="Tests.Feature.Playground.Matrix.Api.Http.Controllers.Playground.FlowRouteTest" assertions="1" time="0.447562"/>
        <testcase name="test_json_update_as_admin_without_payload_and_fail_validation" file="/app/vendor/gammamatrix/playground-test/src/Feature/Http/Controllers/Resource/Playground/UpdateJsonTrait.php" line="65" class="Tests\Feature\Playground\Matrix\Api\Http\Controllers\Playground\FlowRouteTest" classname="Tests.Feature.Playground.Matrix.Api.Http.Controllers.Playground.FlowRouteTest" assertions="4" time="0.447129"/>
        <testcase name="test_json_admin_can_update" file="/app/vendor/gammamatrix/playground-test/src/Feature/Http/Controllers/Resource/Playground/UpdateJsonTrait.php" line="90" class="Tests\Feature\Playground\Matrix\Api\Http\Controllers\Playground\FlowRouteTest" classname="Tests.Feature.Playground.Matrix.Api.Http.Controllers.Playground.FlowRouteTest" assertions="93" time="0.545771"/>
      </testsuite>
      <testsuite name="Tests\Feature\Playground\Matrix\Api\Http\Controllers\Playground\MatrixRouteTest" file="/app/tests/Feature/Http/Controllers/Playground/MatrixRouteTest.php" tests="35" assertions="868" errors="0" failures="0" skipped="0" time="15.884916">
        <testcase name="test_json_guest_cannot_get_create_info" file="/app/vendor/gammamatrix/playground-test/src/Feature/Http/Controllers/Resource/Playground/CreateJsonTrait.php" line="38" class="Tests\Feature\Playground\Matrix\Api\Http\Controllers\Playground\MatrixRouteTest" classname="Tests.Feature.Playground.Matrix.Api.Http.Controllers.Playground.MatrixRouteTest" assertions="1" time="0.438148"/>
        <testcase name="test_json_admin_can_get_create_info" file="/app/vendor/gammamatrix/playground-test/src/Feature/Http/Controllers/Resource/Playground/CreateJsonTrait.php" line="53" class="Tests\Feature\Playground\Matrix\Api\Http\Controllers\Playground\MatrixRouteTest" classname="Tests.Feature.Playground.Matrix.Api.Http.Controllers.Playground.MatrixRouteTest" assertions="85" time="0.454214"/>
        <testcase name="test_json_get_create_info_as_admin_with_invalid_parameter_and_fail_validation" file="/app/vendor/gammamatrix/playground-test/src/Feature/Http/Controllers/Resource/Playground/CreateJsonTrait.php" line="73" class="Tests\Feature\Playground\Matrix\Api\Http\Controllers\Playground\MatrixRouteTest" classname="Tests.Feature.Playground.Matrix.Api.Http.Controllers.Playground.MatrixRouteTest" assertions="4" time="0.454862"/>
        <testcase name="test_json_guest_cannot_destroy" file="/app/vendor/gammamatrix/playground-test/src/Feature/Http/Controllers/Resource/Playground/DestroyJsonTrait.php" line="31" class="Tests\Feature\Playground\Matrix\Api\Http\Controllers\Playground\MatrixRouteTest" classname="Tests.Feature.Playground.Matrix.Api.Http.Controllers.Playground.MatrixRouteTest" assertions="3" time="0.440353"/>
        <testcase name="test_json_destroy_as_admin_and_succeed" file="/app/vendor/gammamatrix/playground-test/src/Feature/Http/Controllers/Resource/Playground/DestroyJsonTrait.php" line="61" class="Tests\Feature\Playground\Matrix\Api\Http\Controllers\Playground\MatrixRouteTest" classname="Tests.Feature.Playground.Matrix.Api.Http.Controllers.Playground.MatrixRouteTest" assertions="5" time="0.437103"/>
        <testcase name="test_json_destroy_as_admin_and_succeed_with_force_delete" file="/app/vendor/gammamatrix/playground-test/src/Feature/Http/Controllers/Resource/Playground/DestroyJsonTrait.php" line="100" class="Tests\Feature\Playground\Matrix\Api\Http\Controllers\Playground\MatrixRouteTest" classname="Tests.Feature.Playground.Matrix.Api.Http.Controllers.Playground.MatrixRouteTest" assertions="4" time="0.436739"/>
        <testcase name="test_json_destroy_as_admin_and_succeed_with_no_content" file="/app/vendor/gammamatrix/playground-test/src/Feature/Http/Controllers/Resource/Playground/DestroyJsonTrait.php" line="132" class="Tests\Feature\Playground\Matrix\Api\Http\Controllers\Playground\MatrixRouteTest" classname="Tests.Feature.Playground.Matrix.Api.Http.Controllers.Playground.MatrixRouteTest" assertions="5" time="0.453938"/>
        <testcase name="test_json_destroy_as_admin_and_succeed_and_ignore_redirect" file="/app/vendor/gammamatrix/playground-test/src/Feature/Http/Controllers/Resource/Playground/DestroyJsonTrait.php" line="167" class="Tests\Feature\Playground\Matrix\Api\Http\Controllers\Playground\MatrixRouteTest" classname="Tests.Feature.Playground.Matrix.Api.Http.Controllers.Playground.MatrixRouteTest" assertions="5" time="0.433495"/>
        <testcase name="test_json_destroy_as_user_and_get_denied_and_no_force_delete_allowed" file="/app/vendor/gammamatrix/playground-test/src/Feature/Http/Controllers/Resource/Playground/DestroyJsonTrait.php" line="209" class="Tests\Feature\Playground\Matrix\Api\Http\Controllers\Playground\MatrixRouteTest" classname="Tests.Feature.Playground.Matrix.Api.Http.Controllers.Playground.MatrixRouteTest" assertions="3" time="0.450138"/>
        <testcase name="test_json_guest_cannot_get_edit_info" file="/app/vendor/gammamatrix/playground-test/src/Feature/Http/Controllers/Resource/Playground/EditJsonTrait.php" line="38" class="Tests\Feature\Playground\Matrix\Api\Http\Controllers\Playground\MatrixRouteTest" classname="Tests.Feature.Playground.Matrix.Api.Http.Controllers.Playground.MatrixRouteTest" assertions="1" time="0.440904"/>
        <testcase name="test_json_admin_can_get_edit_info" file="/app/vendor/gammamatrix/playground-test/src/Feature/Http/Controllers/Resource/Playground/EditJsonTrait.php" line="58" class="Tests\Feature\Playground\Matrix\Api\Http\Controllers\Playground\MatrixRouteTest" classname="Tests.Feature.Playground.Matrix.Api.Http.Controllers.Playground.MatrixRouteTest" assertions="4" time="0.468117"/>
        <testcase name="test_json_edit_as_admin_and_fail_validation_with_invalid_parameter" file="/app/vendor/gammamatrix/playground-test/src/Feature/Http/Controllers/Resource/Playground/EditJsonTrait.php" line="87" class="Tests\Feature\Playground\Matrix\Api\Http\Controllers\Playground\MatrixRouteTest" classname="Tests.Feature.Playground.Matrix.Api.Http.Controllers.Playground.MatrixRouteTest" assertions="4" time="0.442384"/>
        <testcase name="test_json_guest_cannot_get_index" file="/app/vendor/gammamatrix/playground-test/src/Feature/Http/Controllers/Resource/Playground/IndexJsonTrait.php" line="34" class="Tests\Feature\Playground\Matrix\Api\Http\Controllers\Playground\MatrixRouteTest" classname="Tests.Feature.Playground.Matrix.Api.Http.Controllers.Playground.MatrixRouteTest" assertions="1" time="0.448768"/>
        <testcase name="test_json_admin_can_get_index" file="/app/vendor/gammamatrix/playground-test/src/Feature/Http/Controllers/Resource/Playground/IndexJsonTrait.php" line="49" class="Tests\Feature\Playground\Matrix\Api\Http\Controllers\Playground\MatrixRouteTest" classname="Tests.Feature.Playground.Matrix.Api.Http.Controllers.Playground.MatrixRouteTest" assertions="92" time="0.460339"/>
        <testcase name="test_json_admin_can_get_index_with_filters" file="/app/vendor/gammamatrix/playground-test/src/Feature/Http/Controllers/Resource/Playground/IndexJsonTrait.php" line="85" class="Tests\Feature\Playground\Matrix\Api\Http\Controllers\Playground\MatrixRouteTest" classname="Tests.Feature.Playground.Matrix.Api.Http.Controllers.Playground.MatrixRouteTest" assertions="3" time="0.454120"/>
        <testcase name="test_json_guest_cannot_lock" file="/app/vendor/gammamatrix/playground-test/src/Feature/Http/Controllers/Resource/Playground/LockJsonTrait.php" line="36" class="Tests\Feature\Playground\Matrix\Api\Http\Controllers\Playground\MatrixRouteTest" classname="Tests.Feature.Playground.Matrix.Api.Http.Controllers.Playground.MatrixRouteTest" assertions="3" time="0.449623"/>
        <testcase name="test_json_lock_as_admin_and_succeed" file="/app/vendor/gammamatrix/playground-test/src/Feature/Http/Controllers/Resource/Playground/LockJsonTrait.php" line="66" class="Tests\Feature\Playground\Matrix\Api\Http\Controllers\Playground\MatrixRouteTest" classname="Tests.Feature.Playground.Matrix.Api.Http.Controllers.Playground.MatrixRouteTest" assertions="3" time="0.455733"/>
        <testcase name="test_json_lock_as_admin_and_succeed_with_no_redirect" file="/app/vendor/gammamatrix/playground-test/src/Feature/Http/Controllers/Resource/Playground/LockJsonTrait.php" line="98" class="Tests\Feature\Playground\Matrix\Api\Http\Controllers\Playground\MatrixRouteTest" classname="Tests.Feature.Playground.Matrix.Api.Http.Controllers.Playground.MatrixRouteTest" assertions="87" time="0.472215"/>
        <testcase name="test_json_lock_as_user_and_get_denied" file="/app/vendor/gammamatrix/playground-test/src/Feature/Http/Controllers/Resource/Playground/LockJsonTrait.php" line="143" class="Tests\Feature\Playground\Matrix\Api\Http\Controllers\Playground\MatrixRouteTest" classname="Tests.Feature.Playground.Matrix.Api.Http.Controllers.Playground.MatrixRouteTest" assertions="3" time="0.434331"/>
        <testcase name="test_json_guest_cannot_restore" file="/app/vendor/gammamatrix/playground-test/src/Feature/Http/Controllers/Resource/Playground/RestoreJsonTrait.php" line="32" class="Tests\Feature\Playground\Matrix\Api\Http\Controllers\Playground\MatrixRouteTest" classname="Tests.Feature.Playground.Matrix.Api.Http.Controllers.Playground.MatrixRouteTest" assertions="3" time="0.449360"/>
        <testcase name="test_json_restore_as_admin_and_succeed" file="/app/vendor/gammamatrix/playground-test/src/Feature/Http/Controllers/Resource/Playground/RestoreJsonTrait.php" line="64" class="Tests\Feature\Playground\Matrix\Api\Http\Controllers\Playground\MatrixRouteTest" classname="Tests.Feature.Playground.Matrix.Api.Http.Controllers.Playground.MatrixRouteTest" assertions="87" time="0.449961"/>
        <testcase name="test_json_restore_as_admin_and_succeed_with_no_redirect" file="/app/vendor/gammamatrix/playground-test/src/Feature/Http/Controllers/Resource/Playground/RestoreJsonTrait.php" line="100" class="Tests\Feature\Playground\Matrix\Api\Http\Controllers\Playground\MatrixRouteTest" classname="Tests.Feature.Playground.Matrix.Api.Http.Controllers.Playground.MatrixRouteTest" assertions="87" time="0.473628"/>
        <testcase name="test_json_restore_as_user_and_get_denied" file="/app/vendor/gammamatrix/playground-test/src/Feature/Http/Controllers/Resource/Playground/RestoreJsonTrait.php" line="143" class="Tests\Feature\Playground\Matrix\Api\Http\Controllers\Playground\MatrixRouteTest" classname="Tests.Feature.Playground.Matrix.Api.Http.Controllers.Playground.MatrixRouteTest" assertions="3" time="0.439501"/>
        <testcase name="test_json_guest_cannot_see_info" file="/app/vendor/gammamatrix/playground-test/src/Feature/Http/Controllers/Resource/Playground/ShowJsonTrait.php" line="29" class="Tests\Feature\Playground\Matrix\Api\Http\Controllers\Playground\MatrixRouteTest" classname="Tests.Feature.Playground.Matrix.Api.Http.Controllers.Playground.MatrixRouteTest" assertions="1" time="0.426550"/>
        <testcase name="test_json_show_info_for_admin" file="/app/vendor/gammamatrix/playground-test/src/Feature/Http/Controllers/Resource/Playground/ShowJsonTrait.php" line="49" class="Tests\Feature\Playground\Matrix\Api\Http\Controllers\Playground\MatrixRouteTest" classname="Tests.Feature.Playground.Matrix.Api.Http.Controllers.Playground.MatrixRouteTest" assertions="86" time="0.471506"/>
        <testcase name="test_json_guest_cannot_store" file="/app/vendor/gammamatrix/playground-test/src/Feature/Http/Controllers/Resource/Playground/StoreJsonTrait.php" line="43" class="Tests\Feature\Playground\Matrix\Api\Http\Controllers\Playground\MatrixRouteTest" classname="Tests.Feature.Playground.Matrix.Api.Http.Controllers.Playground.MatrixRouteTest" assertions="3" time="0.429007"/>
        <testcase name="test_json_store_as_admin_without_payload_and_fail_validation" file="/app/vendor/gammamatrix/playground-test/src/Feature/Http/Controllers/Resource/Playground/StoreJsonTrait.php" line="66" class="Tests\Feature\Playground\Matrix\Api\Http\Controllers\Playground\MatrixRouteTest" classname="Tests.Feature.Playground.Matrix.Api.Http.Controllers.Playground.MatrixRouteTest" assertions="5" time="0.466718"/>
        <testcase name="test_json_store_as_admin_and_succeed" file="/app/vendor/gammamatrix/playground-test/src/Feature/Http/Controllers/Resource/Playground/StoreJsonTrait.php" line="92" class="Tests\Feature\Playground\Matrix\Api\Http\Controllers\Playground\MatrixRouteTest" classname="Tests.Feature.Playground.Matrix.Api.Http.Controllers.Playground.MatrixRouteTest" assertions="3" time="0.478204"/>
        <testcase name="test_json_guest_cannot_unlock" file="/app/vendor/gammamatrix/playground-test/src/Feature/Http/Controllers/Resource/Playground/UnlockJsonTrait.php" line="36" class="Tests\Feature\Playground\Matrix\Api\Http\Controllers\Playground\MatrixRouteTest" classname="Tests.Feature.Playground.Matrix.Api.Http.Controllers.Playground.MatrixRouteTest" assertions="3" time="0.462834"/>
        <testcase name="test_json_unlock_as_admin_and_succeed" file="/app/vendor/gammamatrix/playground-test/src/Feature/Http/Controllers/Resource/Playground/UnlockJsonTrait.php" line="68" class="Tests\Feature\Playground\Matrix\Api\Http\Controllers\Playground\MatrixRouteTest" classname="Tests.Feature.Playground.Matrix.Api.Http.Controllers.Playground.MatrixRouteTest" assertions="87" time="0.447566"/>
        <testcase name="test_json_unlock_as_admin_and_succeed_with_no_redirect" file="/app/vendor/gammamatrix/playground-test/src/Feature/Http/Controllers/Resource/Playground/UnlockJsonTrait.php" line="104" class="Tests\Feature\Playground\Matrix\Api\Http\Controllers\Playground\MatrixRouteTest" classname="Tests.Feature.Playground.Matrix.Api.Http.Controllers.Playground.MatrixRouteTest" assertions="87" time="0.470158"/>
        <testcase name="test_json_unlock_as_user_and_get_denied" file="/app/vendor/gammamatrix/playground-test/src/Feature/Http/Controllers/Resource/Playground/UnlockJsonTrait.php" line="145" class="Tests\Feature\Playground\Matrix\Api\Http\Controllers\Playground\MatrixRouteTest" classname="Tests.Feature.Playground.Matrix.Api.Http.Controllers.Playground.MatrixRouteTest" assertions="3" time="0.445661"/>
        <testcase name="test_json_guest_cannot_update" file="/app/vendor/gammamatrix/playground-test/src/Feature/Http/Controllers/Resource/Playground/UpdateJsonTrait.php" line="45" class="Tests\Feature\Playground\Matrix\Api\Http\Controllers\Playground\MatrixRouteTest" classname="Tests.Feature.Playground.Matrix.Api.Http.Controllers.Playground.MatrixRouteTest" assertions="1" time="0.440618"/>
        <testcase name="test_json_update_as_admin_without_payload_and_fail_validation" file="/app/vendor/gammamatrix/playground-test/src/Feature/Http/Controllers/Resource/Playground/UpdateJsonTrait.php" line="65" class="Tests\Feature\Playground\Matrix\Api\Http\Controllers\Playground\MatrixRouteTest" classname="Tests.Feature.Playground.Matrix.Api.Http.Controllers.Playground.MatrixRouteTest" assertions="4" time="0.466600"/>
        <testcase name="test_json_admin_can_update" file="/app/vendor/gammamatrix/playground-test/src/Feature/Http/Controllers/Resource/Playground/UpdateJsonTrait.php" line="90" class="Tests\Feature\Playground\Matrix\Api\Http\Controllers\Playground\MatrixRouteTest" classname="Tests.Feature.Playground.Matrix.Api.Http.Controllers.Playground.MatrixRouteTest" assertions="89" time="0.541520"/>
      </testsuite>
      <testsuite name="Tests\Feature\Playground\Matrix\Api\Http\Controllers\Playground\MilestoneRouteTest" file="/app/tests/Feature/Http/Controllers/Playground/MilestoneRouteTest.php" tests="35" assertions="1048" errors="0" failures="0" skipped="0" time="16.052104">
        <testcase name="test_json_guest_cannot_get_create_info" file="/app/vendor/gammamatrix/playground-test/src/Feature/Http/Controllers/Resource/Playground/CreateJsonTrait.php" line="38" class="Tests\Feature\Playground\Matrix\Api\Http\Controllers\Playground\MilestoneRouteTest" classname="Tests.Feature.Playground.Matrix.Api.Http.Controllers.Playground.MilestoneRouteTest" assertions="1" time="0.469350"/>
        <testcase name="test_json_admin_can_get_create_info" file="/app/vendor/gammamatrix/playground-test/src/Feature/Http/Controllers/Resource/Playground/CreateJsonTrait.php" line="53" class="Tests\Feature\Playground\Matrix\Api\Http\Controllers\Playground\MilestoneRouteTest" classname="Tests.Feature.Playground.Matrix.Api.Http.Controllers.Playground.MilestoneRouteTest" assertions="105" time="0.444403"/>
        <testcase name="test_json_get_create_info_as_admin_with_invalid_parameter_and_fail_validation" file="/app/vendor/gammamatrix/playground-test/src/Feature/Http/Controllers/Resource/Playground/CreateJsonTrait.php" line="73" class="Tests\Feature\Playground\Matrix\Api\Http\Controllers\Playground\MilestoneRouteTest" classname="Tests.Feature.Playground.Matrix.Api.Http.Controllers.Playground.MilestoneRouteTest" assertions="4" time="0.466190"/>
        <testcase name="test_json_guest_cannot_destroy" file="/app/vendor/gammamatrix/playground-test/src/Feature/Http/Controllers/Resource/Playground/DestroyJsonTrait.php" line="31" class="Tests\Feature\Playground\Matrix\Api\Http\Controllers\Playground\MilestoneRouteTest" classname="Tests.Feature.Playground.Matrix.Api.Http.Controllers.Playground.MilestoneRouteTest" assertions="3" time="0.424721"/>
        <testcase name="test_json_destroy_as_admin_and_succeed" file="/app/vendor/gammamatrix/playground-test/src/Feature/Http/Controllers/Resource/Playground/DestroyJsonTrait.php" line="61" class="Tests\Feature\Playground\Matrix\Api\Http\Controllers\Playground\MilestoneRouteTest" classname="Tests.Feature.Playground.Matrix.Api.Http.Controllers.Playground.MilestoneRouteTest" assertions="5" time="0.464269"/>
        <testcase name="test_json_destroy_as_admin_and_succeed_with_force_delete" file="/app/vendor/gammamatrix/playground-test/src/Feature/Http/Controllers/Resource/Playground/DestroyJsonTrait.php" line="100" class="Tests\Feature\Playground\Matrix\Api\Http\Controllers\Playground\MilestoneRouteTest" classname="Tests.Feature.Playground.Matrix.Api.Http.Controllers.Playground.MilestoneRouteTest" assertions="4" time="0.455091"/>
        <testcase name="test_json_destroy_as_admin_and_succeed_with_no_content" file="/app/vendor/gammamatrix/playground-test/src/Feature/Http/Controllers/Resource/Playground/DestroyJsonTrait.php" line="132" class="Tests\Feature\Playground\Matrix\Api\Http\Controllers\Playground\MilestoneRouteTest" classname="Tests.Feature.Playground.Matrix.Api.Http.Controllers.Playground.MilestoneRouteTest" assertions="5" time="0.441079"/>
        <testcase name="test_json_destroy_as_admin_and_succeed_and_ignore_redirect" file="/app/vendor/gammamatrix/playground-test/src/Feature/Http/Controllers/Resource/Playground/DestroyJsonTrait.php" line="167" class="Tests\Feature\Playground\Matrix\Api\Http\Controllers\Playground\MilestoneRouteTest" classname="Tests.Feature.Playground.Matrix.Api.Http.Controllers.Playground.MilestoneRouteTest" assertions="5" time="0.452429"/>
        <testcase name="test_json_destroy_as_user_and_get_denied_and_no_force_delete_allowed" file="/app/vendor/gammamatrix/playground-test/src/Feature/Http/Controllers/Resource/Playground/DestroyJsonTrait.php" line="209" class="Tests\Feature\Playground\Matrix\Api\Http\Controllers\Playground\MilestoneRouteTest" classname="Tests.Feature.Playground.Matrix.Api.Http.Controllers.Playground.MilestoneRouteTest" assertions="3" time="0.430720"/>
        <testcase name="test_json_guest_cannot_get_edit_info" file="/app/vendor/gammamatrix/playground-test/src/Feature/Http/Controllers/Resource/Playground/EditJsonTrait.php" line="38" class="Tests\Feature\Playground\Matrix\Api\Http\Controllers\Playground\MilestoneRouteTest" classname="Tests.Feature.Playground.Matrix.Api.Http.Controllers.Playground.MilestoneRouteTest" assertions="1" time="0.445411"/>
        <testcase name="test_json_admin_can_get_edit_info" file="/app/vendor/gammamatrix/playground-test/src/Feature/Http/Controllers/Resource/Playground/EditJsonTrait.php" line="58" class="Tests\Feature\Playground\Matrix\Api\Http\Controllers\Playground\MilestoneRouteTest" classname="Tests.Feature.Playground.Matrix.Api.Http.Controllers.Playground.MilestoneRouteTest" assertions="4" time="0.448511"/>
        <testcase name="test_json_edit_as_admin_and_fail_validation_with_invalid_parameter" file="/app/vendor/gammamatrix/playground-test/src/Feature/Http/Controllers/Resource/Playground/EditJsonTrait.php" line="87" class="Tests\Feature\Playground\Matrix\Api\Http\Controllers\Playground\MilestoneRouteTest" classname="Tests.Feature.Playground.Matrix.Api.Http.Controllers.Playground.MilestoneRouteTest" assertions="4" time="0.484960"/>
        <testcase name="test_json_guest_cannot_get_index" file="/app/vendor/gammamatrix/playground-test/src/Feature/Http/Controllers/Resource/Playground/IndexJsonTrait.php" line="34" class="Tests\Feature\Playground\Matrix\Api\Http\Controllers\Playground\MilestoneRouteTest" classname="Tests.Feature.Playground.Matrix.Api.Http.Controllers.Playground.MilestoneRouteTest" assertions="1" time="0.425397"/>
        <testcase name="test_json_admin_can_get_index" file="/app/vendor/gammamatrix/playground-test/src/Feature/Http/Controllers/Resource/Playground/IndexJsonTrait.php" line="49" class="Tests\Feature\Playground\Matrix\Api\Http\Controllers\Playground\MilestoneRouteTest" classname="Tests.Feature.Playground.Matrix.Api.Http.Controllers.Playground.MilestoneRouteTest" assertions="112" time="0.462420"/>
        <testcase name="test_json_admin_can_get_index_with_filters" file="/app/vendor/gammamatrix/playground-test/src/Feature/Http/Controllers/Resource/Playground/IndexJsonTrait.php" line="85" class="Tests\Feature\Playground\Matrix\Api\Http\Controllers\Playground\MilestoneRouteTest" classname="Tests.Feature.Playground.Matrix.Api.Http.Controllers.Playground.MilestoneRouteTest" assertions="3" time="0.468863"/>
        <testcase name="test_json_guest_cannot_lock" file="/app/vendor/gammamatrix/playground-test/src/Feature/Http/Controllers/Resource/Playground/LockJsonTrait.php" line="36" class="Tests\Feature\Playground\Matrix\Api\Http\Controllers\Playground\MilestoneRouteTest" classname="Tests.Feature.Playground.Matrix.Api.Http.Controllers.Playground.MilestoneRouteTest" assertions="3" time="0.425765"/>
        <testcase name="test_json_lock_as_admin_and_succeed" file="/app/vendor/gammamatrix/playground-test/src/Feature/Http/Controllers/Resource/Playground/LockJsonTrait.php" line="66" class="Tests\Feature\Playground\Matrix\Api\Http\Controllers\Playground\MilestoneRouteTest" classname="Tests.Feature.Playground.Matrix.Api.Http.Controllers.Playground.MilestoneRouteTest" assertions="3" time="0.483992"/>
        <testcase name="test_json_lock_as_admin_and_succeed_with_no_redirect" file="/app/vendor/gammamatrix/playground-test/src/Feature/Http/Controllers/Resource/Playground/LockJsonTrait.php" line="98" class="Tests\Feature\Playground\Matrix\Api\Http\Controllers\Playground\MilestoneRouteTest" classname="Tests.Feature.Playground.Matrix.Api.Http.Controllers.Playground.MilestoneRouteTest" assertions="107" time="0.458901"/>
        <testcase name="test_json_lock_as_user_and_get_denied" file="/app/vendor/gammamatrix/playground-test/src/Feature/Http/Controllers/Resource/Playground/LockJsonTrait.php" line="143" class="Tests\Feature\Playground\Matrix\Api\Http\Controllers\Playground\MilestoneRouteTest" classname="Tests.Feature.Playground.Matrix.Api.Http.Controllers.Playground.MilestoneRouteTest" assertions="3" time="0.465027"/>
        <testcase name="test_json_guest_cannot_restore" file="/app/vendor/gammamatrix/playground-test/src/Feature/Http/Controllers/Resource/Playground/RestoreJsonTrait.php" line="32" class="Tests\Feature\Playground\Matrix\Api\Http\Controllers\Playground\MilestoneRouteTest" classname="Tests.Feature.Playground.Matrix.Api.Http.Controllers.Playground.MilestoneRouteTest" assertions="3" time="0.429170"/>
        <testcase name="test_json_restore_as_admin_and_succeed" file="/app/vendor/gammamatrix/playground-test/src/Feature/Http/Controllers/Resource/Playground/RestoreJsonTrait.php" line="64" class="Tests\Feature\Playground\Matrix\Api\Http\Controllers\Playground\MilestoneRouteTest" classname="Tests.Feature.Playground.Matrix.Api.Http.Controllers.Playground.MilestoneRouteTest" assertions="107" time="0.483374"/>
        <testcase name="test_json_restore_as_admin_and_succeed_with_no_redirect" file="/app/vendor/gammamatrix/playground-test/src/Feature/Http/Controllers/Resource/Playground/RestoreJsonTrait.php" line="100" class="Tests\Feature\Playground\Matrix\Api\Http\Controllers\Playground\MilestoneRouteTest" classname="Tests.Feature.Playground.Matrix.Api.Http.Controllers.Playground.MilestoneRouteTest" assertions="107" time="0.456787"/>
        <testcase name="test_json_restore_as_user_and_get_denied" file="/app/vendor/gammamatrix/playground-test/src/Feature/Http/Controllers/Resource/Playground/RestoreJsonTrait.php" line="143" class="Tests\Feature\Playground\Matrix\Api\Http\Controllers\Playground\MilestoneRouteTest" classname="Tests.Feature.Playground.Matrix.Api.Http.Controllers.Playground.MilestoneRouteTest" assertions="3" time="0.431391"/>
        <testcase name="test_json_guest_cannot_see_info" file="/app/vendor/gammamatrix/playground-test/src/Feature/Http/Controllers/Resource/Playground/ShowJsonTrait.php" line="29" class="Tests\Feature\Playground\Matrix\Api\Http\Controllers\Playground\MilestoneRouteTest" classname="Tests.Feature.Playground.Matrix.Api.Http.Controllers.Playground.MilestoneRouteTest" assertions="1" time="0.451091"/>
        <testcase name="test_json_show_info_for_admin" file="/app/vendor/gammamatrix/playground-test/src/Feature/Http/Controllers/Resource/Playground/ShowJsonTrait.php" line="49" class="Tests\Feature\Playground\Matrix\Api\Http\Controllers\Playground\MilestoneRouteTest" classname="Tests.Feature.Playground.Matrix.Api.Http.Controllers.Playground.MilestoneRouteTest" assertions="106" time="0.450513"/>
        <testcase name="test_json_guest_cannot_store" file="/app/vendor/gammamatrix/playground-test/src/Feature/Http/Controllers/Resource/Playground/StoreJsonTrait.php" line="43" class="Tests\Feature\Playground\Matrix\Api\Http\Controllers\Playground\MilestoneRouteTest" classname="Tests.Feature.Playground.Matrix.Api.Http.Controllers.Playground.MilestoneRouteTest" assertions="3" time="0.448525"/>
        <testcase name="test_json_store_as_admin_without_payload_and_fail_validation" file="/app/vendor/gammamatrix/playground-test/src/Feature/Http/Controllers/Resource/Playground/StoreJsonTrait.php" line="66" class="Tests\Feature\Playground\Matrix\Api\Http\Controllers\Playground\MilestoneRouteTest" classname="Tests.Feature.Playground.Matrix.Api.Http.Controllers.Playground.MilestoneRouteTest" assertions="5" time="0.437513"/>
        <testcase name="test_json_store_as_admin_and_succeed" file="/app/vendor/gammamatrix/playground-test/src/Feature/Http/Controllers/Resource/Playground/StoreJsonTrait.php" line="92" class="Tests\Feature\Playground\Matrix\Api\Http\Controllers\Playground\MilestoneRouteTest" classname="Tests.Feature.Playground.Matrix.Api.Http.Controllers.Playground.MilestoneRouteTest" assertions="3" time="0.525075"/>
        <testcase name="test_json_guest_cannot_unlock" file="/app/vendor/gammamatrix/playground-test/src/Feature/Http/Controllers/Resource/Playground/UnlockJsonTrait.php" line="36" class="Tests\Feature\Playground\Matrix\Api\Http\Controllers\Playground\MilestoneRouteTest" classname="Tests.Feature.Playground.Matrix.Api.Http.Controllers.Playground.MilestoneRouteTest" assertions="3" time="0.435687"/>
        <testcase name="test_json_unlock_as_admin_and_succeed" file="/app/vendor/gammamatrix/playground-test/src/Feature/Http/Controllers/Resource/Playground/UnlockJsonTrait.php" line="68" class="Tests\Feature\Playground\Matrix\Api\Http\Controllers\Playground\MilestoneRouteTest" classname="Tests.Feature.Playground.Matrix.Api.Http.Controllers.Playground.MilestoneRouteTest" assertions="107" time="0.478999"/>
        <testcase name="test_json_unlock_as_admin_and_succeed_with_no_redirect" file="/app/vendor/gammamatrix/playground-test/src/Feature/Http/Controllers/Resource/Playground/UnlockJsonTrait.php" line="104" class="Tests\Feature\Playground\Matrix\Api\Http\Controllers\Playground\MilestoneRouteTest" classname="Tests.Feature.Playground.Matrix.Api.Http.Controllers.Playground.MilestoneRouteTest" assertions="107" time="0.453733"/>
        <testcase name="test_json_unlock_as_user_and_get_denied" file="/app/vendor/gammamatrix/playground-test/src/Feature/Http/Controllers/Resource/Playground/UnlockJsonTrait.php" line="145" class="Tests\Feature\Playground\Matrix\Api\Http\Controllers\Playground\MilestoneRouteTest" classname="Tests.Feature.Playground.Matrix.Api.Http.Controllers.Playground.MilestoneRouteTest" assertions="3" time="0.448937"/>
        <testcase name="test_json_guest_cannot_update" file="/app/vendor/gammamatrix/playground-test/src/Feature/Http/Controllers/Resource/Playground/UpdateJsonTrait.php" line="45" class="Tests\Feature\Playground\Matrix\Api\Http\Controllers\Playground\MilestoneRouteTest" classname="Tests.Feature.Playground.Matrix.Api.Http.Controllers.Playground.MilestoneRouteTest" assertions="1" time="0.474732"/>
        <testcase name="test_json_update_as_admin_without_payload_and_fail_validation" file="/app/vendor/gammamatrix/playground-test/src/Feature/Http/Controllers/Resource/Playground/UpdateJsonTrait.php" line="65" class="Tests\Feature\Playground\Matrix\Api\Http\Controllers\Playground\MilestoneRouteTest" classname="Tests.Feature.Playground.Matrix.Api.Http.Controllers.Playground.MilestoneRouteTest" assertions="4" time="0.444846"/>
        <testcase name="test_json_admin_can_update" file="/app/vendor/gammamatrix/playground-test/src/Feature/Http/Controllers/Resource/Playground/UpdateJsonTrait.php" line="90" class="Tests\Feature\Playground\Matrix\Api\Http\Controllers\Playground\MilestoneRouteTest" classname="Tests.Feature.Playground.Matrix.Api.Http.Controllers.Playground.MilestoneRouteTest" assertions="109" time="0.584232"/>
      </testsuite>
      <testsuite name="Tests\Feature\Playground\Matrix\Api\Http\Controllers\Playground\NoteRouteTest" file="/app/tests/Feature/Http/Controllers/Playground/NoteRouteTest.php" tests="35" assertions="778" errors="0" failures="0" skipped="0" time="15.789563">
        <testcase name="test_json_guest_cannot_get_create_info" file="/app/vendor/gammamatrix/playground-test/src/Feature/Http/Controllers/Resource/Playground/CreateJsonTrait.php" line="38" class="Tests\Feature\Playground\Matrix\Api\Http\Controllers\Playground\NoteRouteTest" classname="Tests.Feature.Playground.Matrix.Api.Http.Controllers.Playground.NoteRouteTest" assertions="1" time="0.447022"/>
        <testcase name="test_json_admin_can_get_create_info" file="/app/vendor/gammamatrix/playground-test/src/Feature/Http/Controllers/Resource/Playground/CreateJsonTrait.php" line="53" class="Tests\Feature\Playground\Matrix\Api\Http\Controllers\Playground\NoteRouteTest" classname="Tests.Feature.Playground.Matrix.Api.Http.Controllers.Playground.NoteRouteTest" assertions="75" time="0.462783"/>
        <testcase name="test_json_get_create_info_as_admin_with_invalid_parameter_and_fail_validation" file="/app/vendor/gammamatrix/playground-test/src/Feature/Http/Controllers/Resource/Playground/CreateJsonTrait.php" line="73" class="Tests\Feature\Playground\Matrix\Api\Http\Controllers\Playground\NoteRouteTest" classname="Tests.Feature.Playground.Matrix.Api.Http.Controllers.Playground.NoteRouteTest" assertions="4" time="0.436852"/>
        <testcase name="test_json_guest_cannot_destroy" file="/app/vendor/gammamatrix/playground-test/src/Feature/Http/Controllers/Resource/Playground/DestroyJsonTrait.php" line="31" class="Tests\Feature\Playground\Matrix\Api\Http\Controllers\Playground\NoteRouteTest" classname="Tests.Feature.Playground.Matrix.Api.Http.Controllers.Playground.NoteRouteTest" assertions="3" time="0.455851"/>
        <testcase name="test_json_destroy_as_admin_and_succeed" file="/app/vendor/gammamatrix/playground-test/src/Feature/Http/Controllers/Resource/Playground/DestroyJsonTrait.php" line="61" class="Tests\Feature\Playground\Matrix\Api\Http\Controllers\Playground\NoteRouteTest" classname="Tests.Feature.Playground.Matrix.Api.Http.Controllers.Playground.NoteRouteTest" assertions="5" time="0.431582"/>
        <testcase name="test_json_destroy_as_admin_and_succeed_with_force_delete" file="/app/vendor/gammamatrix/playground-test/src/Feature/Http/Controllers/Resource/Playground/DestroyJsonTrait.php" line="100" class="Tests\Feature\Playground\Matrix\Api\Http\Controllers\Playground\NoteRouteTest" classname="Tests.Feature.Playground.Matrix.Api.Http.Controllers.Playground.NoteRouteTest" assertions="4" time="0.478200"/>
        <testcase name="test_json_destroy_as_admin_and_succeed_with_no_content" file="/app/vendor/gammamatrix/playground-test/src/Feature/Http/Controllers/Resource/Playground/DestroyJsonTrait.php" line="132" class="Tests\Feature\Playground\Matrix\Api\Http\Controllers\Playground\NoteRouteTest" classname="Tests.Feature.Playground.Matrix.Api.Http.Controllers.Playground.NoteRouteTest" assertions="5" time="0.432820"/>
        <testcase name="test_json_destroy_as_admin_and_succeed_and_ignore_redirect" file="/app/vendor/gammamatrix/playground-test/src/Feature/Http/Controllers/Resource/Playground/DestroyJsonTrait.php" line="167" class="Tests\Feature\Playground\Matrix\Api\Http\Controllers\Playground\NoteRouteTest" classname="Tests.Feature.Playground.Matrix.Api.Http.Controllers.Playground.NoteRouteTest" assertions="5" time="0.429524"/>
        <testcase name="test_json_destroy_as_user_and_get_denied_and_no_force_delete_allowed" file="/app/vendor/gammamatrix/playground-test/src/Feature/Http/Controllers/Resource/Playground/DestroyJsonTrait.php" line="209" class="Tests\Feature\Playground\Matrix\Api\Http\Controllers\Playground\NoteRouteTest" classname="Tests.Feature.Playground.Matrix.Api.Http.Controllers.Playground.NoteRouteTest" assertions="3" time="0.450456"/>
        <testcase name="test_json_guest_cannot_get_edit_info" file="/app/vendor/gammamatrix/playground-test/src/Feature/Http/Controllers/Resource/Playground/EditJsonTrait.php" line="38" class="Tests\Feature\Playground\Matrix\Api\Http\Controllers\Playground\NoteRouteTest" classname="Tests.Feature.Playground.Matrix.Api.Http.Controllers.Playground.NoteRouteTest" assertions="1" time="0.428045"/>
        <testcase name="test_json_admin_can_get_edit_info" file="/app/vendor/gammamatrix/playground-test/src/Feature/Http/Controllers/Resource/Playground/EditJsonTrait.php" line="58" class="Tests\Feature\Playground\Matrix\Api\Http\Controllers\Playground\NoteRouteTest" classname="Tests.Feature.Playground.Matrix.Api.Http.Controllers.Playground.NoteRouteTest" assertions="4" time="0.470091"/>
        <testcase name="test_json_edit_as_admin_and_fail_validation_with_invalid_parameter" file="/app/vendor/gammamatrix/playground-test/src/Feature/Http/Controllers/Resource/Playground/EditJsonTrait.php" line="87" class="Tests\Feature\Playground\Matrix\Api\Http\Controllers\Playground\NoteRouteTest" classname="Tests.Feature.Playground.Matrix.Api.Http.Controllers.Playground.NoteRouteTest" assertions="4" time="0.447481"/>
        <testcase name="test_json_guest_cannot_get_index" file="/app/vendor/gammamatrix/playground-test/src/Feature/Http/Controllers/Resource/Playground/IndexJsonTrait.php" line="34" class="Tests\Feature\Playground\Matrix\Api\Http\Controllers\Playground\NoteRouteTest" classname="Tests.Feature.Playground.Matrix.Api.Http.Controllers.Playground.NoteRouteTest" assertions="1" time="0.451172"/>
        <testcase name="test_json_admin_can_get_index" file="/app/vendor/gammamatrix/playground-test/src/Feature/Http/Controllers/Resource/Playground/IndexJsonTrait.php" line="49" class="Tests\Feature\Playground\Matrix\Api\Http\Controllers\Playground\NoteRouteTest" classname="Tests.Feature.Playground.Matrix.Api.Http.Controllers.Playground.NoteRouteTest" assertions="82" time="0.451338"/>
        <testcase name="test_json_admin_can_get_index_with_filters" file="/app/vendor/gammamatrix/playground-test/src/Feature/Http/Controllers/Resource/Playground/IndexJsonTrait.php" line="85" class="Tests\Feature\Playground\Matrix\Api\Http\Controllers\Playground\NoteRouteTest" classname="Tests.Feature.Playground.Matrix.Api.Http.Controllers.Playground.NoteRouteTest" assertions="3" time="0.447173"/>
        <testcase name="test_json_guest_cannot_lock" file="/app/vendor/gammamatrix/playground-test/src/Feature/Http/Controllers/Resource/Playground/LockJsonTrait.php" line="36" class="Tests\Feature\Playground\Matrix\Api\Http\Controllers\Playground\NoteRouteTest" classname="Tests.Feature.Playground.Matrix.Api.Http.Controllers.Playground.NoteRouteTest" assertions="3" time="0.447460"/>
        <testcase name="test_json_lock_as_admin_and_succeed" file="/app/vendor/gammamatrix/playground-test/src/Feature/Http/Controllers/Resource/Playground/LockJsonTrait.php" line="66" class="Tests\Feature\Playground\Matrix\Api\Http\Controllers\Playground\NoteRouteTest" classname="Tests.Feature.Playground.Matrix.Api.Http.Controllers.Playground.NoteRouteTest" assertions="3" time="0.454038"/>
        <testcase name="test_json_lock_as_admin_and_succeed_with_no_redirect" file="/app/vendor/gammamatrix/playground-test/src/Feature/Http/Controllers/Resource/Playground/LockJsonTrait.php" line="98" class="Tests\Feature\Playground\Matrix\Api\Http\Controllers\Playground\NoteRouteTest" classname="Tests.Feature.Playground.Matrix.Api.Http.Controllers.Playground.NoteRouteTest" assertions="77" time="0.481057"/>
        <testcase name="test_json_lock_as_user_and_get_denied" file="/app/vendor/gammamatrix/playground-test/src/Feature/Http/Controllers/Resource/Playground/LockJsonTrait.php" line="143" class="Tests\Feature\Playground\Matrix\Api\Http\Controllers\Playground\NoteRouteTest" classname="Tests.Feature.Playground.Matrix.Api.Http.Controllers.Playground.NoteRouteTest" assertions="3" time="0.437340"/>
        <testcase name="test_json_guest_cannot_restore" file="/app/vendor/gammamatrix/playground-test/src/Feature/Http/Controllers/Resource/Playground/RestoreJsonTrait.php" line="32" class="Tests\Feature\Playground\Matrix\Api\Http\Controllers\Playground\NoteRouteTest" classname="Tests.Feature.Playground.Matrix.Api.Http.Controllers.Playground.NoteRouteTest" assertions="3" time="0.446827"/>
        <testcase name="test_json_restore_as_admin_and_succeed" file="/app/vendor/gammamatrix/playground-test/src/Feature/Http/Controllers/Resource/Playground/RestoreJsonTrait.php" line="64" class="Tests\Feature\Playground\Matrix\Api\Http\Controllers\Playground\NoteRouteTest" classname="Tests.Feature.Playground.Matrix.Api.Http.Controllers.Playground.NoteRouteTest" assertions="77" time="0.457910"/>
        <testcase name="test_json_restore_as_admin_and_succeed_with_no_redirect" file="/app/vendor/gammamatrix/playground-test/src/Feature/Http/Controllers/Resource/Playground/RestoreJsonTrait.php" line="100" class="Tests\Feature\Playground\Matrix\Api\Http\Controllers\Playground\NoteRouteTest" classname="Tests.Feature.Playground.Matrix.Api.Http.Controllers.Playground.NoteRouteTest" assertions="77" time="0.449083"/>
        <testcase name="test_json_restore_as_user_and_get_denied" file="/app/vendor/gammamatrix/playground-test/src/Feature/Http/Controllers/Resource/Playground/RestoreJsonTrait.php" line="143" class="Tests\Feature\Playground\Matrix\Api\Http\Controllers\Playground\NoteRouteTest" classname="Tests.Feature.Playground.Matrix.Api.Http.Controllers.Playground.NoteRouteTest" assertions="3" time="0.456567"/>
        <testcase name="test_json_guest_cannot_see_info" file="/app/vendor/gammamatrix/playground-test/src/Feature/Http/Controllers/Resource/Playground/ShowJsonTrait.php" line="29" class="Tests\Feature\Playground\Matrix\Api\Http\Controllers\Playground\NoteRouteTest" classname="Tests.Feature.Playground.Matrix.Api.Http.Controllers.Playground.NoteRouteTest" assertions="1" time="0.422171"/>
        <testcase name="test_json_show_info_for_admin" file="/app/vendor/gammamatrix/playground-test/src/Feature/Http/Controllers/Resource/Playground/ShowJsonTrait.php" line="49" class="Tests\Feature\Playground\Matrix\Api\Http\Controllers\Playground\NoteRouteTest" classname="Tests.Feature.Playground.Matrix.Api.Http.Controllers.Playground.NoteRouteTest" assertions="76" time="0.471190"/>
        <testcase name="test_json_guest_cannot_store" file="/app/vendor/gammamatrix/playground-test/src/Feature/Http/Controllers/Resource/Playground/StoreJsonTrait.php" line="43" class="Tests\Feature\Playground\Matrix\Api\Http\Controllers\Playground\NoteRouteTest" classname="Tests.Feature.Playground.Matrix.Api.Http.Controllers.Playground.NoteRouteTest" assertions="3" time="0.420429"/>
        <testcase name="test_json_store_as_admin_without_payload_and_fail_validation" file="/app/vendor/gammamatrix/playground-test/src/Feature/Http/Controllers/Resource/Playground/StoreJsonTrait.php" line="66" class="Tests\Feature\Playground\Matrix\Api\Http\Controllers\Playground\NoteRouteTest" classname="Tests.Feature.Playground.Matrix.Api.Http.Controllers.Playground.NoteRouteTest" assertions="5" time="0.455068"/>
        <testcase name="test_json_store_as_admin_and_succeed" file="/app/vendor/gammamatrix/playground-test/src/Feature/Http/Controllers/Resource/Playground/StoreJsonTrait.php" line="92" class="Tests\Feature\Playground\Matrix\Api\Http\Controllers\Playground\NoteRouteTest" classname="Tests.Feature.Playground.Matrix.Api.Http.Controllers.Playground.NoteRouteTest" assertions="3" time="0.465562"/>
        <testcase name="test_json_guest_cannot_unlock" file="/app/vendor/gammamatrix/playground-test/src/Feature/Http/Controllers/Resource/Playground/UnlockJsonTrait.php" line="36" class="Tests\Feature\Playground\Matrix\Api\Http\Controllers\Playground\NoteRouteTest" classname="Tests.Feature.Playground.Matrix.Api.Http.Controllers.Playground.NoteRouteTest" assertions="3" time="0.433548"/>
        <testcase name="test_json_unlock_as_admin_and_succeed" file="/app/vendor/gammamatrix/playground-test/src/Feature/Http/Controllers/Resource/Playground/UnlockJsonTrait.php" line="68" class="Tests\Feature\Playground\Matrix\Api\Http\Controllers\Playground\NoteRouteTest" classname="Tests.Feature.Playground.Matrix.Api.Http.Controllers.Playground.NoteRouteTest" assertions="77" time="0.464701"/>
        <testcase name="test_json_unlock_as_admin_and_succeed_with_no_redirect" file="/app/vendor/gammamatrix/playground-test/src/Feature/Http/Controllers/Resource/Playground/UnlockJsonTrait.php" line="104" class="Tests\Feature\Playground\Matrix\Api\Http\Controllers\Playground\NoteRouteTest" classname="Tests.Feature.Playground.Matrix.Api.Http.Controllers.Playground.NoteRouteTest" assertions="77" time="0.441919"/>
        <testcase name="test_json_unlock_as_user_and_get_denied" file="/app/vendor/gammamatrix/playground-test/src/Feature/Http/Controllers/Resource/Playground/UnlockJsonTrait.php" line="145" class="Tests\Feature\Playground\Matrix\Api\Http\Controllers\Playground\NoteRouteTest" classname="Tests.Feature.Playground.Matrix.Api.Http.Controllers.Playground.NoteRouteTest" assertions="3" time="0.470666"/>
        <testcase name="test_json_guest_cannot_update" file="/app/vendor/gammamatrix/playground-test/src/Feature/Http/Controllers/Resource/Playground/UpdateJsonTrait.php" line="45" class="Tests\Feature\Playground\Matrix\Api\Http\Controllers\Playground\NoteRouteTest" classname="Tests.Feature.Playground.Matrix.Api.Http.Controllers.Playground.NoteRouteTest" assertions="1" time="0.425959"/>
        <testcase name="test_json_update_as_admin_without_payload_and_fail_validation" file="/app/vendor/gammamatrix/playground-test/src/Feature/Http/Controllers/Resource/Playground/UpdateJsonTrait.php" line="65" class="Tests\Feature\Playground\Matrix\Api\Http\Controllers\Playground\NoteRouteTest" classname="Tests.Feature.Playground.Matrix.Api.Http.Controllers.Playground.NoteRouteTest" assertions="4" time="0.484255"/>
        <testcase name="test_json_admin_can_update" file="/app/vendor/gammamatrix/playground-test/src/Feature/Http/Controllers/Resource/Playground/UpdateJsonTrait.php" line="90" class="Tests\Feature\Playground\Matrix\Api\Http\Controllers\Playground\NoteRouteTest" classname="Tests.Feature.Playground.Matrix.Api.Http.Controllers.Playground.NoteRouteTest" assertions="79" time="0.483423"/>
      </testsuite>
      <testsuite name="Tests\Feature\Playground\Matrix\Api\Http\Controllers\Playground\ProjectRouteTest" file="/app/tests/Feature/Http/Controllers/Playground/ProjectRouteTest.php" tests="35" assertions="1093" errors="0" failures="0" skipped="0" time="16.053343">
        <testcase name="test_json_guest_cannot_get_create_info" file="/app/vendor/gammamatrix/playground-test/src/Feature/Http/Controllers/Resource/Playground/CreateJsonTrait.php" line="38" class="Tests\Feature\Playground\Matrix\Api\Http\Controllers\Playground\ProjectRouteTest" classname="Tests.Feature.Playground.Matrix.Api.Http.Controllers.Playground.ProjectRouteTest" assertions="1" time="0.477628"/>
        <testcase name="test_json_admin_can_get_create_info" file="/app/vendor/gammamatrix/playground-test/src/Feature/Http/Controllers/Resource/Playground/CreateJsonTrait.php" line="53" class="Tests\Feature\Playground\Matrix\Api\Http\Controllers\Playground\ProjectRouteTest" classname="Tests.Feature.Playground.Matrix.Api.Http.Controllers.Playground.ProjectRouteTest" assertions="110" time="0.446449"/>
        <testcase name="test_json_get_create_info_as_admin_with_invalid_parameter_and_fail_validation" file="/app/vendor/gammamatrix/playground-test/src/Feature/Http/Controllers/Resource/Playground/CreateJsonTrait.php" line="73" class="Tests\Feature\Playground\Matrix\Api\Http\Controllers\Playground\ProjectRouteTest" classname="Tests.Feature.Playground.Matrix.Api.Http.Controllers.Playground.ProjectRouteTest" assertions="4" time="0.435024"/>
        <testcase name="test_json_guest_cannot_destroy" file="/app/vendor/gammamatrix/playground-test/src/Feature/Http/Controllers/Resource/Playground/DestroyJsonTrait.php" line="31" class="Tests\Feature\Playground\Matrix\Api\Http\Controllers\Playground\ProjectRouteTest" classname="Tests.Feature.Playground.Matrix.Api.Http.Controllers.Playground.ProjectRouteTest" assertions="3" time="0.451847"/>
        <testcase name="test_json_destroy_as_admin_and_succeed" file="/app/vendor/gammamatrix/playground-test/src/Feature/Http/Controllers/Resource/Playground/DestroyJsonTrait.php" line="61" class="Tests\Feature\Playground\Matrix\Api\Http\Controllers\Playground\ProjectRouteTest" classname="Tests.Feature.Playground.Matrix.Api.Http.Controllers.Playground.ProjectRouteTest" assertions="5" time="0.431910"/>
        <testcase name="test_json_destroy_as_admin_and_succeed_with_force_delete" file="/app/vendor/gammamatrix/playground-test/src/Feature/Http/Controllers/Resource/Playground/DestroyJsonTrait.php" line="100" class="Tests\Feature\Playground\Matrix\Api\Http\Controllers\Playground\ProjectRouteTest" classname="Tests.Feature.Playground.Matrix.Api.Http.Controllers.Playground.ProjectRouteTest" assertions="4" time="0.460402"/>
        <testcase name="test_json_destroy_as_admin_and_succeed_with_no_content" file="/app/vendor/gammamatrix/playground-test/src/Feature/Http/Controllers/Resource/Playground/DestroyJsonTrait.php" line="132" class="Tests\Feature\Playground\Matrix\Api\Http\Controllers\Playground\ProjectRouteTest" classname="Tests.Feature.Playground.Matrix.Api.Http.Controllers.Playground.ProjectRouteTest" assertions="5" time="0.449303"/>
        <testcase name="test_json_destroy_as_admin_and_succeed_and_ignore_redirect" file="/app/vendor/gammamatrix/playground-test/src/Feature/Http/Controllers/Resource/Playground/DestroyJsonTrait.php" line="167" class="Tests\Feature\Playground\Matrix\Api\Http\Controllers\Playground\ProjectRouteTest" classname="Tests.Feature.Playground.Matrix.Api.Http.Controllers.Playground.ProjectRouteTest" assertions="5" time="0.462276"/>
        <testcase name="test_json_destroy_as_user_and_get_denied_and_no_force_delete_allowed" file="/app/vendor/gammamatrix/playground-test/src/Feature/Http/Controllers/Resource/Playground/DestroyJsonTrait.php" line="209" class="Tests\Feature\Playground\Matrix\Api\Http\Controllers\Playground\ProjectRouteTest" classname="Tests.Feature.Playground.Matrix.Api.Http.Controllers.Playground.ProjectRouteTest" assertions="3" time="0.431646"/>
        <testcase name="test_json_guest_cannot_get_edit_info" file="/app/vendor/gammamatrix/playground-test/src/Feature/Http/Controllers/Resource/Playground/EditJsonTrait.php" line="38" class="Tests\Feature\Playground\Matrix\Api\Http\Controllers\Playground\ProjectRouteTest" classname="Tests.Feature.Playground.Matrix.Api.Http.Controllers.Playground.ProjectRouteTest" assertions="1" time="0.428865"/>
        <testcase name="test_json_admin_can_get_edit_info" file="/app/vendor/gammamatrix/playground-test/src/Feature/Http/Controllers/Resource/Playground/EditJsonTrait.php" line="58" class="Tests\Feature\Playground\Matrix\Api\Http\Controllers\Playground\ProjectRouteTest" classname="Tests.Feature.Playground.Matrix.Api.Http.Controllers.Playground.ProjectRouteTest" assertions="4" time="0.487255"/>
        <testcase name="test_json_edit_as_admin_and_fail_validation_with_invalid_parameter" file="/app/vendor/gammamatrix/playground-test/src/Feature/Http/Controllers/Resource/Playground/EditJsonTrait.php" line="87" class="Tests\Feature\Playground\Matrix\Api\Http\Controllers\Playground\ProjectRouteTest" classname="Tests.Feature.Playground.Matrix.Api.Http.Controllers.Playground.ProjectRouteTest" assertions="4" time="0.447847"/>
        <testcase name="test_json_guest_cannot_get_index" file="/app/vendor/gammamatrix/playground-test/src/Feature/Http/Controllers/Resource/Playground/IndexJsonTrait.php" line="34" class="Tests\Feature\Playground\Matrix\Api\Http\Controllers\Playground\ProjectRouteTest" classname="Tests.Feature.Playground.Matrix.Api.Http.Controllers.Playground.ProjectRouteTest" assertions="1" time="0.457273"/>
        <testcase name="test_json_admin_can_get_index" file="/app/vendor/gammamatrix/playground-test/src/Feature/Http/Controllers/Resource/Playground/IndexJsonTrait.php" line="49" class="Tests\Feature\Playground\Matrix\Api\Http\Controllers\Playground\ProjectRouteTest" classname="Tests.Feature.Playground.Matrix.Api.Http.Controllers.Playground.ProjectRouteTest" assertions="117" time="0.471894"/>
        <testcase name="test_json_admin_can_get_index_with_filters" file="/app/vendor/gammamatrix/playground-test/src/Feature/Http/Controllers/Resource/Playground/IndexJsonTrait.php" line="85" class="Tests\Feature\Playground\Matrix\Api\Http\Controllers\Playground\ProjectRouteTest" classname="Tests.Feature.Playground.Matrix.Api.Http.Controllers.Playground.ProjectRouteTest" assertions="3" time="0.483158"/>
        <testcase name="test_json_guest_cannot_lock" file="/app/vendor/gammamatrix/playground-test/src/Feature/Http/Controllers/Resource/Playground/LockJsonTrait.php" line="36" class="Tests\Feature\Playground\Matrix\Api\Http\Controllers\Playground\ProjectRouteTest" classname="Tests.Feature.Playground.Matrix.Api.Http.Controllers.Playground.ProjectRouteTest" assertions="3" time="0.423699"/>
        <testcase name="test_json_lock_as_admin_and_succeed" file="/app/vendor/gammamatrix/playground-test/src/Feature/Http/Controllers/Resource/Playground/LockJsonTrait.php" line="66" class="Tests\Feature\Playground\Matrix\Api\Http\Controllers\Playground\ProjectRouteTest" classname="Tests.Feature.Playground.Matrix.Api.Http.Controllers.Playground.ProjectRouteTest" assertions="3" time="0.477943"/>
        <testcase name="test_json_lock_as_admin_and_succeed_with_no_redirect" file="/app/vendor/gammamatrix/playground-test/src/Feature/Http/Controllers/Resource/Playground/LockJsonTrait.php" line="98" class="Tests\Feature\Playground\Matrix\Api\Http\Controllers\Playground\ProjectRouteTest" classname="Tests.Feature.Playground.Matrix.Api.Http.Controllers.Playground.ProjectRouteTest" assertions="112" time="0.456004"/>
        <testcase name="test_json_lock_as_user_and_get_denied" file="/app/vendor/gammamatrix/playground-test/src/Feature/Http/Controllers/Resource/Playground/LockJsonTrait.php" line="143" class="Tests\Feature\Playground\Matrix\Api\Http\Controllers\Playground\ProjectRouteTest" classname="Tests.Feature.Playground.Matrix.Api.Http.Controllers.Playground.ProjectRouteTest" assertions="3" time="0.438432"/>
        <testcase name="test_json_guest_cannot_restore" file="/app/vendor/gammamatrix/playground-test/src/Feature/Http/Controllers/Resource/Playground/RestoreJsonTrait.php" line="32" class="Tests\Feature\Playground\Matrix\Api\Http\Controllers\Playground\ProjectRouteTest" classname="Tests.Feature.Playground.Matrix.Api.Http.Controllers.Playground.ProjectRouteTest" assertions="3" time="0.454114"/>
        <testcase name="test_json_restore_as_admin_and_succeed" file="/app/vendor/gammamatrix/playground-test/src/Feature/Http/Controllers/Resource/Playground/RestoreJsonTrait.php" line="64" class="Tests\Feature\Playground\Matrix\Api\Http\Controllers\Playground\ProjectRouteTest" classname="Tests.Feature.Playground.Matrix.Api.Http.Controllers.Playground.ProjectRouteTest" assertions="112" time="0.447240"/>
        <testcase name="test_json_restore_as_admin_and_succeed_with_no_redirect" file="/app/vendor/gammamatrix/playground-test/src/Feature/Http/Controllers/Resource/Playground/RestoreJsonTrait.php" line="100" class="Tests\Feature\Playground\Matrix\Api\Http\Controllers\Playground\ProjectRouteTest" classname="Tests.Feature.Playground.Matrix.Api.Http.Controllers.Playground.ProjectRouteTest" assertions="112" time="0.483459"/>
        <testcase name="test_json_restore_as_user_and_get_denied" file="/app/vendor/gammamatrix/playground-test/src/Feature/Http/Controllers/Resource/Playground/RestoreJsonTrait.php" line="143" class="Tests\Feature\Playground\Matrix\Api\Http\Controllers\Playground\ProjectRouteTest" classname="Tests.Feature.Playground.Matrix.Api.Http.Controllers.Playground.ProjectRouteTest" assertions="3" time="0.450371"/>
        <testcase name="test_json_guest_cannot_see_info" file="/app/vendor/gammamatrix/playground-test/src/Feature/Http/Controllers/Resource/Playground/ShowJsonTrait.php" line="29" class="Tests\Feature\Playground\Matrix\Api\Http\Controllers\Playground\ProjectRouteTest" classname="Tests.Feature.Playground.Matrix.Api.Http.Controllers.Playground.ProjectRouteTest" assertions="1" time="0.458474"/>
        <testcase name="test_json_show_info_for_admin" file="/app/vendor/gammamatrix/playground-test/src/Feature/Http/Controllers/Resource/Playground/ShowJsonTrait.php" line="49" class="Tests\Feature\Playground\Matrix\Api\Http\Controllers\Playground\ProjectRouteTest" classname="Tests.Feature.Playground.Matrix.Api.Http.Controllers.Playground.ProjectRouteTest" assertions="111" time="0.453469"/>
        <testcase name="test_json_guest_cannot_store" file="/app/vendor/gammamatrix/playground-test/src/Feature/Http/Controllers/Resource/Playground/StoreJsonTrait.php" line="43" class="Tests\Feature\Playground\Matrix\Api\Http\Controllers\Playground\ProjectRouteTest" classname="Tests.Feature.Playground.Matrix.Api.Http.Controllers.Playground.ProjectRouteTest" assertions="3" time="0.462464"/>
        <testcase name="test_json_store_as_admin_without_payload_and_fail_validation" file="/app/vendor/gammamatrix/playground-test/src/Feature/Http/Controllers/Resource/Playground/StoreJsonTrait.php" line="66" class="Tests\Feature\Playground\Matrix\Api\Http\Controllers\Playground\ProjectRouteTest" classname="Tests.Feature.Playground.Matrix.Api.Http.Controllers.Playground.ProjectRouteTest" assertions="5" time="0.440611"/>
        <testcase name="test_json_store_as_admin_and_succeed" file="/app/vendor/gammamatrix/playground-test/src/Feature/Http/Controllers/Resource/Playground/StoreJsonTrait.php" line="92" class="Tests\Feature\Playground\Matrix\Api\Http\Controllers\Playground\ProjectRouteTest" classname="Tests.Feature.Playground.Matrix.Api.Http.Controllers.Playground.ProjectRouteTest" assertions="3" time="0.471809"/>
        <testcase name="test_json_guest_cannot_unlock" file="/app/vendor/gammamatrix/playground-test/src/Feature/Http/Controllers/Resource/Playground/UnlockJsonTrait.php" line="36" class="Tests\Feature\Playground\Matrix\Api\Http\Controllers\Playground\ProjectRouteTest" classname="Tests.Feature.Playground.Matrix.Api.Http.Controllers.Playground.ProjectRouteTest" assertions="3" time="0.473653"/>
        <testcase name="test_json_unlock_as_admin_and_succeed" file="/app/vendor/gammamatrix/playground-test/src/Feature/Http/Controllers/Resource/Playground/UnlockJsonTrait.php" line="68" class="Tests\Feature\Playground\Matrix\Api\Http\Controllers\Playground\ProjectRouteTest" classname="Tests.Feature.Playground.Matrix.Api.Http.Controllers.Playground.ProjectRouteTest" assertions="112" time="0.451897"/>
        <testcase name="test_json_unlock_as_admin_and_succeed_with_no_redirect" file="/app/vendor/gammamatrix/playground-test/src/Feature/Http/Controllers/Resource/Playground/UnlockJsonTrait.php" line="104" class="Tests\Feature\Playground\Matrix\Api\Http\Controllers\Playground\ProjectRouteTest" classname="Tests.Feature.Playground.Matrix.Api.Http.Controllers.Playground.ProjectRouteTest" assertions="112" time="0.478777"/>
        <testcase name="test_json_unlock_as_user_and_get_denied" file="/app/vendor/gammamatrix/playground-test/src/Feature/Http/Controllers/Resource/Playground/UnlockJsonTrait.php" line="145" class="Tests\Feature\Playground\Matrix\Api\Http\Controllers\Playground\ProjectRouteTest" classname="Tests.Feature.Playground.Matrix.Api.Http.Controllers.Playground.ProjectRouteTest" assertions="3" time="0.436580"/>
        <testcase name="test_json_guest_cannot_update" file="/app/vendor/gammamatrix/playground-test/src/Feature/Http/Controllers/Resource/Playground/UpdateJsonTrait.php" line="45" class="Tests\Feature\Playground\Matrix\Api\Http\Controllers\Playground\ProjectRouteTest" classname="Tests.Feature.Playground.Matrix.Api.Http.Controllers.Playground.ProjectRouteTest" assertions="1" time="0.476672"/>
        <testcase name="test_json_update_as_admin_without_payload_and_fail_validation" file="/app/vendor/gammamatrix/playground-test/src/Feature/Http/Controllers/Resource/Playground/UpdateJsonTrait.php" line="65" class="Tests\Feature\Playground\Matrix\Api\Http\Controllers\Playground\ProjectRouteTest" classname="Tests.Feature.Playground.Matrix.Api.Http.Controllers.Playground.ProjectRouteTest" assertions="4" time="0.459105"/>
        <testcase name="test_json_admin_can_update" file="/app/vendor/gammamatrix/playground-test/src/Feature/Http/Controllers/Resource/Playground/UpdateJsonTrait.php" line="90" class="Tests\Feature\Playground\Matrix\Api\Http\Controllers\Playground\ProjectRouteTest" classname="Tests.Feature.Playground.Matrix.Api.Http.Controllers.Playground.ProjectRouteTest" assertions="114" time="0.535794"/>
      </testsuite>
      <testsuite name="Tests\Feature\Playground\Matrix\Api\Http\Controllers\Playground\ReleaseRouteTest" file="/app/tests/Feature/Http/Controllers/Playground/ReleaseRouteTest.php" tests="35" assertions="1048" errors="0" failures="0" skipped="0" time="16.019723">
        <testcase name="test_json_guest_cannot_get_create_info" file="/app/vendor/gammamatrix/playground-test/src/Feature/Http/Controllers/Resource/Playground/CreateJsonTrait.php" line="38" class="Tests\Feature\Playground\Matrix\Api\Http\Controllers\Playground\ReleaseRouteTest" classname="Tests.Feature.Playground.Matrix.Api.Http.Controllers.Playground.ReleaseRouteTest" assertions="1" time="0.447291"/>
        <testcase name="test_json_admin_can_get_create_info" file="/app/vendor/gammamatrix/playground-test/src/Feature/Http/Controllers/Resource/Playground/CreateJsonTrait.php" line="53" class="Tests\Feature\Playground\Matrix\Api\Http\Controllers\Playground\ReleaseRouteTest" classname="Tests.Feature.Playground.Matrix.Api.Http.Controllers.Playground.ReleaseRouteTest" assertions="105" time="0.442772"/>
        <testcase name="test_json_get_create_info_as_admin_with_invalid_parameter_and_fail_validation" file="/app/vendor/gammamatrix/playground-test/src/Feature/Http/Controllers/Resource/Playground/CreateJsonTrait.php" line="73" class="Tests\Feature\Playground\Matrix\Api\Http\Controllers\Playground\ReleaseRouteTest" classname="Tests.Feature.Playground.Matrix.Api.Http.Controllers.Playground.ReleaseRouteTest" assertions="4" time="0.461192"/>
        <testcase name="test_json_guest_cannot_destroy" file="/app/vendor/gammamatrix/playground-test/src/Feature/Http/Controllers/Resource/Playground/DestroyJsonTrait.php" line="31" class="Tests\Feature\Playground\Matrix\Api\Http\Controllers\Playground\ReleaseRouteTest" classname="Tests.Feature.Playground.Matrix.Api.Http.Controllers.Playground.ReleaseRouteTest" assertions="3" time="0.427523"/>
        <testcase name="test_json_destroy_as_admin_and_succeed" file="/app/vendor/gammamatrix/playground-test/src/Feature/Http/Controllers/Resource/Playground/DestroyJsonTrait.php" line="61" class="Tests\Feature\Playground\Matrix\Api\Http\Controllers\Playground\ReleaseRouteTest" classname="Tests.Feature.Playground.Matrix.Api.Http.Controllers.Playground.ReleaseRouteTest" assertions="5" time="0.467704"/>
        <testcase name="test_json_destroy_as_admin_and_succeed_with_force_delete" file="/app/vendor/gammamatrix/playground-test/src/Feature/Http/Controllers/Resource/Playground/DestroyJsonTrait.php" line="100" class="Tests\Feature\Playground\Matrix\Api\Http\Controllers\Playground\ReleaseRouteTest" classname="Tests.Feature.Playground.Matrix.Api.Http.Controllers.Playground.ReleaseRouteTest" assertions="4" time="0.431009"/>
        <testcase name="test_json_destroy_as_admin_and_succeed_with_no_content" file="/app/vendor/gammamatrix/playground-test/src/Feature/Http/Controllers/Resource/Playground/DestroyJsonTrait.php" line="132" class="Tests\Feature\Playground\Matrix\Api\Http\Controllers\Playground\ReleaseRouteTest" classname="Tests.Feature.Playground.Matrix.Api.Http.Controllers.Playground.ReleaseRouteTest" assertions="5" time="0.481775"/>
        <testcase name="test_json_destroy_as_admin_and_succeed_and_ignore_redirect" file="/app/vendor/gammamatrix/playground-test/src/Feature/Http/Controllers/Resource/Playground/DestroyJsonTrait.php" line="167" class="Tests\Feature\Playground\Matrix\Api\Http\Controllers\Playground\ReleaseRouteTest" classname="Tests.Feature.Playground.Matrix.Api.Http.Controllers.Playground.ReleaseRouteTest" assertions="5" time="0.449220"/>
        <testcase name="test_json_destroy_as_user_and_get_denied_and_no_force_delete_allowed" file="/app/vendor/gammamatrix/playground-test/src/Feature/Http/Controllers/Resource/Playground/DestroyJsonTrait.php" line="209" class="Tests\Feature\Playground\Matrix\Api\Http\Controllers\Playground\ReleaseRouteTest" classname="Tests.Feature.Playground.Matrix.Api.Http.Controllers.Playground.ReleaseRouteTest" assertions="3" time="0.430020"/>
        <testcase name="test_json_guest_cannot_get_edit_info" file="/app/vendor/gammamatrix/playground-test/src/Feature/Http/Controllers/Resource/Playground/EditJsonTrait.php" line="38" class="Tests\Feature\Playground\Matrix\Api\Http\Controllers\Playground\ReleaseRouteTest" classname="Tests.Feature.Playground.Matrix.Api.Http.Controllers.Playground.ReleaseRouteTest" assertions="1" time="0.454492"/>
        <testcase name="test_json_admin_can_get_edit_info" file="/app/vendor/gammamatrix/playground-test/src/Feature/Http/Controllers/Resource/Playground/EditJsonTrait.php" line="58" class="Tests\Feature\Playground\Matrix\Api\Http\Controllers\Playground\ReleaseRouteTest" classname="Tests.Feature.Playground.Matrix.Api.Http.Controllers.Playground.ReleaseRouteTest" assertions="4" time="0.452419"/>
        <testcase name="test_json_edit_as_admin_and_fail_validation_with_invalid_parameter" file="/app/vendor/gammamatrix/playground-test/src/Feature/Http/Controllers/Resource/Playground/EditJsonTrait.php" line="87" class="Tests\Feature\Playground\Matrix\Api\Http\Controllers\Playground\ReleaseRouteTest" classname="Tests.Feature.Playground.Matrix.Api.Http.Controllers.Playground.ReleaseRouteTest" assertions="4" time="0.488190"/>
        <testcase name="test_json_guest_cannot_get_index" file="/app/vendor/gammamatrix/playground-test/src/Feature/Http/Controllers/Resource/Playground/IndexJsonTrait.php" line="34" class="Tests\Feature\Playground\Matrix\Api\Http\Controllers\Playground\ReleaseRouteTest" classname="Tests.Feature.Playground.Matrix.Api.Http.Controllers.Playground.ReleaseRouteTest" assertions="1" time="0.430887"/>
        <testcase name="test_json_admin_can_get_index" file="/app/vendor/gammamatrix/playground-test/src/Feature/Http/Controllers/Resource/Playground/IndexJsonTrait.php" line="49" class="Tests\Feature\Playground\Matrix\Api\Http\Controllers\Playground\ReleaseRouteTest" classname="Tests.Feature.Playground.Matrix.Api.Http.Controllers.Playground.ReleaseRouteTest" assertions="112" time="0.486844"/>
        <testcase name="test_json_admin_can_get_index_with_filters" file="/app/vendor/gammamatrix/playground-test/src/Feature/Http/Controllers/Resource/Playground/IndexJsonTrait.php" line="85" class="Tests\Feature\Playground\Matrix\Api\Http\Controllers\Playground\ReleaseRouteTest" classname="Tests.Feature.Playground.Matrix.Api.Http.Controllers.Playground.ReleaseRouteTest" assertions="3" time="0.452767"/>
        <testcase name="test_json_guest_cannot_lock" file="/app/vendor/gammamatrix/playground-test/src/Feature/Http/Controllers/Resource/Playground/LockJsonTrait.php" line="36" class="Tests\Feature\Playground\Matrix\Api\Http\Controllers\Playground\ReleaseRouteTest" classname="Tests.Feature.Playground.Matrix.Api.Http.Controllers.Playground.ReleaseRouteTest" assertions="3" time="0.455770"/>
        <testcase name="test_json_lock_as_admin_and_succeed" file="/app/vendor/gammamatrix/playground-test/src/Feature/Http/Controllers/Resource/Playground/LockJsonTrait.php" line="66" class="Tests\Feature\Playground\Matrix\Api\Http\Controllers\Playground\ReleaseRouteTest" classname="Tests.Feature.Playground.Matrix.Api.Http.Controllers.Playground.ReleaseRouteTest" assertions="3" time="0.444107"/>
        <testcase name="test_json_lock_as_admin_and_succeed_with_no_redirect" file="/app/vendor/gammamatrix/playground-test/src/Feature/Http/Controllers/Resource/Playground/LockJsonTrait.php" line="98" class="Tests\Feature\Playground\Matrix\Api\Http\Controllers\Playground\ReleaseRouteTest" classname="Tests.Feature.Playground.Matrix.Api.Http.Controllers.Playground.ReleaseRouteTest" assertions="107" time="0.468972"/>
        <testcase name="test_json_lock_as_user_and_get_denied" file="/app/vendor/gammamatrix/playground-test/src/Feature/Http/Controllers/Resource/Playground/LockJsonTrait.php" line="143" class="Tests\Feature\Playground\Matrix\Api\Http\Controllers\Playground\ReleaseRouteTest" classname="Tests.Feature.Playground.Matrix.Api.Http.Controllers.Playground.ReleaseRouteTest" assertions="3" time="0.470610"/>
        <testcase name="test_json_guest_cannot_restore" file="/app/vendor/gammamatrix/playground-test/src/Feature/Http/Controllers/Resource/Playground/RestoreJsonTrait.php" line="32" class="Tests\Feature\Playground\Matrix\Api\Http\Controllers\Playground\ReleaseRouteTest" classname="Tests.Feature.Playground.Matrix.Api.Http.Controllers.Playground.ReleaseRouteTest" assertions="3" time="0.423494"/>
        <testcase name="test_json_restore_as_admin_and_succeed" file="/app/vendor/gammamatrix/playground-test/src/Feature/Http/Controllers/Resource/Playground/RestoreJsonTrait.php" line="64" class="Tests\Feature\Playground\Matrix\Api\Http\Controllers\Playground\ReleaseRouteTest" classname="Tests.Feature.Playground.Matrix.Api.Http.Controllers.Playground.ReleaseRouteTest" assertions="107" time="0.484700"/>
        <testcase name="test_json_restore_as_admin_and_succeed_with_no_redirect" file="/app/vendor/gammamatrix/playground-test/src/Feature/Http/Controllers/Resource/Playground/RestoreJsonTrait.php" line="100" class="Tests\Feature\Playground\Matrix\Api\Http\Controllers\Playground\ReleaseRouteTest" classname="Tests.Feature.Playground.Matrix.Api.Http.Controllers.Playground.ReleaseRouteTest" assertions="107" time="0.448837"/>
        <testcase name="test_json_restore_as_user_and_get_denied" file="/app/vendor/gammamatrix/playground-test/src/Feature/Http/Controllers/Resource/Playground/RestoreJsonTrait.php" line="143" class="Tests\Feature\Playground\Matrix\Api\Http\Controllers\Playground\ReleaseRouteTest" classname="Tests.Feature.Playground.Matrix.Api.Http.Controllers.Playground.ReleaseRouteTest" assertions="3" time="0.497754"/>
        <testcase name="test_json_guest_cannot_see_info" file="/app/vendor/gammamatrix/playground-test/src/Feature/Http/Controllers/Resource/Playground/ShowJsonTrait.php" line="29" class="Tests\Feature\Playground\Matrix\Api\Http\Controllers\Playground\ReleaseRouteTest" classname="Tests.Feature.Playground.Matrix.Api.Http.Controllers.Playground.ReleaseRouteTest" assertions="1" time="0.421429"/>
        <testcase name="test_json_show_info_for_admin" file="/app/vendor/gammamatrix/playground-test/src/Feature/Http/Controllers/Resource/Playground/ShowJsonTrait.php" line="49" class="Tests\Feature\Playground\Matrix\Api\Http\Controllers\Playground\ReleaseRouteTest" classname="Tests.Feature.Playground.Matrix.Api.Http.Controllers.Playground.ReleaseRouteTest" assertions="106" time="0.441548"/>
        <testcase name="test_json_guest_cannot_store" file="/app/vendor/gammamatrix/playground-test/src/Feature/Http/Controllers/Resource/Playground/StoreJsonTrait.php" line="43" class="Tests\Feature\Playground\Matrix\Api\Http\Controllers\Playground\ReleaseRouteTest" classname="Tests.Feature.Playground.Matrix.Api.Http.Controllers.Playground.ReleaseRouteTest" assertions="3" time="0.455078"/>
        <testcase name="test_json_store_as_admin_without_payload_and_fail_validation" file="/app/vendor/gammamatrix/playground-test/src/Feature/Http/Controllers/Resource/Playground/StoreJsonTrait.php" line="66" class="Tests\Feature\Playground\Matrix\Api\Http\Controllers\Playground\ReleaseRouteTest" classname="Tests.Feature.Playground.Matrix.Api.Http.Controllers.Playground.ReleaseRouteTest" assertions="5" time="0.439735"/>
        <testcase name="test_json_store_as_admin_and_succeed" file="/app/vendor/gammamatrix/playground-test/src/Feature/Http/Controllers/Resource/Playground/StoreJsonTrait.php" line="92" class="Tests\Feature\Playground\Matrix\Api\Http\Controllers\Playground\ReleaseRouteTest" classname="Tests.Feature.Playground.Matrix.Api.Http.Controllers.Playground.ReleaseRouteTest" assertions="3" time="0.498259"/>
        <testcase name="test_json_guest_cannot_unlock" file="/app/vendor/gammamatrix/playground-test/src/Feature/Http/Controllers/Resource/Playground/UnlockJsonTrait.php" line="36" class="Tests\Feature\Playground\Matrix\Api\Http\Controllers\Playground\ReleaseRouteTest" classname="Tests.Feature.Playground.Matrix.Api.Http.Controllers.Playground.ReleaseRouteTest" assertions="3" time="0.437203"/>
        <testcase name="test_json_unlock_as_admin_and_succeed" file="/app/vendor/gammamatrix/playground-test/src/Feature/Http/Controllers/Resource/Playground/UnlockJsonTrait.php" line="68" class="Tests\Feature\Playground\Matrix\Api\Http\Controllers\Playground\ReleaseRouteTest" classname="Tests.Feature.Playground.Matrix.Api.Http.Controllers.Playground.ReleaseRouteTest" assertions="107" time="0.486339"/>
        <testcase name="test_json_unlock_as_admin_and_succeed_with_no_redirect" file="/app/vendor/gammamatrix/playground-test/src/Feature/Http/Controllers/Resource/Playground/UnlockJsonTrait.php" line="104" class="Tests\Feature\Playground\Matrix\Api\Http\Controllers\Playground\ReleaseRouteTest" classname="Tests.Feature.Playground.Matrix.Api.Http.Controllers.Playground.ReleaseRouteTest" assertions="107" time="0.445621"/>
        <testcase name="test_json_unlock_as_user_and_get_denied" file="/app/vendor/gammamatrix/playground-test/src/Feature/Http/Controllers/Resource/Playground/UnlockJsonTrait.php" line="145" class="Tests\Feature\Playground\Matrix\Api\Http\Controllers\Playground\ReleaseRouteTest" classname="Tests.Feature.Playground.Matrix.Api.Http.Controllers.Playground.ReleaseRouteTest" assertions="3" time="0.483424"/>
        <testcase name="test_json_guest_cannot_update" file="/app/vendor/gammamatrix/playground-test/src/Feature/Http/Controllers/Resource/Playground/UpdateJsonTrait.php" line="45" class="Tests\Feature\Playground\Matrix\Api\Http\Controllers\Playground\ReleaseRouteTest" classname="Tests.Feature.Playground.Matrix.Api.Http.Controllers.Playground.ReleaseRouteTest" assertions="1" time="0.432757"/>
        <testcase name="test_json_update_as_admin_without_payload_and_fail_validation" file="/app/vendor/gammamatrix/playground-test/src/Feature/Http/Controllers/Resource/Playground/UpdateJsonTrait.php" line="65" class="Tests\Feature\Playground\Matrix\Api\Http\Controllers\Playground\ReleaseRouteTest" classname="Tests.Feature.Playground.Matrix.Api.Http.Controllers.Playground.ReleaseRouteTest" assertions="4" time="0.456357"/>
        <testcase name="test_json_admin_can_update" file="/app/vendor/gammamatrix/playground-test/src/Feature/Http/Controllers/Resource/Playground/UpdateJsonTrait.php" line="90" class="Tests\Feature\Playground\Matrix\Api\Http\Controllers\Playground\ReleaseRouteTest" classname="Tests.Feature.Playground.Matrix.Api.Http.Controllers.Playground.ReleaseRouteTest" assertions="109" time="0.523623"/>
      </testsuite>
      <testsuite name="Tests\Feature\Playground\Matrix\Api\Http\Controllers\Playground\RoadmapRouteTest" file="/app/tests/Feature/Http/Controllers/Playground/RoadmapRouteTest.php" tests="35" assertions="1048" errors="0" failures="0" skipped="0" time="16.070798">
        <testcase name="test_json_guest_cannot_get_create_info" file="/app/vendor/gammamatrix/playground-test/src/Feature/Http/Controllers/Resource/Playground/CreateJsonTrait.php" line="38" class="Tests\Feature\Playground\Matrix\Api\Http\Controllers\Playground\RoadmapRouteTest" classname="Tests.Feature.Playground.Matrix.Api.Http.Controllers.Playground.RoadmapRouteTest" assertions="1" time="0.438134"/>
        <testcase name="test_json_admin_can_get_create_info" file="/app/vendor/gammamatrix/playground-test/src/Feature/Http/Controllers/Resource/Playground/CreateJsonTrait.php" line="53" class="Tests\Feature\Playground\Matrix\Api\Http\Controllers\Playground\RoadmapRouteTest" classname="Tests.Feature.Playground.Matrix.Api.Http.Controllers.Playground.RoadmapRouteTest" assertions="105" time="0.482494"/>
        <testcase name="test_json_get_create_info_as_admin_with_invalid_parameter_and_fail_validation" file="/app/vendor/gammamatrix/playground-test/src/Feature/Http/Controllers/Resource/Playground/CreateJsonTrait.php" line="73" class="Tests\Feature\Playground\Matrix\Api\Http\Controllers\Playground\RoadmapRouteTest" classname="Tests.Feature.Playground.Matrix.Api.Http.Controllers.Playground.RoadmapRouteTest" assertions="4" time="0.435623"/>
        <testcase name="test_json_guest_cannot_destroy" file="/app/vendor/gammamatrix/playground-test/src/Feature/Http/Controllers/Resource/Playground/DestroyJsonTrait.php" line="31" class="Tests\Feature\Playground\Matrix\Api\Http\Controllers\Playground\RoadmapRouteTest" classname="Tests.Feature.Playground.Matrix.Api.Http.Controllers.Playground.RoadmapRouteTest" assertions="3" time="0.464248"/>
        <testcase name="test_json_destroy_as_admin_and_succeed" file="/app/vendor/gammamatrix/playground-test/src/Feature/Http/Controllers/Resource/Playground/DestroyJsonTrait.php" line="61" class="Tests\Feature\Playground\Matrix\Api\Http\Controllers\Playground\RoadmapRouteTest" classname="Tests.Feature.Playground.Matrix.Api.Http.Controllers.Playground.RoadmapRouteTest" assertions="5" time="0.442052"/>
        <testcase name="test_json_destroy_as_admin_and_succeed_with_force_delete" file="/app/vendor/gammamatrix/playground-test/src/Feature/Http/Controllers/Resource/Playground/DestroyJsonTrait.php" line="100" class="Tests\Feature\Playground\Matrix\Api\Http\Controllers\Playground\RoadmapRouteTest" classname="Tests.Feature.Playground.Matrix.Api.Http.Controllers.Playground.RoadmapRouteTest" assertions="4" time="0.469951"/>
        <testcase name="test_json_destroy_as_admin_and_succeed_with_no_content" file="/app/vendor/gammamatrix/playground-test/src/Feature/Http/Controllers/Resource/Playground/DestroyJsonTrait.php" line="132" class="Tests\Feature\Playground\Matrix\Api\Http\Controllers\Playground\RoadmapRouteTest" classname="Tests.Feature.Playground.Matrix.Api.Http.Controllers.Playground.RoadmapRouteTest" assertions="5" time="0.448909"/>
        <testcase name="test_json_destroy_as_admin_and_succeed_and_ignore_redirect" file="/app/vendor/gammamatrix/playground-test/src/Feature/Http/Controllers/Resource/Playground/DestroyJsonTrait.php" line="167" class="Tests\Feature\Playground\Matrix\Api\Http\Controllers\Playground\RoadmapRouteTest" classname="Tests.Feature.Playground.Matrix.Api.Http.Controllers.Playground.RoadmapRouteTest" assertions="5" time="0.448054"/>
        <testcase name="test_json_destroy_as_user_and_get_denied_and_no_force_delete_allowed" file="/app/vendor/gammamatrix/playground-test/src/Feature/Http/Controllers/Resource/Playground/DestroyJsonTrait.php" line="209" class="Tests\Feature\Playground\Matrix\Api\Http\Controllers\Playground\RoadmapRouteTest" classname="Tests.Feature.Playground.Matrix.Api.Http.Controllers.Playground.RoadmapRouteTest" assertions="3" time="0.473416"/>
        <testcase name="test_json_guest_cannot_get_edit_info" file="/app/vendor/gammamatrix/playground-test/src/Feature/Http/Controllers/Resource/Playground/EditJsonTrait.php" line="38" class="Tests\Feature\Playground\Matrix\Api\Http\Controllers\Playground\RoadmapRouteTest" classname="Tests.Feature.Playground.Matrix.Api.Http.Controllers.Playground.RoadmapRouteTest" assertions="1" time="0.419990"/>
        <testcase name="test_json_admin_can_get_edit_info" file="/app/vendor/gammamatrix/playground-test/src/Feature/Http/Controllers/Resource/Playground/EditJsonTrait.php" line="58" class="Tests\Feature\Playground\Matrix\Api\Http\Controllers\Playground\RoadmapRouteTest" classname="Tests.Feature.Playground.Matrix.Api.Http.Controllers.Playground.RoadmapRouteTest" assertions="4" time="0.486985"/>
        <testcase name="test_json_edit_as_admin_and_fail_validation_with_invalid_parameter" file="/app/vendor/gammamatrix/playground-test/src/Feature/Http/Controllers/Resource/Playground/EditJsonTrait.php" line="87" class="Tests\Feature\Playground\Matrix\Api\Http\Controllers\Playground\RoadmapRouteTest" classname="Tests.Feature.Playground.Matrix.Api.Http.Controllers.Playground.RoadmapRouteTest" assertions="4" time="0.449145"/>
        <testcase name="test_json_guest_cannot_get_index" file="/app/vendor/gammamatrix/playground-test/src/Feature/Http/Controllers/Resource/Playground/IndexJsonTrait.php" line="34" class="Tests\Feature\Playground\Matrix\Api\Http\Controllers\Playground\RoadmapRouteTest" classname="Tests.Feature.Playground.Matrix.Api.Http.Controllers.Playground.RoadmapRouteTest" assertions="1" time="0.470227"/>
        <testcase name="test_json_admin_can_get_index" file="/app/vendor/gammamatrix/playground-test/src/Feature/Http/Controllers/Resource/Playground/IndexJsonTrait.php" line="49" class="Tests\Feature\Playground\Matrix\Api\Http\Controllers\Playground\RoadmapRouteTest" classname="Tests.Feature.Playground.Matrix.Api.Http.Controllers.Playground.RoadmapRouteTest" assertions="112" time="0.450317"/>
        <testcase name="test_json_admin_can_get_index_with_filters" file="/app/vendor/gammamatrix/playground-test/src/Feature/Http/Controllers/Resource/Playground/IndexJsonTrait.php" line="85" class="Tests\Feature\Playground\Matrix\Api\Http\Controllers\Playground\RoadmapRouteTest" classname="Tests.Feature.Playground.Matrix.Api.Http.Controllers.Playground.RoadmapRouteTest" assertions="3" time="0.450475"/>
        <testcase name="test_json_guest_cannot_lock" file="/app/vendor/gammamatrix/playground-test/src/Feature/Http/Controllers/Resource/Playground/LockJsonTrait.php" line="36" class="Tests\Feature\Playground\Matrix\Api\Http\Controllers\Playground\RoadmapRouteTest" classname="Tests.Feature.Playground.Matrix.Api.Http.Controllers.Playground.RoadmapRouteTest" assertions="3" time="0.448586"/>
        <testcase name="test_json_lock_as_admin_and_succeed" file="/app/vendor/gammamatrix/playground-test/src/Feature/Http/Controllers/Resource/Playground/LockJsonTrait.php" line="66" class="Tests\Feature\Playground\Matrix\Api\Http\Controllers\Playground\RoadmapRouteTest" classname="Tests.Feature.Playground.Matrix.Api.Http.Controllers.Playground.RoadmapRouteTest" assertions="3" time="0.443086"/>
        <testcase name="test_json_lock_as_admin_and_succeed_with_no_redirect" file="/app/vendor/gammamatrix/playground-test/src/Feature/Http/Controllers/Resource/Playground/LockJsonTrait.php" line="98" class="Tests\Feature\Playground\Matrix\Api\Http\Controllers\Playground\RoadmapRouteTest" classname="Tests.Feature.Playground.Matrix.Api.Http.Controllers.Playground.RoadmapRouteTest" assertions="107" time="0.487573"/>
        <testcase name="test_json_lock_as_user_and_get_denied" file="/app/vendor/gammamatrix/playground-test/src/Feature/Http/Controllers/Resource/Playground/LockJsonTrait.php" line="143" class="Tests\Feature\Playground\Matrix\Api\Http\Controllers\Playground\RoadmapRouteTest" classname="Tests.Feature.Playground.Matrix.Api.Http.Controllers.Playground.RoadmapRouteTest" assertions="3" time="0.437298"/>
        <testcase name="test_json_guest_cannot_restore" file="/app/vendor/gammamatrix/playground-test/src/Feature/Http/Controllers/Resource/Playground/RestoreJsonTrait.php" line="32" class="Tests\Feature\Playground\Matrix\Api\Http\Controllers\Playground\RoadmapRouteTest" classname="Tests.Feature.Playground.Matrix.Api.Http.Controllers.Playground.RoadmapRouteTest" assertions="3" time="0.464627"/>
        <testcase name="test_json_restore_as_admin_and_succeed" file="/app/vendor/gammamatrix/playground-test/src/Feature/Http/Controllers/Resource/Playground/RestoreJsonTrait.php" line="64" class="Tests\Feature\Playground\Matrix\Api\Http\Controllers\Playground\RoadmapRouteTest" classname="Tests.Feature.Playground.Matrix.Api.Http.Controllers.Playground.RoadmapRouteTest" assertions="107" time="0.444782"/>
        <testcase name="test_json_restore_as_admin_and_succeed_with_no_redirect" file="/app/vendor/gammamatrix/playground-test/src/Feature/Http/Controllers/Resource/Playground/RestoreJsonTrait.php" line="100" class="Tests\Feature\Playground\Matrix\Api\Http\Controllers\Playground\RoadmapRouteTest" classname="Tests.Feature.Playground.Matrix.Api.Http.Controllers.Playground.RoadmapRouteTest" assertions="107" time="0.496264"/>
        <testcase name="test_json_restore_as_user_and_get_denied" file="/app/vendor/gammamatrix/playground-test/src/Feature/Http/Controllers/Resource/Playground/RestoreJsonTrait.php" line="143" class="Tests\Feature\Playground\Matrix\Api\Http\Controllers\Playground\RoadmapRouteTest" classname="Tests.Feature.Playground.Matrix.Api.Http.Controllers.Playground.RoadmapRouteTest" assertions="3" time="0.449725"/>
        <testcase name="test_json_guest_cannot_see_info" file="/app/vendor/gammamatrix/playground-test/src/Feature/Http/Controllers/Resource/Playground/ShowJsonTrait.php" line="29" class="Tests\Feature\Playground\Matrix\Api\Http\Controllers\Playground\RoadmapRouteTest" classname="Tests.Feature.Playground.Matrix.Api.Http.Controllers.Playground.RoadmapRouteTest" assertions="1" time="0.422906"/>
        <testcase name="test_json_show_info_for_admin" file="/app/vendor/gammamatrix/playground-test/src/Feature/Http/Controllers/Resource/Playground/ShowJsonTrait.php" line="49" class="Tests\Feature\Playground\Matrix\Api\Http\Controllers\Playground\RoadmapRouteTest" classname="Tests.Feature.Playground.Matrix.Api.Http.Controllers.Playground.RoadmapRouteTest" assertions="106" time="0.476217"/>
        <testcase name="test_json_guest_cannot_store" file="/app/vendor/gammamatrix/playground-test/src/Feature/Http/Controllers/Resource/Playground/StoreJsonTrait.php" line="43" class="Tests\Feature\Playground\Matrix\Api\Http\Controllers\Playground\RoadmapRouteTest" classname="Tests.Feature.Playground.Matrix.Api.Http.Controllers.Playground.RoadmapRouteTest" assertions="3" time="0.426315"/>
        <testcase name="test_json_store_as_admin_without_payload_and_fail_validation" file="/app/vendor/gammamatrix/playground-test/src/Feature/Http/Controllers/Resource/Playground/StoreJsonTrait.php" line="66" class="Tests\Feature\Playground\Matrix\Api\Http\Controllers\Playground\RoadmapRouteTest" classname="Tests.Feature.Playground.Matrix.Api.Http.Controllers.Playground.RoadmapRouteTest" assertions="5" time="0.477205"/>
        <testcase name="test_json_store_as_admin_and_succeed" file="/app/vendor/gammamatrix/playground-test/src/Feature/Http/Controllers/Resource/Playground/StoreJsonTrait.php" line="92" class="Tests\Feature\Playground\Matrix\Api\Http\Controllers\Playground\RoadmapRouteTest" classname="Tests.Feature.Playground.Matrix.Api.Http.Controllers.Playground.RoadmapRouteTest" assertions="3" time="0.465784"/>
        <testcase name="test_json_guest_cannot_unlock" file="/app/vendor/gammamatrix/playground-test/src/Feature/Http/Controllers/Resource/Playground/UnlockJsonTrait.php" line="36" class="Tests\Feature\Playground\Matrix\Api\Http\Controllers\Playground\RoadmapRouteTest" classname="Tests.Feature.Playground.Matrix.Api.Http.Controllers.Playground.RoadmapRouteTest" assertions="3" time="0.479588"/>
        <testcase name="test_json_unlock_as_admin_and_succeed" file="/app/vendor/gammamatrix/playground-test/src/Feature/Http/Controllers/Resource/Playground/UnlockJsonTrait.php" line="68" class="Tests\Feature\Playground\Matrix\Api\Http\Controllers\Playground\RoadmapRouteTest" classname="Tests.Feature.Playground.Matrix.Api.Http.Controllers.Playground.RoadmapRouteTest" assertions="107" time="0.454901"/>
        <testcase name="test_json_unlock_as_admin_and_succeed_with_no_redirect" file="/app/vendor/gammamatrix/playground-test/src/Feature/Http/Controllers/Resource/Playground/UnlockJsonTrait.php" line="104" class="Tests\Feature\Playground\Matrix\Api\Http\Controllers\Playground\RoadmapRouteTest" classname="Tests.Feature.Playground.Matrix.Api.Http.Controllers.Playground.RoadmapRouteTest" assertions="107" time="0.451114"/>
        <testcase name="test_json_unlock_as_user_and_get_denied" file="/app/vendor/gammamatrix/playground-test/src/Feature/Http/Controllers/Resource/Playground/UnlockJsonTrait.php" line="145" class="Tests\Feature\Playground\Matrix\Api\Http\Controllers\Playground\RoadmapRouteTest" classname="Tests.Feature.Playground.Matrix.Api.Http.Controllers.Playground.RoadmapRouteTest" assertions="3" time="0.471941"/>
        <testcase name="test_json_guest_cannot_update" file="/app/vendor/gammamatrix/playground-test/src/Feature/Http/Controllers/Resource/Playground/UpdateJsonTrait.php" line="45" class="Tests\Feature\Playground\Matrix\Api\Http\Controllers\Playground\RoadmapRouteTest" classname="Tests.Feature.Playground.Matrix.Api.Http.Controllers.Playground.RoadmapRouteTest" assertions="1" time="0.445446"/>
        <testcase name="test_json_update_as_admin_without_payload_and_fail_validation" file="/app/vendor/gammamatrix/playground-test/src/Feature/Http/Controllers/Resource/Playground/UpdateJsonTrait.php" line="65" class="Tests\Feature\Playground\Matrix\Api\Http\Controllers\Playground\RoadmapRouteTest" classname="Tests.Feature.Playground.Matrix.Api.Http.Controllers.Playground.RoadmapRouteTest" assertions="4" time="0.503963"/>
        <testcase name="test_json_admin_can_update" file="/app/vendor/gammamatrix/playground-test/src/Feature/Http/Controllers/Resource/Playground/UpdateJsonTrait.php" line="90" class="Tests\Feature\Playground\Matrix\Api\Http\Controllers\Playground\RoadmapRouteTest" classname="Tests.Feature.Playground.Matrix.Api.Http.Controllers.Playground.RoadmapRouteTest" assertions="109" time="0.493458"/>
      </testsuite>
      <testsuite name="Tests\Feature\Playground\Matrix\Api\Http\Controllers\Playground\SourceRouteTest" file="/app/tests/Feature/Http/Controllers/Playground/SourceRouteTest.php" tests="35" assertions="904" errors="0" failures="0" skipped="0" time="16.147658">
        <testcase name="test_json_guest_cannot_get_create_info" file="/app/vendor/gammamatrix/playground-test/src/Feature/Http/Controllers/Resource/Playground/CreateJsonTrait.php" line="38" class="Tests\Feature\Playground\Matrix\Api\Http\Controllers\Playground\SourceRouteTest" classname="Tests.Feature.Playground.Matrix.Api.Http.Controllers.Playground.SourceRouteTest" assertions="1" time="0.492353"/>
        <testcase name="test_json_admin_can_get_create_info" file="/app/vendor/gammamatrix/playground-test/src/Feature/Http/Controllers/Resource/Playground/CreateJsonTrait.php" line="53" class="Tests\Feature\Playground\Matrix\Api\Http\Controllers\Playground\SourceRouteTest" classname="Tests.Feature.Playground.Matrix.Api.Http.Controllers.Playground.SourceRouteTest" assertions="89" time="0.450528"/>
        <testcase name="test_json_get_create_info_as_admin_with_invalid_parameter_and_fail_validation" file="/app/vendor/gammamatrix/playground-test/src/Feature/Http/Controllers/Resource/Playground/CreateJsonTrait.php" line="73" class="Tests\Feature\Playground\Matrix\Api\Http\Controllers\Playground\SourceRouteTest" classname="Tests.Feature.Playground.Matrix.Api.Http.Controllers.Playground.SourceRouteTest" assertions="4" time="0.476064"/>
        <testcase name="test_json_guest_cannot_destroy" file="/app/vendor/gammamatrix/playground-test/src/Feature/Http/Controllers/Resource/Playground/DestroyJsonTrait.php" line="31" class="Tests\Feature\Playground\Matrix\Api\Http\Controllers\Playground\SourceRouteTest" classname="Tests.Feature.Playground.Matrix.Api.Http.Controllers.Playground.SourceRouteTest" assertions="3" time="0.427358"/>
        <testcase name="test_json_destroy_as_admin_and_succeed" file="/app/vendor/gammamatrix/playground-test/src/Feature/Http/Controllers/Resource/Playground/DestroyJsonTrait.php" line="61" class="Tests\Feature\Playground\Matrix\Api\Http\Controllers\Playground\SourceRouteTest" classname="Tests.Feature.Playground.Matrix.Api.Http.Controllers.Playground.SourceRouteTest" assertions="5" time="0.435406"/>
        <testcase name="test_json_destroy_as_admin_and_succeed_with_force_delete" file="/app/vendor/gammamatrix/playground-test/src/Feature/Http/Controllers/Resource/Playground/DestroyJsonTrait.php" line="100" class="Tests\Feature\Playground\Matrix\Api\Http\Controllers\Playground\SourceRouteTest" classname="Tests.Feature.Playground.Matrix.Api.Http.Controllers.Playground.SourceRouteTest" assertions="4" time="0.459103"/>
        <testcase name="test_json_destroy_as_admin_and_succeed_with_no_content" file="/app/vendor/gammamatrix/playground-test/src/Feature/Http/Controllers/Resource/Playground/DestroyJsonTrait.php" line="132" class="Tests\Feature\Playground\Matrix\Api\Http\Controllers\Playground\SourceRouteTest" classname="Tests.Feature.Playground.Matrix.Api.Http.Controllers.Playground.SourceRouteTest" assertions="5" time="0.437245"/>
        <testcase name="test_json_destroy_as_admin_and_succeed_and_ignore_redirect" file="/app/vendor/gammamatrix/playground-test/src/Feature/Http/Controllers/Resource/Playground/DestroyJsonTrait.php" line="167" class="Tests\Feature\Playground\Matrix\Api\Http\Controllers\Playground\SourceRouteTest" classname="Tests.Feature.Playground.Matrix.Api.Http.Controllers.Playground.SourceRouteTest" assertions="5" time="0.490827"/>
        <testcase name="test_json_destroy_as_user_and_get_denied_and_no_force_delete_allowed" file="/app/vendor/gammamatrix/playground-test/src/Feature/Http/Controllers/Resource/Playground/DestroyJsonTrait.php" line="209" class="Tests\Feature\Playground\Matrix\Api\Http\Controllers\Playground\SourceRouteTest" classname="Tests.Feature.Playground.Matrix.Api.Http.Controllers.Playground.SourceRouteTest" assertions="3" time="0.434493"/>
        <testcase name="test_json_guest_cannot_get_edit_info" file="/app/vendor/gammamatrix/playground-test/src/Feature/Http/Controllers/Resource/Playground/EditJsonTrait.php" line="38" class="Tests\Feature\Playground\Matrix\Api\Http\Controllers\Playground\SourceRouteTest" classname="Tests.Feature.Playground.Matrix.Api.Http.Controllers.Playground.SourceRouteTest" assertions="1" time="0.462974"/>
        <testcase name="test_json_admin_can_get_edit_info" file="/app/vendor/gammamatrix/playground-test/src/Feature/Http/Controllers/Resource/Playground/EditJsonTrait.php" line="58" class="Tests\Feature\Playground\Matrix\Api\Http\Controllers\Playground\SourceRouteTest" classname="Tests.Feature.Playground.Matrix.Api.Http.Controllers.Playground.SourceRouteTest" assertions="4" time="0.449328"/>
        <testcase name="test_json_edit_as_admin_and_fail_validation_with_invalid_parameter" file="/app/vendor/gammamatrix/playground-test/src/Feature/Http/Controllers/Resource/Playground/EditJsonTrait.php" line="87" class="Tests\Feature\Playground\Matrix\Api\Http\Controllers\Playground\SourceRouteTest" classname="Tests.Feature.Playground.Matrix.Api.Http.Controllers.Playground.SourceRouteTest" assertions="4" time="0.476889"/>
        <testcase name="test_json_guest_cannot_get_index" file="/app/vendor/gammamatrix/playground-test/src/Feature/Http/Controllers/Resource/Playground/IndexJsonTrait.php" line="34" class="Tests\Feature\Playground\Matrix\Api\Http\Controllers\Playground\SourceRouteTest" classname="Tests.Feature.Playground.Matrix.Api.Http.Controllers.Playground.SourceRouteTest" assertions="1" time="0.431168"/>
        <testcase name="test_json_admin_can_get_index" file="/app/vendor/gammamatrix/playground-test/src/Feature/Http/Controllers/Resource/Playground/IndexJsonTrait.php" line="49" class="Tests\Feature\Playground\Matrix\Api\Http\Controllers\Playground\SourceRouteTest" classname="Tests.Feature.Playground.Matrix.Api.Http.Controllers.Playground.SourceRouteTest" assertions="96" time="0.449554"/>
        <testcase name="test_json_admin_can_get_index_with_filters" file="/app/vendor/gammamatrix/playground-test/src/Feature/Http/Controllers/Resource/Playground/IndexJsonTrait.php" line="85" class="Tests\Feature\Playground\Matrix\Api\Http\Controllers\Playground\SourceRouteTest" classname="Tests.Feature.Playground.Matrix.Api.Http.Controllers.Playground.SourceRouteTest" assertions="3" time="0.493448"/>
        <testcase name="test_json_guest_cannot_lock" file="/app/vendor/gammamatrix/playground-test/src/Feature/Http/Controllers/Resource/Playground/LockJsonTrait.php" line="36" class="Tests\Feature\Playground\Matrix\Api\Http\Controllers\Playground\SourceRouteTest" classname="Tests.Feature.Playground.Matrix.Api.Http.Controllers.Playground.SourceRouteTest" assertions="3" time="0.431121"/>
        <testcase name="test_json_lock_as_admin_and_succeed" file="/app/vendor/gammamatrix/playground-test/src/Feature/Http/Controllers/Resource/Playground/LockJsonTrait.php" line="66" class="Tests\Feature\Playground\Matrix\Api\Http\Controllers\Playground\SourceRouteTest" classname="Tests.Feature.Playground.Matrix.Api.Http.Controllers.Playground.SourceRouteTest" assertions="3" time="0.478833"/>
        <testcase name="test_json_lock_as_admin_and_succeed_with_no_redirect" file="/app/vendor/gammamatrix/playground-test/src/Feature/Http/Controllers/Resource/Playground/LockJsonTrait.php" line="98" class="Tests\Feature\Playground\Matrix\Api\Http\Controllers\Playground\SourceRouteTest" classname="Tests.Feature.Playground.Matrix.Api.Http.Controllers.Playground.SourceRouteTest" assertions="91" time="0.450482"/>
        <testcase name="test_json_lock_as_user_and_get_denied" file="/app/vendor/gammamatrix/playground-test/src/Feature/Http/Controllers/Resource/Playground/LockJsonTrait.php" line="143" class="Tests\Feature\Playground\Matrix\Api\Http\Controllers\Playground\SourceRouteTest" classname="Tests.Feature.Playground.Matrix.Api.Http.Controllers.Playground.SourceRouteTest" assertions="3" time="0.482638"/>
        <testcase name="test_json_guest_cannot_restore" file="/app/vendor/gammamatrix/playground-test/src/Feature/Http/Controllers/Resource/Playground/RestoreJsonTrait.php" line="32" class="Tests\Feature\Playground\Matrix\Api\Http\Controllers\Playground\SourceRouteTest" classname="Tests.Feature.Playground.Matrix.Api.Http.Controllers.Playground.SourceRouteTest" assertions="3" time="0.430282"/>
        <testcase name="test_json_restore_as_admin_and_succeed" file="/app/vendor/gammamatrix/playground-test/src/Feature/Http/Controllers/Resource/Playground/RestoreJsonTrait.php" line="64" class="Tests\Feature\Playground\Matrix\Api\Http\Controllers\Playground\SourceRouteTest" classname="Tests.Feature.Playground.Matrix.Api.Http.Controllers.Playground.SourceRouteTest" assertions="91" time="0.443820"/>
        <testcase name="test_json_restore_as_admin_and_succeed_with_no_redirect" file="/app/vendor/gammamatrix/playground-test/src/Feature/Http/Controllers/Resource/Playground/RestoreJsonTrait.php" line="100" class="Tests\Feature\Playground\Matrix\Api\Http\Controllers\Playground\SourceRouteTest" classname="Tests.Feature.Playground.Matrix.Api.Http.Controllers.Playground.SourceRouteTest" assertions="91" time="0.509011"/>
        <testcase name="test_json_restore_as_user_and_get_denied" file="/app/vendor/gammamatrix/playground-test/src/Feature/Http/Controllers/Resource/Playground/RestoreJsonTrait.php" line="143" class="Tests\Feature\Playground\Matrix\Api\Http\Controllers\Playground\SourceRouteTest" classname="Tests.Feature.Playground.Matrix.Api.Http.Controllers.Playground.SourceRouteTest" assertions="3" time="0.448399"/>
        <testcase name="test_json_guest_cannot_see_info" file="/app/vendor/gammamatrix/playground-test/src/Feature/Http/Controllers/Resource/Playground/ShowJsonTrait.php" line="29" class="Tests\Feature\Playground\Matrix\Api\Http\Controllers\Playground\SourceRouteTest" classname="Tests.Feature.Playground.Matrix.Api.Http.Controllers.Playground.SourceRouteTest" assertions="1" time="0.461350"/>
        <testcase name="test_json_show_info_for_admin" file="/app/vendor/gammamatrix/playground-test/src/Feature/Http/Controllers/Resource/Playground/ShowJsonTrait.php" line="49" class="Tests\Feature\Playground\Matrix\Api\Http\Controllers\Playground\SourceRouteTest" classname="Tests.Feature.Playground.Matrix.Api.Http.Controllers.Playground.SourceRouteTest" assertions="90" time="0.437015"/>
        <testcase name="test_json_guest_cannot_store" file="/app/vendor/gammamatrix/playground-test/src/Feature/Http/Controllers/Resource/Playground/StoreJsonTrait.php" line="43" class="Tests\Feature\Playground\Matrix\Api\Http\Controllers\Playground\SourceRouteTest" classname="Tests.Feature.Playground.Matrix.Api.Http.Controllers.Playground.SourceRouteTest" assertions="3" time="0.473538"/>
        <testcase name="test_json_store_as_admin_without_payload_and_fail_validation" file="/app/vendor/gammamatrix/playground-test/src/Feature/Http/Controllers/Resource/Playground/StoreJsonTrait.php" line="66" class="Tests\Feature\Playground\Matrix\Api\Http\Controllers\Playground\SourceRouteTest" classname="Tests.Feature.Playground.Matrix.Api.Http.Controllers.Playground.SourceRouteTest" assertions="5" time="0.435903"/>
        <testcase name="test_json_store_as_admin_and_succeed" file="/app/vendor/gammamatrix/playground-test/src/Feature/Http/Controllers/Resource/Playground/StoreJsonTrait.php" line="92" class="Tests\Feature\Playground\Matrix\Api\Http\Controllers\Playground\SourceRouteTest" classname="Tests.Feature.Playground.Matrix.Api.Http.Controllers.Playground.SourceRouteTest" assertions="3" time="0.522014"/>
        <testcase name="test_json_guest_cannot_unlock" file="/app/vendor/gammamatrix/playground-test/src/Feature/Http/Controllers/Resource/Playground/UnlockJsonTrait.php" line="36" class="Tests\Feature\Playground\Matrix\Api\Http\Controllers\Playground\SourceRouteTest" classname="Tests.Feature.Playground.Matrix.Api.Http.Controllers.Playground.SourceRouteTest" assertions="3" time="0.428870"/>
        <testcase name="test_json_unlock_as_admin_and_succeed" file="/app/vendor/gammamatrix/playground-test/src/Feature/Http/Controllers/Resource/Playground/UnlockJsonTrait.php" line="68" class="Tests\Feature\Playground\Matrix\Api\Http\Controllers\Playground\SourceRouteTest" classname="Tests.Feature.Playground.Matrix.Api.Http.Controllers.Playground.SourceRouteTest" assertions="91" time="0.451911"/>
        <testcase name="test_json_unlock_as_admin_and_succeed_with_no_redirect" file="/app/vendor/gammamatrix/playground-test/src/Feature/Http/Controllers/Resource/Playground/UnlockJsonTrait.php" line="104" class="Tests\Feature\Playground\Matrix\Api\Http\Controllers\Playground\SourceRouteTest" classname="Tests.Feature.Playground.Matrix.Api.Http.Controllers.Playground.SourceRouteTest" assertions="91" time="0.492938"/>
        <testcase name="test_json_unlock_as_user_and_get_denied" file="/app/vendor/gammamatrix/playground-test/src/Feature/Http/Controllers/Resource/Playground/UnlockJsonTrait.php" line="145" class="Tests\Feature\Playground\Matrix\Api\Http\Controllers\Playground\SourceRouteTest" classname="Tests.Feature.Playground.Matrix.Api.Http.Controllers.Playground.SourceRouteTest" assertions="3" time="0.436301"/>
        <testcase name="test_json_guest_cannot_update" file="/app/vendor/gammamatrix/playground-test/src/Feature/Http/Controllers/Resource/Playground/UpdateJsonTrait.php" line="45" class="Tests\Feature\Playground\Matrix\Api\Http\Controllers\Playground\SourceRouteTest" classname="Tests.Feature.Playground.Matrix.Api.Http.Controllers.Playground.SourceRouteTest" assertions="1" time="0.487291"/>
        <testcase name="test_json_update_as_admin_without_payload_and_fail_validation" file="/app/vendor/gammamatrix/playground-test/src/Feature/Http/Controllers/Resource/Playground/UpdateJsonTrait.php" line="65" class="Tests\Feature\Playground\Matrix\Api\Http\Controllers\Playground\SourceRouteTest" classname="Tests.Feature.Playground.Matrix.Api.Http.Controllers.Playground.SourceRouteTest" assertions="4" time="0.453701"/>
        <testcase name="test_json_admin_can_update" file="/app/vendor/gammamatrix/playground-test/src/Feature/Http/Controllers/Resource/Playground/UpdateJsonTrait.php" line="90" class="Tests\Feature\Playground\Matrix\Api\Http\Controllers\Playground\SourceRouteTest" classname="Tests.Feature.Playground.Matrix.Api.Http.Controllers.Playground.SourceRouteTest" assertions="93" time="0.525500"/>
      </testsuite>
      <testsuite name="Tests\Feature\Playground\Matrix\Api\Http\Controllers\Playground\SprintRouteTest" file="/app/tests/Feature/Http/Controllers/Playground/SprintRouteTest.php" tests="35" assertions="1048" errors="0" failures="0" skipped="0" time="16.381060">
        <testcase name="test_json_guest_cannot_get_create_info" file="/app/vendor/gammamatrix/playground-test/src/Feature/Http/Controllers/Resource/Playground/CreateJsonTrait.php" line="38" class="Tests\Feature\Playground\Matrix\Api\Http\Controllers\Playground\SprintRouteTest" classname="Tests.Feature.Playground.Matrix.Api.Http.Controllers.Playground.SprintRouteTest" assertions="1" time="0.453837"/>
        <testcase name="test_json_admin_can_get_create_info" file="/app/vendor/gammamatrix/playground-test/src/Feature/Http/Controllers/Resource/Playground/CreateJsonTrait.php" line="53" class="Tests\Feature\Playground\Matrix\Api\Http\Controllers\Playground\SprintRouteTest" classname="Tests.Feature.Playground.Matrix.Api.Http.Controllers.Playground.SprintRouteTest" assertions="105" time="0.495774"/>
        <testcase name="test_json_get_create_info_as_admin_with_invalid_parameter_and_fail_validation" file="/app/vendor/gammamatrix/playground-test/src/Feature/Http/Controllers/Resource/Playground/CreateJsonTrait.php" line="73" class="Tests\Feature\Playground\Matrix\Api\Http\Controllers\Playground\SprintRouteTest" classname="Tests.Feature.Playground.Matrix.Api.Http.Controllers.Playground.SprintRouteTest" assertions="4" time="0.439705"/>
        <testcase name="test_json_guest_cannot_destroy" file="/app/vendor/gammamatrix/playground-test/src/Feature/Http/Controllers/Resource/Playground/DestroyJsonTrait.php" line="31" class="Tests\Feature\Playground\Matrix\Api\Http\Controllers\Playground\SprintRouteTest" classname="Tests.Feature.Playground.Matrix.Api.Http.Controllers.Playground.SprintRouteTest" assertions="3" time="0.427521"/>
        <testcase name="test_json_destroy_as_admin_and_succeed" file="/app/vendor/gammamatrix/playground-test/src/Feature/Http/Controllers/Resource/Playground/DestroyJsonTrait.php" line="61" class="Tests\Feature\Playground\Matrix\Api\Http\Controllers\Playground\SprintRouteTest" classname="Tests.Feature.Playground.Matrix.Api.Http.Controllers.Playground.SprintRouteTest" assertions="5" time="0.482794"/>
        <testcase name="test_json_destroy_as_admin_and_succeed_with_force_delete" file="/app/vendor/gammamatrix/playground-test/src/Feature/Http/Controllers/Resource/Playground/DestroyJsonTrait.php" line="100" class="Tests\Feature\Playground\Matrix\Api\Http\Controllers\Playground\SprintRouteTest" classname="Tests.Feature.Playground.Matrix.Api.Http.Controllers.Playground.SprintRouteTest" assertions="4" time="0.439391"/>
        <testcase name="test_json_destroy_as_admin_and_succeed_with_no_content" file="/app/vendor/gammamatrix/playground-test/src/Feature/Http/Controllers/Resource/Playground/DestroyJsonTrait.php" line="132" class="Tests\Feature\Playground\Matrix\Api\Http\Controllers\Playground\SprintRouteTest" classname="Tests.Feature.Playground.Matrix.Api.Http.Controllers.Playground.SprintRouteTest" assertions="5" time="0.494271"/>
        <testcase name="test_json_destroy_as_admin_and_succeed_and_ignore_redirect" file="/app/vendor/gammamatrix/playground-test/src/Feature/Http/Controllers/Resource/Playground/DestroyJsonTrait.php" line="167" class="Tests\Feature\Playground\Matrix\Api\Http\Controllers\Playground\SprintRouteTest" classname="Tests.Feature.Playground.Matrix.Api.Http.Controllers.Playground.SprintRouteTest" assertions="5" time="0.439634"/>
        <testcase name="test_json_destroy_as_user_and_get_denied_and_no_force_delete_allowed" file="/app/vendor/gammamatrix/playground-test/src/Feature/Http/Controllers/Resource/Playground/DestroyJsonTrait.php" line="209" class="Tests\Feature\Playground\Matrix\Api\Http\Controllers\Playground\SprintRouteTest" classname="Tests.Feature.Playground.Matrix.Api.Http.Controllers.Playground.SprintRouteTest" assertions="3" time="0.483946"/>
        <testcase name="test_json_guest_cannot_get_edit_info" file="/app/vendor/gammamatrix/playground-test/src/Feature/Http/Controllers/Resource/Playground/EditJsonTrait.php" line="38" class="Tests\Feature\Playground\Matrix\Api\Http\Controllers\Playground\SprintRouteTest" classname="Tests.Feature.Playground.Matrix.Api.Http.Controllers.Playground.SprintRouteTest" assertions="1" time="0.419511"/>
        <testcase name="test_json_admin_can_get_edit_info" file="/app/vendor/gammamatrix/playground-test/src/Feature/Http/Controllers/Resource/Playground/EditJsonTrait.php" line="58" class="Tests\Feature\Playground\Matrix\Api\Http\Controllers\Playground\SprintRouteTest" classname="Tests.Feature.Playground.Matrix.Api.Http.Controllers.Playground.SprintRouteTest" assertions="4" time="0.476673"/>
        <testcase name="test_json_edit_as_admin_and_fail_validation_with_invalid_parameter" file="/app/vendor/gammamatrix/playground-test/src/Feature/Http/Controllers/Resource/Playground/EditJsonTrait.php" line="87" class="Tests\Feature\Playground\Matrix\Api\Http\Controllers\Playground\SprintRouteTest" classname="Tests.Feature.Playground.Matrix.Api.Http.Controllers.Playground.SprintRouteTest" assertions="4" time="0.496901"/>
        <testcase name="test_json_guest_cannot_get_index" file="/app/vendor/gammamatrix/playground-test/src/Feature/Http/Controllers/Resource/Playground/IndexJsonTrait.php" line="34" class="Tests\Feature\Playground\Matrix\Api\Http\Controllers\Playground\SprintRouteTest" classname="Tests.Feature.Playground.Matrix.Api.Http.Controllers.Playground.SprintRouteTest" assertions="1" time="0.475142"/>
        <testcase name="test_json_admin_can_get_index" file="/app/vendor/gammamatrix/playground-test/src/Feature/Http/Controllers/Resource/Playground/IndexJsonTrait.php" line="49" class="Tests\Feature\Playground\Matrix\Api\Http\Controllers\Playground\SprintRouteTest" classname="Tests.Feature.Playground.Matrix.Api.Http.Controllers.Playground.SprintRouteTest" assertions="112" time="0.507113"/>
        <testcase name="test_json_admin_can_get_index_with_filters" file="/app/vendor/gammamatrix/playground-test/src/Feature/Http/Controllers/Resource/Playground/IndexJsonTrait.php" line="85" class="Tests\Feature\Playground\Matrix\Api\Http\Controllers\Playground\SprintRouteTest" classname="Tests.Feature.Playground.Matrix.Api.Http.Controllers.Playground.SprintRouteTest" assertions="3" time="0.455397"/>
        <testcase name="test_json_guest_cannot_lock" file="/app/vendor/gammamatrix/playground-test/src/Feature/Http/Controllers/Resource/Playground/LockJsonTrait.php" line="36" class="Tests\Feature\Playground\Matrix\Api\Http\Controllers\Playground\SprintRouteTest" classname="Tests.Feature.Playground.Matrix.Api.Http.Controllers.Playground.SprintRouteTest" assertions="3" time="0.493479"/>
        <testcase name="test_json_lock_as_admin_and_succeed" file="/app/vendor/gammamatrix/playground-test/src/Feature/Http/Controllers/Resource/Playground/LockJsonTrait.php" line="66" class="Tests\Feature\Playground\Matrix\Api\Http\Controllers\Playground\SprintRouteTest" classname="Tests.Feature.Playground.Matrix.Api.Http.Controllers.Playground.SprintRouteTest" assertions="3" time="0.445138"/>
        <testcase name="test_json_lock_as_admin_and_succeed_with_no_redirect" file="/app/vendor/gammamatrix/playground-test/src/Feature/Http/Controllers/Resource/Playground/LockJsonTrait.php" line="98" class="Tests\Feature\Playground\Matrix\Api\Http\Controllers\Playground\SprintRouteTest" classname="Tests.Feature.Playground.Matrix.Api.Http.Controllers.Playground.SprintRouteTest" assertions="107" time="0.492185"/>
        <testcase name="test_json_lock_as_user_and_get_denied" file="/app/vendor/gammamatrix/playground-test/src/Feature/Http/Controllers/Resource/Playground/LockJsonTrait.php" line="143" class="Tests\Feature\Playground\Matrix\Api\Http\Controllers\Playground\SprintRouteTest" classname="Tests.Feature.Playground.Matrix.Api.Http.Controllers.Playground.SprintRouteTest" assertions="3" time="0.445915"/>
        <testcase name="test_json_guest_cannot_restore" file="/app/vendor/gammamatrix/playground-test/src/Feature/Http/Controllers/Resource/Playground/RestoreJsonTrait.php" line="32" class="Tests\Feature\Playground\Matrix\Api\Http\Controllers\Playground\SprintRouteTest" classname="Tests.Feature.Playground.Matrix.Api.Http.Controllers.Playground.SprintRouteTest" assertions="3" time="0.432907"/>
        <testcase name="test_json_restore_as_admin_and_succeed" file="/app/vendor/gammamatrix/playground-test/src/Feature/Http/Controllers/Resource/Playground/RestoreJsonTrait.php" line="64" class="Tests\Feature\Playground\Matrix\Api\Http\Controllers\Playground\SprintRouteTest" classname="Tests.Feature.Playground.Matrix.Api.Http.Controllers.Playground.SprintRouteTest" assertions="107" time="0.499558"/>
        <testcase name="test_json_restore_as_admin_and_succeed_with_no_redirect" file="/app/vendor/gammamatrix/playground-test/src/Feature/Http/Controllers/Resource/Playground/RestoreJsonTrait.php" line="100" class="Tests\Feature\Playground\Matrix\Api\Http\Controllers\Playground\SprintRouteTest" classname="Tests.Feature.Playground.Matrix.Api.Http.Controllers.Playground.SprintRouteTest" assertions="107" time="0.456553"/>
        <testcase name="test_json_restore_as_user_and_get_denied" file="/app/vendor/gammamatrix/playground-test/src/Feature/Http/Controllers/Resource/Playground/RestoreJsonTrait.php" line="143" class="Tests\Feature\Playground\Matrix\Api\Http\Controllers\Playground\SprintRouteTest" classname="Tests.Feature.Playground.Matrix.Api.Http.Controllers.Playground.SprintRouteTest" assertions="3" time="0.500535"/>
        <testcase name="test_json_guest_cannot_see_info" file="/app/vendor/gammamatrix/playground-test/src/Feature/Http/Controllers/Resource/Playground/ShowJsonTrait.php" line="29" class="Tests\Feature\Playground\Matrix\Api\Http\Controllers\Playground\SprintRouteTest" classname="Tests.Feature.Playground.Matrix.Api.Http.Controllers.Playground.SprintRouteTest" assertions="1" time="0.430166"/>
        <testcase name="test_json_show_info_for_admin" file="/app/vendor/gammamatrix/playground-test/src/Feature/Http/Controllers/Resource/Playground/ShowJsonTrait.php" line="49" class="Tests\Feature\Playground\Matrix\Api\Http\Controllers\Playground\SprintRouteTest" classname="Tests.Feature.Playground.Matrix.Api.Http.Controllers.Playground.SprintRouteTest" assertions="106" time="0.490972"/>
        <testcase name="test_json_guest_cannot_store" file="/app/vendor/gammamatrix/playground-test/src/Feature/Http/Controllers/Resource/Playground/StoreJsonTrait.php" line="43" class="Tests\Feature\Playground\Matrix\Api\Http\Controllers\Playground\SprintRouteTest" classname="Tests.Feature.Playground.Matrix.Api.Http.Controllers.Playground.SprintRouteTest" assertions="3" time="0.427272"/>
        <testcase name="test_json_store_as_admin_without_payload_and_fail_validation" file="/app/vendor/gammamatrix/playground-test/src/Feature/Http/Controllers/Resource/Playground/StoreJsonTrait.php" line="66" class="Tests\Feature\Playground\Matrix\Api\Http\Controllers\Playground\SprintRouteTest" classname="Tests.Feature.Playground.Matrix.Api.Http.Controllers.Playground.SprintRouteTest" assertions="5" time="0.502377"/>
        <testcase name="test_json_store_as_admin_and_succeed" file="/app/vendor/gammamatrix/playground-test/src/Feature/Http/Controllers/Resource/Playground/StoreJsonTrait.php" line="92" class="Tests\Feature\Playground\Matrix\Api\Http\Controllers\Playground\SprintRouteTest" classname="Tests.Feature.Playground.Matrix.Api.Http.Controllers.Playground.SprintRouteTest" assertions="3" time="0.467710"/>
        <testcase name="test_json_guest_cannot_unlock" file="/app/vendor/gammamatrix/playground-test/src/Feature/Http/Controllers/Resource/Playground/UnlockJsonTrait.php" line="36" class="Tests\Feature\Playground\Matrix\Api\Http\Controllers\Playground\SprintRouteTest" classname="Tests.Feature.Playground.Matrix.Api.Http.Controllers.Playground.SprintRouteTest" assertions="3" time="0.427736"/>
        <testcase name="test_json_unlock_as_admin_and_succeed" file="/app/vendor/gammamatrix/playground-test/src/Feature/Http/Controllers/Resource/Playground/UnlockJsonTrait.php" line="68" class="Tests\Feature\Playground\Matrix\Api\Http\Controllers\Playground\SprintRouteTest" classname="Tests.Feature.Playground.Matrix.Api.Http.Controllers.Playground.SprintRouteTest" assertions="107" time="0.510631"/>
        <testcase name="test_json_unlock_as_admin_and_succeed_with_no_redirect" file="/app/vendor/gammamatrix/playground-test/src/Feature/Http/Controllers/Resource/Playground/UnlockJsonTrait.php" line="104" class="Tests\Feature\Playground\Matrix\Api\Http\Controllers\Playground\SprintRouteTest" classname="Tests.Feature.Playground.Matrix.Api.Http.Controllers.Playground.SprintRouteTest" assertions="107" time="0.457464"/>
        <testcase name="test_json_unlock_as_user_and_get_denied" file="/app/vendor/gammamatrix/playground-test/src/Feature/Http/Controllers/Resource/Playground/UnlockJsonTrait.php" line="145" class="Tests\Feature\Playground\Matrix\Api\Http\Controllers\Playground\SprintRouteTest" classname="Tests.Feature.Playground.Matrix.Api.Http.Controllers.Playground.SprintRouteTest" assertions="3" time="0.496416"/>
        <testcase name="test_json_guest_cannot_update" file="/app/vendor/gammamatrix/playground-test/src/Feature/Http/Controllers/Resource/Playground/UpdateJsonTrait.php" line="45" class="Tests\Feature\Playground\Matrix\Api\Http\Controllers\Playground\SprintRouteTest" classname="Tests.Feature.Playground.Matrix.Api.Http.Controllers.Playground.SprintRouteTest" assertions="1" time="0.430949"/>
        <testcase name="test_json_update_as_admin_without_payload_and_fail_validation" file="/app/vendor/gammamatrix/playground-test/src/Feature/Http/Controllers/Resource/Playground/UpdateJsonTrait.php" line="65" class="Tests\Feature\Playground\Matrix\Api\Http\Controllers\Playground\SprintRouteTest" classname="Tests.Feature.Playground.Matrix.Api.Http.Controllers.Playground.SprintRouteTest" assertions="4" time="0.493538"/>
        <testcase name="test_json_admin_can_update" file="/app/vendor/gammamatrix/playground-test/src/Feature/Http/Controllers/Resource/Playground/UpdateJsonTrait.php" line="90" class="Tests\Feature\Playground\Matrix\Api\Http\Controllers\Playground\SprintRouteTest" classname="Tests.Feature.Playground.Matrix.Api.Http.Controllers.Playground.SprintRouteTest" assertions="109" time="0.491952"/>
      </testsuite>
      <testsuite name="Tests\Feature\Playground\Matrix\Api\Http\Controllers\Playground\TagRouteTest" file="/app/tests/Feature/Http/Controllers/Playground/TagRouteTest.php" tests="35" assertions="679" errors="0" failures="0" skipped="0" time="16.171089">
        <testcase name="test_json_guest_cannot_get_create_info" file="/app/vendor/gammamatrix/playground-test/src/Feature/Http/Controllers/Resource/Playground/CreateJsonTrait.php" line="38" class="Tests\Feature\Playground\Matrix\Api\Http\Controllers\Playground\TagRouteTest" classname="Tests.Feature.Playground.Matrix.Api.Http.Controllers.Playground.TagRouteTest" assertions="1" time="0.508335"/>
        <testcase name="test_json_admin_can_get_create_info" file="/app/vendor/gammamatrix/playground-test/src/Feature/Http/Controllers/Resource/Playground/CreateJsonTrait.php" line="53" class="Tests\Feature\Playground\Matrix\Api\Http\Controllers\Playground\TagRouteTest" classname="Tests.Feature.Playground.Matrix.Api.Http.Controllers.Playground.TagRouteTest" assertions="64" time="0.442783"/>
        <testcase name="test_json_get_create_info_as_admin_with_invalid_parameter_and_fail_validation" file="/app/vendor/gammamatrix/playground-test/src/Feature/Http/Controllers/Resource/Playground/CreateJsonTrait.php" line="73" class="Tests\Feature\Playground\Matrix\Api\Http\Controllers\Playground\TagRouteTest" classname="Tests.Feature.Playground.Matrix.Api.Http.Controllers.Playground.TagRouteTest" assertions="4" time="0.428732"/>
        <testcase name="test_json_guest_cannot_destroy" file="/app/vendor/gammamatrix/playground-test/src/Feature/Http/Controllers/Resource/Playground/DestroyJsonTrait.php" line="31" class="Tests\Feature\Playground\Matrix\Api\Http\Controllers\Playground\TagRouteTest" classname="Tests.Feature.Playground.Matrix.Api.Http.Controllers.Playground.TagRouteTest" assertions="3" time="0.478715"/>
        <testcase name="test_json_destroy_as_admin_and_succeed" file="/app/vendor/gammamatrix/playground-test/src/Feature/Http/Controllers/Resource/Playground/DestroyJsonTrait.php" line="61" class="Tests\Feature\Playground\Matrix\Api\Http\Controllers\Playground\TagRouteTest" classname="Tests.Feature.Playground.Matrix.Api.Http.Controllers.Playground.TagRouteTest" assertions="5" time="0.441267"/>
        <testcase name="test_json_destroy_as_admin_and_succeed_with_force_delete" file="/app/vendor/gammamatrix/playground-test/src/Feature/Http/Controllers/Resource/Playground/DestroyJsonTrait.php" line="100" class="Tests\Feature\Playground\Matrix\Api\Http\Controllers\Playground\TagRouteTest" classname="Tests.Feature.Playground.Matrix.Api.Http.Controllers.Playground.TagRouteTest" assertions="4" time="0.487249"/>
        <testcase name="test_json_destroy_as_admin_and_succeed_with_no_content" file="/app/vendor/gammamatrix/playground-test/src/Feature/Http/Controllers/Resource/Playground/DestroyJsonTrait.php" line="132" class="Tests\Feature\Playground\Matrix\Api\Http\Controllers\Playground\TagRouteTest" classname="Tests.Feature.Playground.Matrix.Api.Http.Controllers.Playground.TagRouteTest" assertions="5" time="0.433598"/>
        <testcase name="test_json_destroy_as_admin_and_succeed_and_ignore_redirect" file="/app/vendor/gammamatrix/playground-test/src/Feature/Http/Controllers/Resource/Playground/DestroyJsonTrait.php" line="167" class="Tests\Feature\Playground\Matrix\Api\Http\Controllers\Playground\TagRouteTest" classname="Tests.Feature.Playground.Matrix.Api.Http.Controllers.Playground.TagRouteTest" assertions="5" time="0.485875"/>
        <testcase name="test_json_destroy_as_user_and_get_denied_and_no_force_delete_allowed" file="/app/vendor/gammamatrix/playground-test/src/Feature/Http/Controllers/Resource/Playground/DestroyJsonTrait.php" line="209" class="Tests\Feature\Playground\Matrix\Api\Http\Controllers\Playground\TagRouteTest" classname="Tests.Feature.Playground.Matrix.Api.Http.Controllers.Playground.TagRouteTest" assertions="3" time="0.433763"/>
        <testcase name="test_json_guest_cannot_get_edit_info" file="/app/vendor/gammamatrix/playground-test/src/Feature/Http/Controllers/Resource/Playground/EditJsonTrait.php" line="38" class="Tests\Feature\Playground\Matrix\Api\Http\Controllers\Playground\TagRouteTest" classname="Tests.Feature.Playground.Matrix.Api.Http.Controllers.Playground.TagRouteTest" assertions="1" time="0.423687"/>
        <testcase name="test_json_admin_can_get_edit_info" file="/app/vendor/gammamatrix/playground-test/src/Feature/Http/Controllers/Resource/Playground/EditJsonTrait.php" line="58" class="Tests\Feature\Playground\Matrix\Api\Http\Controllers\Playground\TagRouteTest" classname="Tests.Feature.Playground.Matrix.Api.Http.Controllers.Playground.TagRouteTest" assertions="4" time="0.504268"/>
        <testcase name="test_json_edit_as_admin_and_fail_validation_with_invalid_parameter" file="/app/vendor/gammamatrix/playground-test/src/Feature/Http/Controllers/Resource/Playground/EditJsonTrait.php" line="87" class="Tests\Feature\Playground\Matrix\Api\Http\Controllers\Playground\TagRouteTest" classname="Tests.Feature.Playground.Matrix.Api.Http.Controllers.Playground.TagRouteTest" assertions="4" time="0.447046"/>
        <testcase name="test_json_guest_cannot_get_index" file="/app/vendor/gammamatrix/playground-test/src/Feature/Http/Controllers/Resource/Playground/IndexJsonTrait.php" line="34" class="Tests\Feature\Playground\Matrix\Api\Http\Controllers\Playground\TagRouteTest" classname="Tests.Feature.Playground.Matrix.Api.Http.Controllers.Playground.TagRouteTest" assertions="1" time="0.469248"/>
        <testcase name="test_json_admin_can_get_index" file="/app/vendor/gammamatrix/playground-test/src/Feature/Http/Controllers/Resource/Playground/IndexJsonTrait.php" line="49" class="Tests\Feature\Playground\Matrix\Api\Http\Controllers\Playground\TagRouteTest" classname="Tests.Feature.Playground.Matrix.Api.Http.Controllers.Playground.TagRouteTest" assertions="71" time="0.444187"/>
        <testcase name="test_json_admin_can_get_index_with_filters" file="/app/vendor/gammamatrix/playground-test/src/Feature/Http/Controllers/Resource/Playground/IndexJsonTrait.php" line="85" class="Tests\Feature\Playground\Matrix\Api\Http\Controllers\Playground\TagRouteTest" classname="Tests.Feature.Playground.Matrix.Api.Http.Controllers.Playground.TagRouteTest" assertions="3" time="0.510758"/>
        <testcase name="test_json_guest_cannot_lock" file="/app/vendor/gammamatrix/playground-test/src/Feature/Http/Controllers/Resource/Playground/LockJsonTrait.php" line="36" class="Tests\Feature\Playground\Matrix\Api\Http\Controllers\Playground\TagRouteTest" classname="Tests.Feature.Playground.Matrix.Api.Http.Controllers.Playground.TagRouteTest" assertions="3" time="0.434692"/>
        <testcase name="test_json_lock_as_admin_and_succeed" file="/app/vendor/gammamatrix/playground-test/src/Feature/Http/Controllers/Resource/Playground/LockJsonTrait.php" line="66" class="Tests\Feature\Playground\Matrix\Api\Http\Controllers\Playground\TagRouteTest" classname="Tests.Feature.Playground.Matrix.Api.Http.Controllers.Playground.TagRouteTest" assertions="3" time="0.441546"/>
        <testcase name="test_json_lock_as_admin_and_succeed_with_no_redirect" file="/app/vendor/gammamatrix/playground-test/src/Feature/Http/Controllers/Resource/Playground/LockJsonTrait.php" line="98" class="Tests\Feature\Playground\Matrix\Api\Http\Controllers\Playground\TagRouteTest" classname="Tests.Feature.Playground.Matrix.Api.Http.Controllers.Playground.TagRouteTest" assertions="66" time="0.467056"/>
        <testcase name="test_json_lock_as_user_and_get_denied" file="/app/vendor/gammamatrix/playground-test/src/Feature/Http/Controllers/Resource/Playground/LockJsonTrait.php" line="143" class="Tests\Feature\Playground\Matrix\Api\Http\Controllers\Playground\TagRouteTest" classname="Tests.Feature.Playground.Matrix.Api.Http.Controllers.Playground.TagRouteTest" assertions="3" time="0.436104"/>
        <testcase name="test_json_guest_cannot_restore" file="/app/vendor/gammamatrix/playground-test/src/Feature/Http/Controllers/Resource/Playground/RestoreJsonTrait.php" line="32" class="Tests\Feature\Playground\Matrix\Api\Http\Controllers\Playground\TagRouteTest" classname="Tests.Feature.Playground.Matrix.Api.Http.Controllers.Playground.TagRouteTest" assertions="3" time="0.488300"/>
        <testcase name="test_json_restore_as_admin_and_succeed" file="/app/vendor/gammamatrix/playground-test/src/Feature/Http/Controllers/Resource/Playground/RestoreJsonTrait.php" line="64" class="Tests\Feature\Playground\Matrix\Api\Http\Controllers\Playground\TagRouteTest" classname="Tests.Feature.Playground.Matrix.Api.Http.Controllers.Playground.TagRouteTest" assertions="66" time="0.452614"/>
        <testcase name="test_json_restore_as_admin_and_succeed_with_no_redirect" file="/app/vendor/gammamatrix/playground-test/src/Feature/Http/Controllers/Resource/Playground/RestoreJsonTrait.php" line="100" class="Tests\Feature\Playground\Matrix\Api\Http\Controllers\Playground\TagRouteTest" classname="Tests.Feature.Playground.Matrix.Api.Http.Controllers.Playground.TagRouteTest" assertions="66" time="0.495076"/>
        <testcase name="test_json_restore_as_user_and_get_denied" file="/app/vendor/gammamatrix/playground-test/src/Feature/Http/Controllers/Resource/Playground/RestoreJsonTrait.php" line="143" class="Tests\Feature\Playground\Matrix\Api\Http\Controllers\Playground\TagRouteTest" classname="Tests.Feature.Playground.Matrix.Api.Http.Controllers.Playground.TagRouteTest" assertions="3" time="0.445897"/>
        <testcase name="test_json_guest_cannot_see_info" file="/app/vendor/gammamatrix/playground-test/src/Feature/Http/Controllers/Resource/Playground/ShowJsonTrait.php" line="29" class="Tests\Feature\Playground\Matrix\Api\Http\Controllers\Playground\TagRouteTest" classname="Tests.Feature.Playground.Matrix.Api.Http.Controllers.Playground.TagRouteTest" assertions="1" time="0.484572"/>
        <testcase name="test_json_show_info_for_admin" file="/app/vendor/gammamatrix/playground-test/src/Feature/Http/Controllers/Resource/Playground/ShowJsonTrait.php" line="49" class="Tests\Feature\Playground\Matrix\Api\Http\Controllers\Playground\TagRouteTest" classname="Tests.Feature.Playground.Matrix.Api.Http.Controllers.Playground.TagRouteTest" assertions="65" time="0.441577"/>
        <testcase name="test_json_guest_cannot_store" file="/app/vendor/gammamatrix/playground-test/src/Feature/Http/Controllers/Resource/Playground/StoreJsonTrait.php" line="43" class="Tests\Feature\Playground\Matrix\Api\Http\Controllers\Playground\TagRouteTest" classname="Tests.Feature.Playground.Matrix.Api.Http.Controllers.Playground.TagRouteTest" assertions="3" time="0.429505"/>
        <testcase name="test_json_store_as_admin_without_payload_and_fail_validation" file="/app/vendor/gammamatrix/playground-test/src/Feature/Http/Controllers/Resource/Playground/StoreJsonTrait.php" line="66" class="Tests\Feature\Playground\Matrix\Api\Http\Controllers\Playground\TagRouteTest" classname="Tests.Feature.Playground.Matrix.Api.Http.Controllers.Playground.TagRouteTest" assertions="5" time="0.486612"/>
        <testcase name="test_json_store_as_admin_and_succeed" file="/app/vendor/gammamatrix/playground-test/src/Feature/Http/Controllers/Resource/Playground/StoreJsonTrait.php" line="92" class="Tests\Feature\Playground\Matrix\Api\Http\Controllers\Playground\TagRouteTest" classname="Tests.Feature.Playground.Matrix.Api.Http.Controllers.Playground.TagRouteTest" assertions="3" time="0.464623"/>
        <testcase name="test_json_guest_cannot_unlock" file="/app/vendor/gammamatrix/playground-test/src/Feature/Http/Controllers/Resource/Playground/UnlockJsonTrait.php" line="36" class="Tests\Feature\Playground\Matrix\Api\Http\Controllers\Playground\TagRouteTest" classname="Tests.Feature.Playground.Matrix.Api.Http.Controllers.Playground.TagRouteTest" assertions="3" time="0.470795"/>
        <testcase name="test_json_unlock_as_admin_and_succeed" file="/app/vendor/gammamatrix/playground-test/src/Feature/Http/Controllers/Resource/Playground/UnlockJsonTrait.php" line="68" class="Tests\Feature\Playground\Matrix\Api\Http\Controllers\Playground\TagRouteTest" classname="Tests.Feature.Playground.Matrix.Api.Http.Controllers.Playground.TagRouteTest" assertions="66" time="0.457035"/>
        <testcase name="test_json_unlock_as_admin_and_succeed_with_no_redirect" file="/app/vendor/gammamatrix/playground-test/src/Feature/Http/Controllers/Resource/Playground/UnlockJsonTrait.php" line="104" class="Tests\Feature\Playground\Matrix\Api\Http\Controllers\Playground\TagRouteTest" classname="Tests.Feature.Playground.Matrix.Api.Http.Controllers.Playground.TagRouteTest" assertions="66" time="0.501422"/>
        <testcase name="test_json_unlock_as_user_and_get_denied" file="/app/vendor/gammamatrix/playground-test/src/Feature/Http/Controllers/Resource/Playground/UnlockJsonTrait.php" line="145" class="Tests\Feature\Playground\Matrix\Api\Http\Controllers\Playground\TagRouteTest" classname="Tests.Feature.Playground.Matrix.Api.Http.Controllers.Playground.TagRouteTest" assertions="3" time="0.437660"/>
        <testcase name="test_json_guest_cannot_update" file="/app/vendor/gammamatrix/playground-test/src/Feature/Http/Controllers/Resource/Playground/UpdateJsonTrait.php" line="45" class="Tests\Feature\Playground\Matrix\Api\Http\Controllers\Playground\TagRouteTest" classname="Tests.Feature.Playground.Matrix.Api.Http.Controllers.Playground.TagRouteTest" assertions="1" time="0.422819"/>
        <testcase name="test_json_update_as_admin_without_payload_and_fail_validation" file="/app/vendor/gammamatrix/playground-test/src/Feature/Http/Controllers/Resource/Playground/UpdateJsonTrait.php" line="65" class="Tests\Feature\Playground\Matrix\Api\Http\Controllers\Playground\TagRouteTest" classname="Tests.Feature.Playground.Matrix.Api.Http.Controllers.Playground.TagRouteTest" assertions="4" time="0.497078"/>
        <testcase name="test_json_admin_can_update" file="/app/vendor/gammamatrix/playground-test/src/Feature/Http/Controllers/Resource/Playground/UpdateJsonTrait.php" line="90" class="Tests\Feature\Playground\Matrix\Api\Http\Controllers\Playground\TagRouteTest" classname="Tests.Feature.Playground.Matrix.Api.Http.Controllers.Playground.TagRouteTest" assertions="68" time="0.476593"/>
      </testsuite>
      <testsuite name="Tests\Feature\Playground\Matrix\Api\Http\Controllers\Playground\TeamRouteTest" file="/app/tests/Feature/Http/Controllers/Playground/TeamRouteTest.php" tests="35" assertions="1048" errors="0" failures="0" skipped="0" time="16.396956">
        <testcase name="test_json_guest_cannot_get_create_info" file="/app/vendor/gammamatrix/playground-test/src/Feature/Http/Controllers/Resource/Playground/CreateJsonTrait.php" line="38" class="Tests\Feature\Playground\Matrix\Api\Http\Controllers\Playground\TeamRouteTest" classname="Tests.Feature.Playground.Matrix.Api.Http.Controllers.Playground.TeamRouteTest" assertions="1" time="0.515856"/>
        <testcase name="test_json_admin_can_get_create_info" file="/app/vendor/gammamatrix/playground-test/src/Feature/Http/Controllers/Resource/Playground/CreateJsonTrait.php" line="53" class="Tests\Feature\Playground\Matrix\Api\Http\Controllers\Playground\TeamRouteTest" classname="Tests.Feature.Playground.Matrix.Api.Http.Controllers.Playground.TeamRouteTest" assertions="105" time="0.444274"/>
        <testcase name="test_json_get_create_info_as_admin_with_invalid_parameter_and_fail_validation" file="/app/vendor/gammamatrix/playground-test/src/Feature/Http/Controllers/Resource/Playground/CreateJsonTrait.php" line="73" class="Tests\Feature\Playground\Matrix\Api\Http\Controllers\Playground\TeamRouteTest" classname="Tests.Feature.Playground.Matrix.Api.Http.Controllers.Playground.TeamRouteTest" assertions="4" time="0.479011"/>
        <testcase name="test_json_guest_cannot_destroy" file="/app/vendor/gammamatrix/playground-test/src/Feature/Http/Controllers/Resource/Playground/DestroyJsonTrait.php" line="31" class="Tests\Feature\Playground\Matrix\Api\Http\Controllers\Playground\TeamRouteTest" classname="Tests.Feature.Playground.Matrix.Api.Http.Controllers.Playground.TeamRouteTest" assertions="3" time="0.424302"/>
        <testcase name="test_json_destroy_as_admin_and_succeed" file="/app/vendor/gammamatrix/playground-test/src/Feature/Http/Controllers/Resource/Playground/DestroyJsonTrait.php" line="61" class="Tests\Feature\Playground\Matrix\Api\Http\Controllers\Playground\TeamRouteTest" classname="Tests.Feature.Playground.Matrix.Api.Http.Controllers.Playground.TeamRouteTest" assertions="5" time="0.504611"/>
        <testcase name="test_json_destroy_as_admin_and_succeed_with_force_delete" file="/app/vendor/gammamatrix/playground-test/src/Feature/Http/Controllers/Resource/Playground/DestroyJsonTrait.php" line="100" class="Tests\Feature\Playground\Matrix\Api\Http\Controllers\Playground\TeamRouteTest" classname="Tests.Feature.Playground.Matrix.Api.Http.Controllers.Playground.TeamRouteTest" assertions="4" time="0.432094"/>
        <testcase name="test_json_destroy_as_admin_and_succeed_with_no_content" file="/app/vendor/gammamatrix/playground-test/src/Feature/Http/Controllers/Resource/Playground/DestroyJsonTrait.php" line="132" class="Tests\Feature\Playground\Matrix\Api\Http\Controllers\Playground\TeamRouteTest" classname="Tests.Feature.Playground.Matrix.Api.Http.Controllers.Playground.TeamRouteTest" assertions="5" time="0.432683"/>
        <testcase name="test_json_destroy_as_admin_and_succeed_and_ignore_redirect" file="/app/vendor/gammamatrix/playground-test/src/Feature/Http/Controllers/Resource/Playground/DestroyJsonTrait.php" line="167" class="Tests\Feature\Playground\Matrix\Api\Http\Controllers\Playground\TeamRouteTest" classname="Tests.Feature.Playground.Matrix.Api.Http.Controllers.Playground.TeamRouteTest" assertions="5" time="0.490406"/>
        <testcase name="test_json_destroy_as_user_and_get_denied_and_no_force_delete_allowed" file="/app/vendor/gammamatrix/playground-test/src/Feature/Http/Controllers/Resource/Playground/DestroyJsonTrait.php" line="209" class="Tests\Feature\Playground\Matrix\Api\Http\Controllers\Playground\TeamRouteTest" classname="Tests.Feature.Playground.Matrix.Api.Http.Controllers.Playground.TeamRouteTest" assertions="3" time="0.436121"/>
        <testcase name="test_json_guest_cannot_get_edit_info" file="/app/vendor/gammamatrix/playground-test/src/Feature/Http/Controllers/Resource/Playground/EditJsonTrait.php" line="38" class="Tests\Feature\Playground\Matrix\Api\Http\Controllers\Playground\TeamRouteTest" classname="Tests.Feature.Playground.Matrix.Api.Http.Controllers.Playground.TeamRouteTest" assertions="1" time="0.485183"/>
        <testcase name="test_json_admin_can_get_edit_info" file="/app/vendor/gammamatrix/playground-test/src/Feature/Http/Controllers/Resource/Playground/EditJsonTrait.php" line="58" class="Tests\Feature\Playground\Matrix\Api\Http\Controllers\Playground\TeamRouteTest" classname="Tests.Feature.Playground.Matrix.Api.Http.Controllers.Playground.TeamRouteTest" assertions="4" time="0.442694"/>
        <testcase name="test_json_edit_as_admin_and_fail_validation_with_invalid_parameter" file="/app/vendor/gammamatrix/playground-test/src/Feature/Http/Controllers/Resource/Playground/EditJsonTrait.php" line="87" class="Tests\Feature\Playground\Matrix\Api\Http\Controllers\Playground\TeamRouteTest" classname="Tests.Feature.Playground.Matrix.Api.Http.Controllers.Playground.TeamRouteTest" assertions="4" time="0.505571"/>
        <testcase name="test_json_guest_cannot_get_index" file="/app/vendor/gammamatrix/playground-test/src/Feature/Http/Controllers/Resource/Playground/IndexJsonTrait.php" line="34" class="Tests\Feature\Playground\Matrix\Api\Http\Controllers\Playground\TeamRouteTest" classname="Tests.Feature.Playground.Matrix.Api.Http.Controllers.Playground.TeamRouteTest" assertions="1" time="0.426009"/>
        <testcase name="test_json_admin_can_get_index" file="/app/vendor/gammamatrix/playground-test/src/Feature/Http/Controllers/Resource/Playground/IndexJsonTrait.php" line="49" class="Tests\Feature\Playground\Matrix\Api\Http\Controllers\Playground\TeamRouteTest" classname="Tests.Feature.Playground.Matrix.Api.Http.Controllers.Playground.TeamRouteTest" assertions="112" time="0.449218"/>
        <testcase name="test_json_admin_can_get_index_with_filters" file="/app/vendor/gammamatrix/playground-test/src/Feature/Http/Controllers/Resource/Playground/IndexJsonTrait.php" line="85" class="Tests\Feature\Playground\Matrix\Api\Http\Controllers\Playground\TeamRouteTest" classname="Tests.Feature.Playground.Matrix.Api.Http.Controllers.Playground.TeamRouteTest" assertions="3" time="0.512623"/>
        <testcase name="test_json_guest_cannot_lock" file="/app/vendor/gammamatrix/playground-test/src/Feature/Http/Controllers/Resource/Playground/LockJsonTrait.php" line="36" class="Tests\Feature\Playground\Matrix\Api\Http\Controllers\Playground\TeamRouteTest" classname="Tests.Feature.Playground.Matrix.Api.Http.Controllers.Playground.TeamRouteTest" assertions="3" time="0.429673"/>
        <testcase name="test_json_lock_as_admin_and_succeed" file="/app/vendor/gammamatrix/playground-test/src/Feature/Http/Controllers/Resource/Playground/LockJsonTrait.php" line="66" class="Tests\Feature\Playground\Matrix\Api\Http\Controllers\Playground\TeamRouteTest" classname="Tests.Feature.Playground.Matrix.Api.Http.Controllers.Playground.TeamRouteTest" assertions="3" time="0.495558"/>
        <testcase name="test_json_lock_as_admin_and_succeed_with_no_redirect" file="/app/vendor/gammamatrix/playground-test/src/Feature/Http/Controllers/Resource/Playground/LockJsonTrait.php" line="98" class="Tests\Feature\Playground\Matrix\Api\Http\Controllers\Playground\TeamRouteTest" classname="Tests.Feature.Playground.Matrix.Api.Http.Controllers.Playground.TeamRouteTest" assertions="107" time="0.443733"/>
        <testcase name="test_json_lock_as_user_and_get_denied" file="/app/vendor/gammamatrix/playground-test/src/Feature/Http/Controllers/Resource/Playground/LockJsonTrait.php" line="143" class="Tests\Feature\Playground\Matrix\Api\Http\Controllers\Playground\TeamRouteTest" classname="Tests.Feature.Playground.Matrix.Api.Http.Controllers.Playground.TeamRouteTest" assertions="3" time="0.495119"/>
        <testcase name="test_json_guest_cannot_restore" file="/app/vendor/gammamatrix/playground-test/src/Feature/Http/Controllers/Resource/Playground/RestoreJsonTrait.php" line="32" class="Tests\Feature\Playground\Matrix\Api\Http\Controllers\Playground\TeamRouteTest" classname="Tests.Feature.Playground.Matrix.Api.Http.Controllers.Playground.TeamRouteTest" assertions="3" time="0.437892"/>
        <testcase name="test_json_restore_as_admin_and_succeed" file="/app/vendor/gammamatrix/playground-test/src/Feature/Http/Controllers/Resource/Playground/RestoreJsonTrait.php" line="64" class="Tests\Feature\Playground\Matrix\Api\Http\Controllers\Playground\TeamRouteTest" classname="Tests.Feature.Playground.Matrix.Api.Http.Controllers.Playground.TeamRouteTest" assertions="107" time="0.444819"/>
        <testcase name="test_json_restore_as_admin_and_succeed_with_no_redirect" file="/app/vendor/gammamatrix/playground-test/src/Feature/Http/Controllers/Resource/Playground/RestoreJsonTrait.php" line="100" class="Tests\Feature\Playground\Matrix\Api\Http\Controllers\Playground\TeamRouteTest" classname="Tests.Feature.Playground.Matrix.Api.Http.Controllers.Playground.TeamRouteTest" assertions="107" time="0.482086"/>
        <testcase name="test_json_restore_as_user_and_get_denied" file="/app/vendor/gammamatrix/playground-test/src/Feature/Http/Controllers/Resource/Playground/RestoreJsonTrait.php" line="143" class="Tests\Feature\Playground\Matrix\Api\Http\Controllers\Playground\TeamRouteTest" classname="Tests.Feature.Playground.Matrix.Api.Http.Controllers.Playground.TeamRouteTest" assertions="3" time="0.442381"/>
        <testcase name="test_json_guest_cannot_see_info" file="/app/vendor/gammamatrix/playground-test/src/Feature/Http/Controllers/Resource/Playground/ShowJsonTrait.php" line="29" class="Tests\Feature\Playground\Matrix\Api\Http\Controllers\Playground\TeamRouteTest" classname="Tests.Feature.Playground.Matrix.Api.Http.Controllers.Playground.TeamRouteTest" assertions="1" time="0.492551"/>
        <testcase name="test_json_show_info_for_admin" file="/app/vendor/gammamatrix/playground-test/src/Feature/Http/Controllers/Resource/Playground/ShowJsonTrait.php" line="49" class="Tests\Feature\Playground\Matrix\Api\Http\Controllers\Playground\TeamRouteTest" classname="Tests.Feature.Playground.Matrix.Api.Http.Controllers.Playground.TeamRouteTest" assertions="106" time="0.456142"/>
        <testcase name="test_json_guest_cannot_store" file="/app/vendor/gammamatrix/playground-test/src/Feature/Http/Controllers/Resource/Playground/StoreJsonTrait.php" line="43" class="Tests\Feature\Playground\Matrix\Api\Http\Controllers\Playground\TeamRouteTest" classname="Tests.Feature.Playground.Matrix.Api.Http.Controllers.Playground.TeamRouteTest" assertions="3" time="0.475266"/>
        <testcase name="test_json_store_as_admin_without_payload_and_fail_validation" file="/app/vendor/gammamatrix/playground-test/src/Feature/Http/Controllers/Resource/Playground/StoreJsonTrait.php" line="66" class="Tests\Feature\Playground\Matrix\Api\Http\Controllers\Playground\TeamRouteTest" classname="Tests.Feature.Playground.Matrix.Api.Http.Controllers.Playground.TeamRouteTest" assertions="5" time="0.441628"/>
        <testcase name="test_json_store_as_admin_and_succeed" file="/app/vendor/gammamatrix/playground-test/src/Feature/Http/Controllers/Resource/Playground/StoreJsonTrait.php" line="92" class="Tests\Feature\Playground\Matrix\Api\Http\Controllers\Playground\TeamRouteTest" classname="Tests.Feature.Playground.Matrix.Api.Http.Controllers.Playground.TeamRouteTest" assertions="3" time="0.533295"/>
        <testcase name="test_json_guest_cannot_unlock" file="/app/vendor/gammamatrix/playground-test/src/Feature/Http/Controllers/Resource/Playground/UnlockJsonTrait.php" line="36" class="Tests\Feature\Playground\Matrix\Api\Http\Controllers\Playground\TeamRouteTest" classname="Tests.Feature.Playground.Matrix.Api.Http.Controllers.Playground.TeamRouteTest" assertions="3" time="0.425170"/>
        <testcase name="test_json_unlock_as_admin_and_succeed" file="/app/vendor/gammamatrix/playground-test/src/Feature/Http/Controllers/Resource/Playground/UnlockJsonTrait.php" line="68" class="Tests\Feature\Playground\Matrix\Api\Http\Controllers\Playground\TeamRouteTest" classname="Tests.Feature.Playground.Matrix.Api.Http.Controllers.Playground.TeamRouteTest" assertions="107" time="0.481235"/>
        <testcase name="test_json_unlock_as_admin_and_succeed_with_no_redirect" file="/app/vendor/gammamatrix/playground-test/src/Feature/Http/Controllers/Resource/Playground/UnlockJsonTrait.php" line="104" class="Tests\Feature\Playground\Matrix\Api\Http\Controllers\Playground\TeamRouteTest" classname="Tests.Feature.Playground.Matrix.Api.Http.Controllers.Playground.TeamRouteTest" assertions="107" time="0.507511"/>
        <testcase name="test_json_unlock_as_user_and_get_denied" file="/app/vendor/gammamatrix/playground-test/src/Feature/Http/Controllers/Resource/Playground/UnlockJsonTrait.php" line="145" class="Tests\Feature\Playground\Matrix\Api\Http\Controllers\Playground\TeamRouteTest" classname="Tests.Feature.Playground.Matrix.Api.Http.Controllers.Playground.TeamRouteTest" assertions="3" time="0.439311"/>
        <testcase name="test_json_guest_cannot_update" file="/app/vendor/gammamatrix/playground-test/src/Feature/Http/Controllers/Resource/Playground/UpdateJsonTrait.php" line="45" class="Tests\Feature\Playground\Matrix\Api\Http\Controllers\Playground\TeamRouteTest" classname="Tests.Feature.Playground.Matrix.Api.Http.Controllers.Playground.TeamRouteTest" assertions="1" time="0.478528"/>
        <testcase name="test_json_update_as_admin_without_payload_and_fail_validation" file="/app/vendor/gammamatrix/playground-test/src/Feature/Http/Controllers/Resource/Playground/UpdateJsonTrait.php" line="65" class="Tests\Feature\Playground\Matrix\Api\Http\Controllers\Playground\TeamRouteTest" classname="Tests.Feature.Playground.Matrix.Api.Http.Controllers.Playground.TeamRouteTest" assertions="4" time="0.454850"/>
        <testcase name="test_json_admin_can_update" file="/app/vendor/gammamatrix/playground-test/src/Feature/Http/Controllers/Resource/Playground/UpdateJsonTrait.php" line="90" class="Tests\Feature\Playground\Matrix\Api\Http\Controllers\Playground\TeamRouteTest" classname="Tests.Feature.Playground.Matrix.Api.Http.Controllers.Playground.TeamRouteTest" assertions="109" time="0.559550"/>
      </testsuite>
      <testsuite name="Tests\Feature\Playground\Matrix\Api\Http\Controllers\Playground\TicketRouteTest" file="/app/tests/Feature/Http/Controllers/Playground/TicketRouteTest.php" tests="35" assertions="1282" errors="0" failures="0" skipped="0" time="16.505055">
        <testcase name="test_json_guest_cannot_get_create_info" file="/app/vendor/gammamatrix/playground-test/src/Feature/Http/Controllers/Resource/Playground/CreateJsonTrait.php" line="38" class="Tests\Feature\Playground\Matrix\Api\Http\Controllers\Playground\TicketRouteTest" classname="Tests.Feature.Playground.Matrix.Api.Http.Controllers.Playground.TicketRouteTest" assertions="1" time="0.442241"/>
        <testcase name="test_json_admin_can_get_create_info" file="/app/vendor/gammamatrix/playground-test/src/Feature/Http/Controllers/Resource/Playground/CreateJsonTrait.php" line="53" class="Tests\Feature\Playground\Matrix\Api\Http\Controllers\Playground\TicketRouteTest" classname="Tests.Feature.Playground.Matrix.Api.Http.Controllers.Playground.TicketRouteTest" assertions="131" time="0.509971"/>
        <testcase name="test_json_get_create_info_as_admin_with_invalid_parameter_and_fail_validation" file="/app/vendor/gammamatrix/playground-test/src/Feature/Http/Controllers/Resource/Playground/CreateJsonTrait.php" line="73" class="Tests\Feature\Playground\Matrix\Api\Http\Controllers\Playground\TicketRouteTest" classname="Tests.Feature.Playground.Matrix.Api.Http.Controllers.Playground.TicketRouteTest" assertions="4" time="0.435661"/>
        <testcase name="test_json_guest_cannot_destroy" file="/app/vendor/gammamatrix/playground-test/src/Feature/Http/Controllers/Resource/Playground/DestroyJsonTrait.php" line="31" class="Tests\Feature\Playground\Matrix\Api\Http\Controllers\Playground\TicketRouteTest" classname="Tests.Feature.Playground.Matrix.Api.Http.Controllers.Playground.TicketRouteTest" assertions="3" time="0.433978"/>
        <testcase name="test_json_destroy_as_admin_and_succeed" file="/app/vendor/gammamatrix/playground-test/src/Feature/Http/Controllers/Resource/Playground/DestroyJsonTrait.php" line="61" class="Tests\Feature\Playground\Matrix\Api\Http\Controllers\Playground\TicketRouteTest" classname="Tests.Feature.Playground.Matrix.Api.Http.Controllers.Playground.TicketRouteTest" assertions="5" time="0.493236"/>
        <testcase name="test_json_destroy_as_admin_and_succeed_with_force_delete" file="/app/vendor/gammamatrix/playground-test/src/Feature/Http/Controllers/Resource/Playground/DestroyJsonTrait.php" line="100" class="Tests\Feature\Playground\Matrix\Api\Http\Controllers\Playground\TicketRouteTest" classname="Tests.Feature.Playground.Matrix.Api.Http.Controllers.Playground.TicketRouteTest" assertions="4" time="0.437759"/>
        <testcase name="test_json_destroy_as_admin_and_succeed_with_no_content" file="/app/vendor/gammamatrix/playground-test/src/Feature/Http/Controllers/Resource/Playground/DestroyJsonTrait.php" line="132" class="Tests\Feature\Playground\Matrix\Api\Http\Controllers\Playground\TicketRouteTest" classname="Tests.Feature.Playground.Matrix.Api.Http.Controllers.Playground.TicketRouteTest" assertions="5" time="0.487926"/>
        <testcase name="test_json_destroy_as_admin_and_succeed_and_ignore_redirect" file="/app/vendor/gammamatrix/playground-test/src/Feature/Http/Controllers/Resource/Playground/DestroyJsonTrait.php" line="167" class="Tests\Feature\Playground\Matrix\Api\Http\Controllers\Playground\TicketRouteTest" classname="Tests.Feature.Playground.Matrix.Api.Http.Controllers.Playground.TicketRouteTest" assertions="5" time="0.441247"/>
        <testcase name="test_json_destroy_as_user_and_get_denied_and_no_force_delete_allowed" file="/app/vendor/gammamatrix/playground-test/src/Feature/Http/Controllers/Resource/Playground/DestroyJsonTrait.php" line="209" class="Tests\Feature\Playground\Matrix\Api\Http\Controllers\Playground\TicketRouteTest" classname="Tests.Feature.Playground.Matrix.Api.Http.Controllers.Playground.TicketRouteTest" assertions="3" time="0.506699"/>
        <testcase name="test_json_guest_cannot_get_edit_info" file="/app/vendor/gammamatrix/playground-test/src/Feature/Http/Controllers/Resource/Playground/EditJsonTrait.php" line="38" class="Tests\Feature\Playground\Matrix\Api\Http\Controllers\Playground\TicketRouteTest" classname="Tests.Feature.Playground.Matrix.Api.Http.Controllers.Playground.TicketRouteTest" assertions="1" time="0.421339"/>
        <testcase name="test_json_admin_can_get_edit_info" file="/app/vendor/gammamatrix/playground-test/src/Feature/Http/Controllers/Resource/Playground/EditJsonTrait.php" line="58" class="Tests\Feature\Playground\Matrix\Api\Http\Controllers\Playground\TicketRouteTest" classname="Tests.Feature.Playground.Matrix.Api.Http.Controllers.Playground.TicketRouteTest" assertions="4" time="0.454102"/>
        <testcase name="test_json_edit_as_admin_and_fail_validation_with_invalid_parameter" file="/app/vendor/gammamatrix/playground-test/src/Feature/Http/Controllers/Resource/Playground/EditJsonTrait.php" line="87" class="Tests\Feature\Playground\Matrix\Api\Http\Controllers\Playground\TicketRouteTest" classname="Tests.Feature.Playground.Matrix.Api.Http.Controllers.Playground.TicketRouteTest" assertions="4" time="0.506157"/>
        <testcase name="test_json_guest_cannot_get_index" file="/app/vendor/gammamatrix/playground-test/src/Feature/Http/Controllers/Resource/Playground/IndexJsonTrait.php" line="34" class="Tests\Feature\Playground\Matrix\Api\Http\Controllers\Playground\TicketRouteTest" classname="Tests.Feature.Playground.Matrix.Api.Http.Controllers.Playground.TicketRouteTest" assertions="1" time="0.422942"/>
        <testcase name="test_json_admin_can_get_index" file="/app/vendor/gammamatrix/playground-test/src/Feature/Http/Controllers/Resource/Playground/IndexJsonTrait.php" line="49" class="Tests\Feature\Playground\Matrix\Api\Http\Controllers\Playground\TicketRouteTest" classname="Tests.Feature.Playground.Matrix.Api.Http.Controllers.Playground.TicketRouteTest" assertions="138" time="0.515281"/>
        <testcase name="test_json_admin_can_get_index_with_filters" file="/app/vendor/gammamatrix/playground-test/src/Feature/Http/Controllers/Resource/Playground/IndexJsonTrait.php" line="85" class="Tests\Feature\Playground\Matrix\Api\Http\Controllers\Playground\TicketRouteTest" classname="Tests.Feature.Playground.Matrix.Api.Http.Controllers.Playground.TicketRouteTest" assertions="3" time="0.459081"/>
        <testcase name="test_json_guest_cannot_lock" file="/app/vendor/gammamatrix/playground-test/src/Feature/Http/Controllers/Resource/Playground/LockJsonTrait.php" line="36" class="Tests\Feature\Playground\Matrix\Api\Http\Controllers\Playground\TicketRouteTest" classname="Tests.Feature.Playground.Matrix.Api.Http.Controllers.Playground.TicketRouteTest" assertions="3" time="0.495742"/>
        <testcase name="test_json_lock_as_admin_and_succeed" file="/app/vendor/gammamatrix/playground-test/src/Feature/Http/Controllers/Resource/Playground/LockJsonTrait.php" line="66" class="Tests\Feature\Playground\Matrix\Api\Http\Controllers\Playground\TicketRouteTest" classname="Tests.Feature.Playground.Matrix.Api.Http.Controllers.Playground.TicketRouteTest" assertions="3" time="0.455654"/>
        <testcase name="test_json_lock_as_admin_and_succeed_with_no_redirect" file="/app/vendor/gammamatrix/playground-test/src/Feature/Http/Controllers/Resource/Playground/LockJsonTrait.php" line="98" class="Tests\Feature\Playground\Matrix\Api\Http\Controllers\Playground\TicketRouteTest" classname="Tests.Feature.Playground.Matrix.Api.Http.Controllers.Playground.TicketRouteTest" assertions="133" time="0.509641"/>
        <testcase name="test_json_lock_as_user_and_get_denied" file="/app/vendor/gammamatrix/playground-test/src/Feature/Http/Controllers/Resource/Playground/LockJsonTrait.php" line="143" class="Tests\Feature\Playground\Matrix\Api\Http\Controllers\Playground\TicketRouteTest" classname="Tests.Feature.Playground.Matrix.Api.Http.Controllers.Playground.TicketRouteTest" assertions="3" time="0.447014"/>
        <testcase name="test_json_guest_cannot_restore" file="/app/vendor/gammamatrix/playground-test/src/Feature/Http/Controllers/Resource/Playground/RestoreJsonTrait.php" line="32" class="Tests\Feature\Playground\Matrix\Api\Http\Controllers\Playground\TicketRouteTest" classname="Tests.Feature.Playground.Matrix.Api.Http.Controllers.Playground.TicketRouteTest" assertions="3" time="0.436700"/>
        <testcase name="test_json_restore_as_admin_and_succeed" file="/app/vendor/gammamatrix/playground-test/src/Feature/Http/Controllers/Resource/Playground/RestoreJsonTrait.php" line="64" class="Tests\Feature\Playground\Matrix\Api\Http\Controllers\Playground\TicketRouteTest" classname="Tests.Feature.Playground.Matrix.Api.Http.Controllers.Playground.TicketRouteTest" assertions="133" time="0.506794"/>
        <testcase name="test_json_restore_as_admin_and_succeed_with_no_redirect" file="/app/vendor/gammamatrix/playground-test/src/Feature/Http/Controllers/Resource/Playground/RestoreJsonTrait.php" line="100" class="Tests\Feature\Playground\Matrix\Api\Http\Controllers\Playground\TicketRouteTest" classname="Tests.Feature.Playground.Matrix.Api.Http.Controllers.Playground.TicketRouteTest" assertions="133" time="0.451945"/>
        <testcase name="test_json_restore_as_user_and_get_denied" file="/app/vendor/gammamatrix/playground-test/src/Feature/Http/Controllers/Resource/Playground/RestoreJsonTrait.php" line="143" class="Tests\Feature\Playground\Matrix\Api\Http\Controllers\Playground\TicketRouteTest" classname="Tests.Feature.Playground.Matrix.Api.Http.Controllers.Playground.TicketRouteTest" assertions="3" time="0.504602"/>
        <testcase name="test_json_guest_cannot_see_info" file="/app/vendor/gammamatrix/playground-test/src/Feature/Http/Controllers/Resource/Playground/ShowJsonTrait.php" line="29" class="Tests\Feature\Playground\Matrix\Api\Http\Controllers\Playground\TicketRouteTest" classname="Tests.Feature.Playground.Matrix.Api.Http.Controllers.Playground.TicketRouteTest" assertions="1" time="0.443996"/>
        <testcase name="test_json_show_info_for_admin" file="/app/vendor/gammamatrix/playground-test/src/Feature/Http/Controllers/Resource/Playground/ShowJsonTrait.php" line="49" class="Tests\Feature\Playground\Matrix\Api\Http\Controllers\Playground\TicketRouteTest" classname="Tests.Feature.Playground.Matrix.Api.Http.Controllers.Playground.TicketRouteTest" assertions="132" time="0.502857"/>
        <testcase name="test_json_guest_cannot_store" file="/app/vendor/gammamatrix/playground-test/src/Feature/Http/Controllers/Resource/Playground/StoreJsonTrait.php" line="43" class="Tests\Feature\Playground\Matrix\Api\Http\Controllers\Playground\TicketRouteTest" classname="Tests.Feature.Playground.Matrix.Api.Http.Controllers.Playground.TicketRouteTest" assertions="3" time="0.422450"/>
        <testcase name="test_json_store_as_admin_without_payload_and_fail_validation" file="/app/vendor/gammamatrix/playground-test/src/Feature/Http/Controllers/Resource/Playground/StoreJsonTrait.php" line="66" class="Tests\Feature\Playground\Matrix\Api\Http\Controllers\Playground\TicketRouteTest" classname="Tests.Feature.Playground.Matrix.Api.Http.Controllers.Playground.TicketRouteTest" assertions="5" time="0.507502"/>
        <testcase name="test_json_store_as_admin_and_succeed" file="/app/vendor/gammamatrix/playground-test/src/Feature/Http/Controllers/Resource/Playground/StoreJsonTrait.php" line="92" class="Tests\Feature\Playground\Matrix\Api\Http\Controllers\Playground\TicketRouteTest" classname="Tests.Feature.Playground.Matrix.Api.Http.Controllers.Playground.TicketRouteTest" assertions="3" time="0.481788"/>
        <testcase name="test_json_guest_cannot_unlock" file="/app/vendor/gammamatrix/playground-test/src/Feature/Http/Controllers/Resource/Playground/UnlockJsonTrait.php" line="36" class="Tests\Feature\Playground\Matrix\Api\Http\Controllers\Playground\TicketRouteTest" classname="Tests.Feature.Playground.Matrix.Api.Http.Controllers.Playground.TicketRouteTest" assertions="3" time="0.438667"/>
        <testcase name="test_json_unlock_as_admin_and_succeed" file="/app/vendor/gammamatrix/playground-test/src/Feature/Http/Controllers/Resource/Playground/UnlockJsonTrait.php" line="68" class="Tests\Feature\Playground\Matrix\Api\Http\Controllers\Playground\TicketRouteTest" classname="Tests.Feature.Playground.Matrix.Api.Http.Controllers.Playground.TicketRouteTest" assertions="133" time="0.513310"/>
        <testcase name="test_json_unlock_as_admin_and_succeed_with_no_redirect" file="/app/vendor/gammamatrix/playground-test/src/Feature/Http/Controllers/Resource/Playground/UnlockJsonTrait.php" line="104" class="Tests\Feature\Playground\Matrix\Api\Http\Controllers\Playground\TicketRouteTest" classname="Tests.Feature.Playground.Matrix.Api.Http.Controllers.Playground.TicketRouteTest" assertions="133" time="0.458869"/>
        <testcase name="test_json_unlock_as_user_and_get_denied" file="/app/vendor/gammamatrix/playground-test/src/Feature/Http/Controllers/Resource/Playground/UnlockJsonTrait.php" line="145" class="Tests\Feature\Playground\Matrix\Api\Http\Controllers\Playground\TicketRouteTest" classname="Tests.Feature.Playground.Matrix.Api.Http.Controllers.Playground.TicketRouteTest" assertions="3" time="0.494758"/>
        <testcase name="test_json_guest_cannot_update" file="/app/vendor/gammamatrix/playground-test/src/Feature/Http/Controllers/Resource/Playground/UpdateJsonTrait.php" line="45" class="Tests\Feature\Playground\Matrix\Api\Http\Controllers\Playground\TicketRouteTest" classname="Tests.Feature.Playground.Matrix.Api.Http.Controllers.Playground.TicketRouteTest" assertions="1" time="0.428413"/>
        <testcase name="test_json_update_as_admin_without_payload_and_fail_validation" file="/app/vendor/gammamatrix/playground-test/src/Feature/Http/Controllers/Resource/Playground/UpdateJsonTrait.php" line="65" class="Tests\Feature\Playground\Matrix\Api\Http\Controllers\Playground\TicketRouteTest" classname="Tests.Feature.Playground.Matrix.Api.Http.Controllers.Playground.TicketRouteTest" assertions="4" time="0.527567"/>
        <testcase name="test_json_admin_can_update" file="/app/vendor/gammamatrix/playground-test/src/Feature/Http/Controllers/Resource/Playground/UpdateJsonTrait.php" line="90" class="Tests\Feature\Playground\Matrix\Api\Http\Controllers\Playground\TicketRouteTest" classname="Tests.Feature.Playground.Matrix.Api.Http.Controllers.Playground.TicketRouteTest" assertions="135" time="0.509168"/>
      </testsuite>
      <testsuite name="Tests\Feature\Playground\Matrix\Api\Http\Controllers\Playground\VersionRouteTest" file="/app/tests/Feature/Http/Controllers/Playground/VersionRouteTest.php" tests="35" assertions="931" errors="0" failures="0" skipped="0" time="16.513255">
        <testcase name="test_json_guest_cannot_get_create_info" file="/app/vendor/gammamatrix/playground-test/src/Feature/Http/Controllers/Resource/Playground/CreateJsonTrait.php" line="38" class="Tests\Feature\Playground\Matrix\Api\Http\Controllers\Playground\VersionRouteTest" classname="Tests.Feature.Playground.Matrix.Api.Http.Controllers.Playground.VersionRouteTest" assertions="1" time="0.499528"/>
        <testcase name="test_json_admin_can_get_create_info" file="/app/vendor/gammamatrix/playground-test/src/Feature/Http/Controllers/Resource/Playground/CreateJsonTrait.php" line="53" class="Tests\Feature\Playground\Matrix\Api\Http\Controllers\Playground\VersionRouteTest" classname="Tests.Feature.Playground.Matrix.Api.Http.Controllers.Playground.VersionRouteTest" assertions="92" time="0.453456"/>
        <testcase name="test_json_get_create_info_as_admin_with_invalid_parameter_and_fail_validation" file="/app/vendor/gammamatrix/playground-test/src/Feature/Http/Controllers/Resource/Playground/CreateJsonTrait.php" line="73" class="Tests\Feature\Playground\Matrix\Api\Http\Controllers\Playground\VersionRouteTest" classname="Tests.Feature.Playground.Matrix.Api.Http.Controllers.Playground.VersionRouteTest" assertions="4" time="0.434080"/>
        <testcase name="test_json_guest_cannot_destroy" file="/app/vendor/gammamatrix/playground-test/src/Feature/Http/Controllers/Resource/Playground/DestroyJsonTrait.php" line="31" class="Tests\Feature\Playground\Matrix\Api\Http\Controllers\Playground\VersionRouteTest" classname="Tests.Feature.Playground.Matrix.Api.Http.Controllers.Playground.VersionRouteTest" assertions="3" time="0.479139"/>
        <testcase name="test_json_destroy_as_admin_and_succeed" file="/app/vendor/gammamatrix/playground-test/src/Feature/Http/Controllers/Resource/Playground/DestroyJsonTrait.php" line="61" class="Tests\Feature\Playground\Matrix\Api\Http\Controllers\Playground\VersionRouteTest" classname="Tests.Feature.Playground.Matrix.Api.Http.Controllers.Playground.VersionRouteTest" assertions="5" time="0.440373"/>
        <testcase name="test_json_destroy_as_admin_and_succeed_with_force_delete" file="/app/vendor/gammamatrix/playground-test/src/Feature/Http/Controllers/Resource/Playground/DestroyJsonTrait.php" line="100" class="Tests\Feature\Playground\Matrix\Api\Http\Controllers\Playground\VersionRouteTest" classname="Tests.Feature.Playground.Matrix.Api.Http.Controllers.Playground.VersionRouteTest" assertions="4" time="0.497859"/>
        <testcase name="test_json_destroy_as_admin_and_succeed_with_no_content" file="/app/vendor/gammamatrix/playground-test/src/Feature/Http/Controllers/Resource/Playground/DestroyJsonTrait.php" line="132" class="Tests\Feature\Playground\Matrix\Api\Http\Controllers\Playground\VersionRouteTest" classname="Tests.Feature.Playground.Matrix.Api.Http.Controllers.Playground.VersionRouteTest" assertions="5" time="0.441339"/>
        <testcase name="test_json_destroy_as_admin_and_succeed_and_ignore_redirect" file="/app/vendor/gammamatrix/playground-test/src/Feature/Http/Controllers/Resource/Playground/DestroyJsonTrait.php" line="167" class="Tests\Feature\Playground\Matrix\Api\Http\Controllers\Playground\VersionRouteTest" classname="Tests.Feature.Playground.Matrix.Api.Http.Controllers.Playground.VersionRouteTest" assertions="5" time="0.504464"/>
        <testcase name="test_json_destroy_as_user_and_get_denied_and_no_force_delete_allowed" file="/app/vendor/gammamatrix/playground-test/src/Feature/Http/Controllers/Resource/Playground/DestroyJsonTrait.php" line="209" class="Tests\Feature\Playground\Matrix\Api\Http\Controllers\Playground\VersionRouteTest" classname="Tests.Feature.Playground.Matrix.Api.Http.Controllers.Playground.VersionRouteTest" assertions="3" time="0.439130"/>
        <testcase name="test_json_guest_cannot_get_edit_info" file="/app/vendor/gammamatrix/playground-test/src/Feature/Http/Controllers/Resource/Playground/EditJsonTrait.php" line="38" class="Tests\Feature\Playground\Matrix\Api\Http\Controllers\Playground\VersionRouteTest" classname="Tests.Feature.Playground.Matrix.Api.Http.Controllers.Playground.VersionRouteTest" assertions="1" time="0.426449"/>
        <testcase name="test_json_admin_can_get_edit_info" file="/app/vendor/gammamatrix/playground-test/src/Feature/Http/Controllers/Resource/Playground/EditJsonTrait.php" line="58" class="Tests\Feature\Playground\Matrix\Api\Http\Controllers\Playground\VersionRouteTest" classname="Tests.Feature.Playground.Matrix.Api.Http.Controllers.Playground.VersionRouteTest" assertions="4" time="0.498437"/>
        <testcase name="test_json_edit_as_admin_and_fail_validation_with_invalid_parameter" file="/app/vendor/gammamatrix/playground-test/src/Feature/Http/Controllers/Resource/Playground/EditJsonTrait.php" line="87" class="Tests\Feature\Playground\Matrix\Api\Http\Controllers\Playground\VersionRouteTest" classname="Tests.Feature.Playground.Matrix.Api.Http.Controllers.Playground.VersionRouteTest" assertions="4" time="0.460568"/>
        <testcase name="test_json_guest_cannot_get_index" file="/app/vendor/gammamatrix/playground-test/src/Feature/Http/Controllers/Resource/Playground/IndexJsonTrait.php" line="34" class="Tests\Feature\Playground\Matrix\Api\Http\Controllers\Playground\VersionRouteTest" classname="Tests.Feature.Playground.Matrix.Api.Http.Controllers.Playground.VersionRouteTest" assertions="1" time="0.489665"/>
        <testcase name="test_json_admin_can_get_index" file="/app/vendor/gammamatrix/playground-test/src/Feature/Http/Controllers/Resource/Playground/IndexJsonTrait.php" line="49" class="Tests\Feature\Playground\Matrix\Api\Http\Controllers\Playground\VersionRouteTest" classname="Tests.Feature.Playground.Matrix.Api.Http.Controllers.Playground.VersionRouteTest" assertions="99" time="0.457164"/>
        <testcase name="test_json_admin_can_get_index_with_filters" file="/app/vendor/gammamatrix/playground-test/src/Feature/Http/Controllers/Resource/Playground/IndexJsonTrait.php" line="85" class="Tests\Feature\Playground\Matrix\Api\Http\Controllers\Playground\VersionRouteTest" classname="Tests.Feature.Playground.Matrix.Api.Http.Controllers.Playground.VersionRouteTest" assertions="3" time="0.522244"/>
        <testcase name="test_json_guest_cannot_lock" file="/app/vendor/gammamatrix/playground-test/src/Feature/Http/Controllers/Resource/Playground/LockJsonTrait.php" line="36" class="Tests\Feature\Playground\Matrix\Api\Http\Controllers\Playground\VersionRouteTest" classname="Tests.Feature.Playground.Matrix.Api.Http.Controllers.Playground.VersionRouteTest" assertions="3" time="0.435008"/>
        <testcase name="test_json_lock_as_admin_and_succeed" file="/app/vendor/gammamatrix/playground-test/src/Feature/Http/Controllers/Resource/Playground/LockJsonTrait.php" line="66" class="Tests\Feature\Playground\Matrix\Api\Http\Controllers\Playground\VersionRouteTest" classname="Tests.Feature.Playground.Matrix.Api.Http.Controllers.Playground.VersionRouteTest" assertions="3" time="0.522735"/>
        <testcase name="test_json_lock_as_admin_and_succeed_with_no_redirect" file="/app/vendor/gammamatrix/playground-test/src/Feature/Http/Controllers/Resource/Playground/LockJsonTrait.php" line="98" class="Tests\Feature\Playground\Matrix\Api\Http\Controllers\Playground\VersionRouteTest" classname="Tests.Feature.Playground.Matrix.Api.Http.Controllers.Playground.VersionRouteTest" assertions="94" time="0.446208"/>
        <testcase name="test_json_lock_as_user_and_get_denied" file="/app/vendor/gammamatrix/playground-test/src/Feature/Http/Controllers/Resource/Playground/LockJsonTrait.php" line="143" class="Tests\Feature\Playground\Matrix\Api\Http\Controllers\Playground\VersionRouteTest" classname="Tests.Feature.Playground.Matrix.Api.Http.Controllers.Playground.VersionRouteTest" assertions="3" time="0.438151"/>
        <testcase name="test_json_guest_cannot_restore" file="/app/vendor/gammamatrix/playground-test/src/Feature/Http/Controllers/Resource/Playground/RestoreJsonTrait.php" line="32" class="Tests\Feature\Playground\Matrix\Api\Http\Controllers\Playground\VersionRouteTest" classname="Tests.Feature.Playground.Matrix.Api.Http.Controllers.Playground.VersionRouteTest" assertions="3" time="0.511235"/>
        <testcase name="test_json_restore_as_admin_and_succeed" file="/app/vendor/gammamatrix/playground-test/src/Feature/Http/Controllers/Resource/Playground/RestoreJsonTrait.php" line="64" class="Tests\Feature\Playground\Matrix\Api\Http\Controllers\Playground\VersionRouteTest" classname="Tests.Feature.Playground.Matrix.Api.Http.Controllers.Playground.VersionRouteTest" assertions="94" time="0.452115"/>
        <testcase name="test_json_restore_as_admin_and_succeed_with_no_redirect" file="/app/vendor/gammamatrix/playground-test/src/Feature/Http/Controllers/Resource/Playground/RestoreJsonTrait.php" line="100" class="Tests\Feature\Playground\Matrix\Api\Http\Controllers\Playground\VersionRouteTest" classname="Tests.Feature.Playground.Matrix.Api.Http.Controllers.Playground.VersionRouteTest" assertions="94" time="0.524280"/>
        <testcase name="test_json_restore_as_user_and_get_denied" file="/app/vendor/gammamatrix/playground-test/src/Feature/Http/Controllers/Resource/Playground/RestoreJsonTrait.php" line="143" class="Tests\Feature\Playground\Matrix\Api\Http\Controllers\Playground\VersionRouteTest" classname="Tests.Feature.Playground.Matrix.Api.Http.Controllers.Playground.VersionRouteTest" assertions="3" time="0.438054"/>
        <testcase name="test_json_guest_cannot_see_info" file="/app/vendor/gammamatrix/playground-test/src/Feature/Http/Controllers/Resource/Playground/ShowJsonTrait.php" line="29" class="Tests\Feature\Playground\Matrix\Api\Http\Controllers\Playground\VersionRouteTest" classname="Tests.Feature.Playground.Matrix.Api.Http.Controllers.Playground.VersionRouteTest" assertions="1" time="0.493275"/>
        <testcase name="test_json_show_info_for_admin" file="/app/vendor/gammamatrix/playground-test/src/Feature/Http/Controllers/Resource/Playground/ShowJsonTrait.php" line="49" class="Tests\Feature\Playground\Matrix\Api\Http\Controllers\Playground\VersionRouteTest" classname="Tests.Feature.Playground.Matrix.Api.Http.Controllers.Playground.VersionRouteTest" assertions="93" time="0.446923"/>
        <testcase name="test_json_guest_cannot_store" file="/app/vendor/gammamatrix/playground-test/src/Feature/Http/Controllers/Resource/Playground/StoreJsonTrait.php" line="43" class="Tests\Feature\Playground\Matrix\Api\Http\Controllers\Playground\VersionRouteTest" classname="Tests.Feature.Playground.Matrix.Api.Http.Controllers.Playground.VersionRouteTest" assertions="3" time="0.423094"/>
        <testcase name="test_json_store_as_admin_without_payload_and_fail_validation" file="/app/vendor/gammamatrix/playground-test/src/Feature/Http/Controllers/Resource/Playground/StoreJsonTrait.php" line="66" class="Tests\Feature\Playground\Matrix\Api\Http\Controllers\Playground\VersionRouteTest" classname="Tests.Feature.Playground.Matrix.Api.Http.Controllers.Playground.VersionRouteTest" assertions="5" time="0.527948"/>
        <testcase name="test_json_store_as_admin_and_succeed" file="/app/vendor/gammamatrix/playground-test/src/Feature/Http/Controllers/Resource/Playground/StoreJsonTrait.php" line="92" class="Tests\Feature\Playground\Matrix\Api\Http\Controllers\Playground\VersionRouteTest" classname="Tests.Feature.Playground.Matrix.Api.Http.Controllers.Playground.VersionRouteTest" assertions="3" time="0.466141"/>
        <testcase name="test_json_guest_cannot_unlock" file="/app/vendor/gammamatrix/playground-test/src/Feature/Http/Controllers/Resource/Playground/UnlockJsonTrait.php" line="36" class="Tests\Feature\Playground\Matrix\Api\Http\Controllers\Playground\VersionRouteTest" classname="Tests.Feature.Playground.Matrix.Api.Http.Controllers.Playground.VersionRouteTest" assertions="3" time="0.486542"/>
        <testcase name="test_json_unlock_as_admin_and_succeed" file="/app/vendor/gammamatrix/playground-test/src/Feature/Http/Controllers/Resource/Playground/UnlockJsonTrait.php" line="68" class="Tests\Feature\Playground\Matrix\Api\Http\Controllers\Playground\VersionRouteTest" classname="Tests.Feature.Playground.Matrix.Api.Http.Controllers.Playground.VersionRouteTest" assertions="94" time="0.444814"/>
        <testcase name="test_json_unlock_as_admin_and_succeed_with_no_redirect" file="/app/vendor/gammamatrix/playground-test/src/Feature/Http/Controllers/Resource/Playground/UnlockJsonTrait.php" line="104" class="Tests\Feature\Playground\Matrix\Api\Http\Controllers\Playground\VersionRouteTest" classname="Tests.Feature.Playground.Matrix.Api.Http.Controllers.Playground.VersionRouteTest" assertions="94" time="0.509354"/>
        <testcase name="test_json_unlock_as_user_and_get_denied" file="/app/vendor/gammamatrix/playground-test/src/Feature/Http/Controllers/Resource/Playground/UnlockJsonTrait.php" line="145" class="Tests\Feature\Playground\Matrix\Api\Http\Controllers\Playground\VersionRouteTest" classname="Tests.Feature.Playground.Matrix.Api.Http.Controllers.Playground.VersionRouteTest" assertions="3" time="0.452367"/>
        <testcase name="test_json_guest_cannot_update" file="/app/vendor/gammamatrix/playground-test/src/Feature/Http/Controllers/Resource/Playground/UpdateJsonTrait.php" line="45" class="Tests\Feature\Playground\Matrix\Api\Http\Controllers\Playground\VersionRouteTest" classname="Tests.Feature.Playground.Matrix.Api.Http.Controllers.Playground.VersionRouteTest" assertions="1" time="0.502723"/>
        <testcase name="test_json_update_as_admin_without_payload_and_fail_validation" file="/app/vendor/gammamatrix/playground-test/src/Feature/Http/Controllers/Resource/Playground/UpdateJsonTrait.php" line="65" class="Tests\Feature\Playground\Matrix\Api\Http\Controllers\Playground\VersionRouteTest" classname="Tests.Feature.Playground.Matrix.Api.Http.Controllers.Playground.VersionRouteTest" assertions="4" time="0.451086"/>
        <testcase name="test_json_admin_can_update" file="/app/vendor/gammamatrix/playground-test/src/Feature/Http/Controllers/Resource/Playground/UpdateJsonTrait.php" line="90" class="Tests\Feature\Playground\Matrix\Api\Http\Controllers\Playground\VersionRouteTest" classname="Tests.Feature.Playground.Matrix.Api.Http.Controllers.Playground.VersionRouteTest" assertions="96" time="0.497310"/>
      </testsuite>
      <testsuite name="Tests\Feature\Playground\Matrix\Api\Http\Requests\FormRequest\InstanceTest" file="/app/tests/Feature/Http/Requests/FormRequest/InstanceTest.php" tests="1" assertions="1" errors="0" failures="0" skipped="0" time="0.467468">
        <testcase name="test_FormRequest_authorize_with_admin" file="/app/tests/Feature/Http/Requests/FormRequest/InstanceTest.php" line="21" class="Tests\Feature\Playground\Matrix\Api\Http\Requests\FormRequest\InstanceTest" classname="Tests.Feature.Playground.Matrix.Api.Http.Requests.FormRequest.InstanceTest" assertions="1" time="0.467468"/>
      </testsuite>
    </testsuite>
  </testsuite>
</testsuites>
